Component: ARM Compiler 5.06 update 7 (build 960) Tool: armlink [4d3601]

==============================================================================

Section Cross References

    main.o(i.PrintfLogo) refers to printf8.o(i.__0printf$8) for __2printf
    main.o(i.PrintfLogo) refers to system_stm32h7xx.o(.data) for SystemCoreClock
    main.o(i.SetLed) refers to bsp_led.o(i.bsp_LedOn) for bsp_LedOn
    main.o(i.SetLed) refers to bsp_led.o(i.bsp_LedOff) for bsp_LedOff
    main.o(i.SetLed) refers to modbus_slave.o(.bss) for g_tVar
    main.o(i.main) refers to bsp.o(i.bsp_Init) for bsp_Init
    main.o(i.main) refers to bsp_msg.o(i.bsp_InitMsg) for bsp_InitMsg
    main.o(i.main) refers to main.o(i.PrintfLogo) for PrintfLogo
    main.o(i.main) refers to bsp_timer.o(i.bsp_StartAutoTimer) for bsp_StartAutoTimer
    main.o(i.main) refers to bsp.o(i.bsp_Idle) for bsp_Idle
    main.o(i.main) refers to bsp_timer.o(i.bsp_CheckTimer) for bsp_CheckTimer
    main.o(i.main) refers to bsp_led.o(i.bsp_LedToggle) for bsp_LedToggle
    main.o(i.main) refers to bsp_msg.o(i.bsp_GetMsg) for bsp_GetMsg
    main.o(i.main) refers to main.o(i.SetLed) for SetLed
    bsp.o(i.MPU_Config) refers to stm32h7xx_hal_cortex.o(i.HAL_MPU_Disable) for HAL_MPU_Disable
    bsp.o(i.MPU_Config) refers to stm32h7xx_hal_cortex.o(i.HAL_MPU_ConfigRegion) for HAL_MPU_ConfigRegion
    bsp.o(i.MPU_Config) refers to stm32h7xx_hal_cortex.o(i.HAL_MPU_Enable) for HAL_MPU_Enable
    bsp.o(i.SystemClock_Config) refers to memseta.o(.text) for __aeabi_memclr4
    bsp.o(i.SystemClock_Config) refers to stm32h7xx_hal_rcc.o(i.HAL_RCC_OscConfig) for HAL_RCC_OscConfig
    bsp.o(i.SystemClock_Config) refers to bsp.o(i.Error_Handler) for Error_Handler
    bsp.o(i.SystemClock_Config) refers to stm32h7xx_hal_rcc.o(i.HAL_RCC_ClockConfig) for HAL_RCC_ClockConfig
    bsp.o(i.SystemClock_Config) refers to stm32h7xx_hal.o(i.HAL_EnableCompensationCell) for HAL_EnableCompensationCell
    bsp.o(i.bsp_Idle) refers to modbus_slave.o(i.MODS_Poll) for MODS_Poll
    bsp.o(i.bsp_Init) refers to bsp.o(i.MPU_Config) for MPU_Config
    bsp.o(i.bsp_Init) refers to bsp.o(i.CPU_CACHE_Enable) for CPU_CACHE_Enable
    bsp.o(i.bsp_Init) refers to stm32h7xx_hal.o(i.HAL_Init) for HAL_Init
    bsp.o(i.bsp_Init) refers to bsp.o(i.SystemClock_Config) for SystemClock_Config
    bsp.o(i.bsp_Init) refers to bsp_dwt.o(i.bsp_InitDWT) for bsp_InitDWT
    bsp.o(i.bsp_Init) refers to bsp_key.o(i.bsp_InitKey) for bsp_InitKey
    bsp.o(i.bsp_Init) refers to bsp_timer.o(i.bsp_InitTimer) for bsp_InitTimer
    bsp.o(i.bsp_Init) refers to bsp_uart_fifo.o(i.bsp_InitUart) for bsp_InitUart
    bsp.o(i.bsp_Init) refers to bsp_fmc_io.o(i.bsp_InitExtIO) for bsp_InitExtIO
    bsp.o(i.bsp_Init) refers to bsp_led.o(i.bsp_InitLed) for bsp_InitLed
    bsp.o(i.bsp_RunPer10ms) refers to bsp_key.o(i.bsp_KeyScan10ms) for bsp_KeyScan10ms
    bsp_led.o(i.bsp_InitLed) refers to bsp_led.o(i.bsp_LedOff) for bsp_LedOff
    bsp_led.o(i.bsp_IsLedOn) refers to bsp_fmc_io.o(i.HC574_GetPin) for HC574_GetPin
    bsp_led.o(i.bsp_LedOff) refers to bsp_fmc_io.o(i.HC574_SetPin) for HC574_SetPin
    bsp_led.o(i.bsp_LedOn) refers to bsp_fmc_io.o(i.HC574_SetPin) for HC574_SetPin
    bsp_led.o(i.bsp_LedToggle) refers to bsp_fmc_io.o(i.HC574_GetPin) for HC574_GetPin
    bsp_led.o(i.bsp_LedToggle) refers to bsp_fmc_io.o(i.HC574_SetPin) for HC574_SetPin
    bsp_msg.o(i.bsp_ClearMsg) refers to bsp_msg.o(.bss) for g_tMsg
    bsp_msg.o(i.bsp_GetMsg) refers to bsp_msg.o(.bss) for g_tMsg
    bsp_msg.o(i.bsp_GetMsg2) refers to bsp_msg.o(.bss) for g_tMsg
    bsp_msg.o(i.bsp_InitMsg) refers to bsp_msg.o(i.bsp_ClearMsg) for bsp_ClearMsg
    bsp_msg.o(i.bsp_PutMsg) refers to bsp_msg.o(.bss) for g_tMsg
    bsp_key.o(i.IsKeyDownFunc) refers to bsp_key.o(i.KeyPinActive) for KeyPinActive
    bsp_key.o(i.KeyPinActive) refers to bsp_key.o(.constdata) for s_gpio_list
    bsp_key.o(i.bsp_ClearKey) refers to bsp_key.o(.bss) for s_tKey
    bsp_key.o(i.bsp_DetectFastIO) refers to bsp_key.o(i.IsKeyDownFunc) for IsKeyDownFunc
    bsp_key.o(i.bsp_DetectFastIO) refers to bsp_key.o(i.bsp_PutKey) for bsp_PutKey
    bsp_key.o(i.bsp_DetectFastIO) refers to bsp_key.o(.bss) for s_tBtn
    bsp_key.o(i.bsp_DetectKey) refers to bsp_key.o(i.IsKeyDownFunc) for IsKeyDownFunc
    bsp_key.o(i.bsp_DetectKey) refers to bsp_key.o(i.bsp_PutKey) for bsp_PutKey
    bsp_key.o(i.bsp_DetectKey) refers to bsp_key.o(.bss) for s_tBtn
    bsp_key.o(i.bsp_GetKey) refers to bsp_key.o(.bss) for s_tKey
    bsp_key.o(i.bsp_GetKey2) refers to bsp_key.o(.bss) for s_tKey
    bsp_key.o(i.bsp_GetKeyState) refers to bsp_key.o(.bss) for s_tBtn
    bsp_key.o(i.bsp_InitKey) refers to bsp_key.o(i.bsp_InitKeyVar) for bsp_InitKeyVar
    bsp_key.o(i.bsp_InitKey) refers to bsp_key.o(i.bsp_InitKeyHard) for bsp_InitKeyHard
    bsp_key.o(i.bsp_InitKeyHard) refers to stm32h7xx_hal_gpio.o(i.HAL_GPIO_Init) for HAL_GPIO_Init
    bsp_key.o(i.bsp_InitKeyHard) refers to bsp_key.o(.constdata) for s_gpio_list
[...]
    ..\..\Libraries\STM32H7xx_HAL_Driver\Src\stm32h7xx_ll_sdmmc.c 0x00000000   Number         0  stm32h7xx_ll_sdmmc.o ABSOLUTE
    ..\..\User\bsp\bsp.c                     0x00000000   Number         0  bsp.o ABSOLUTE
    ..\..\User\bsp\bsp_msg.c                 0x00000000   Number         0  bsp_msg.o ABSOLUTE
    ..\..\User\bsp\src\bsp_beep.c            0x00000000   Number         0  bsp_beep.o ABSOLUTE
    ..\..\User\bsp\src\bsp_dwt.c             0x00000000   Number         0  bsp_dwt.o ABSOLUTE
    ..\..\User\bsp\src\bsp_fmc_io.c          0x00000000   Number         0  bsp_fmc_io.o ABSOLUTE
    ..\..\User\bsp\src\bsp_key.c             0x00000000   Number         0  bsp_key.o ABSOLUTE
    ..\..\User\bsp\src\bsp_led.c             0x00000000   Number         0  bsp_led.o ABSOLUTE
    ..\..\User\bsp\src\bsp_tim_pwm.c         0x00000000   Number         0  bsp_tim_pwm.o ABSOLUTE
    ..\..\User\bsp\src\bsp_timer.c           0x00000000   Number         0  bsp_timer.o ABSOLUTE
    ..\..\User\bsp\src\bsp_uart_fifo.c       0x00000000   Number         0  bsp_uart_fifo.o ABSOLUTE
    ..\..\User\bsp\src\bsp_user_lib.c        0x00000000   Number         0  bsp_user_lib.o ABSOLUTE
    ..\..\User\bsp\stm32h7xx_it.c            0x00000000   Number         0  stm32h7xx_it.o ABSOLUTE
    ..\..\User\main.c                        0x00000000   Number         0  main.o ABSOLUTE
    ..\..\User\modbus\modbus_slave.c         0x00000000   Number         0  modbus_slave.o ABSOLUTE
    ..\..\User\segger\HardFaultHandlerMDK\HardFaultHandler.S 0x00000000   Number         0  hardfaulthandler.o ABSOLUTE
    ..\..\User\segger\HardFaultHandlerMDK\SEGGER_HardFaultHandler.c 0x00000000   Number         0  segger_hardfaulthandler.o ABSOLUTE
    ..\\..\\Libraries\\CMSIS\\Device\\ST\\STM32H7xx\\Source\\Templates\\system_stm32h7xx.c 0x00000000   Number         0  system_stm32h7xx.o ABSOLUTE
    ..\\..\\Libraries\\STM32H7xx_HAL_Driver\\Src\\stm32h7xx_hal.c 0x00000000   Number         0  stm32h7xx_hal.o ABSOLUTE
    ..\\..\\Libraries\\STM32H7xx_HAL_Driver\\Src\\stm32h7xx_hal_cortex.c 0x00000000   Number         0  stm32h7xx_hal_cortex.o ABSOLUTE
    ..\\..\\Libraries\\STM32H7xx_HAL_Driver\\Src\\stm32h7xx_hal_crc.c 0x00000000   Number         0  stm32h7xx_hal_crc.o ABSOLUTE
    ..\\..\\Libraries\\STM32H7xx_HAL_Driver\\Src\\stm32h7xx_hal_crc_ex.c 0x00000000   Number         0  stm32h7xx_hal_crc_ex.o ABSOLUTE
    ..\\..\\Libraries\\STM32H7xx_HAL_Driver\\Src\\stm32h7xx_hal_dma.c 0x00000000   Number         0  stm32h7xx_hal_dma.o ABSOLUTE
    ..\\..\\Libraries\\STM32H7xx_HAL_Driver\\Src\\stm32h7xx_hal_dma_ex.c 0x00000000   Number         0  stm32h7xx_hal_dma_ex.o ABSOLUTE
    ..\\..\\Libraries\\STM32H7xx_HAL_Driver\\Src\\stm32h7xx_hal_flash.c 0x00000000   Number         0  stm32h7xx_hal_flash.o ABSOLUTE
    ..\\..\\Libraries\\STM32H7xx_HAL_Driver\\Src\\stm32h7xx_hal_flash_ex.c 0x00000000   Number         0  stm32h7xx_hal_flash_ex.o ABSOLUTE
    ..\\..\\Libraries\\STM32H7xx_HAL_Driver\\Src\\stm32h7xx_hal_gpio.c 0x00000000   Number         0  stm32h7xx_hal_gpio.o ABSOLUTE
    ..\\..\\Libraries\\STM32H7xx_HAL_Driver\\Src\\stm32h7xx_hal_mdma.c 0x00000000   Number         0  stm32h7xx_hal_mdma.o ABSOLUTE
    ..\\..\\Libraries\\STM32H7xx_HAL_Driver\\Src\\stm32h7xx_hal_rcc.c 0x00000000   Number         0  stm32h7xx_hal_rcc.o ABSOLUTE
    ..\\..\\Libraries\\STM32H7xx_HAL_Driver\\Src\\stm32h7xx_hal_rcc_ex.c 0x00000000   Number         0  stm32h7xx_hal_rcc_ex.o ABSOLUTE
    ..\\..\\Libraries\\STM32H7xx_HAL_Driver\\Src\\stm32h7xx_hal_sd.c 0x00000000   Number         0  stm32h7xx_hal_sd.o ABSOLUTE
    ..\\..\\Libraries\\STM32H7xx_HAL_Driver\\Src\\stm32h7xx_hal_sram.c 0x00000000   Number         0  stm32h7xx_hal_sram.o ABSOLUTE
    ..\\..\\Libraries\\STM32H7xx_HAL_Driver\\Src\\stm32h7xx_hal_tim.c 0x00000000   Number         0  stm32h7xx_hal_tim.o ABSOLUTE
    ..\\..\\Libraries\\STM32H7xx_HAL_Driver\\Src\\stm32h7xx_hal_tim_ex.c 0x00000000   Number         0  stm32h7xx_hal_tim_ex.o ABSOLUTE
    ..\\..\\Libraries\\STM32H7xx_HAL_Driver\\Src\\stm32h7xx_hal_uart.c 0x00000000   Number         0  stm32h7xx_hal_uart.o ABSOLUTE
    ..\\..\\Libraries\\STM32H7xx_HAL_Driver\\Src\\stm32h7xx_hal_uart_ex.c 0x00000000   Number         0  stm32h7xx_hal_uart_ex.o ABSOLUTE
    ..\\..\\Libraries\\STM32H7xx_HAL_Driver\\Src\\stm32h7xx_ll_delayblock.c 0x00000000   Number         0  stm32h7xx_ll_delayblock.o ABSOLUTE
    ..\\..\\Libraries\\STM32H7xx_HAL_Driver\\Src\\stm32h7xx_ll_fmc.c 0x00000000   Number         0  stm32h7xx_ll_fmc.o ABSOLUTE
    ..\\..\\Libraries\\STM32H7xx_HAL_Driver\\Src\\stm32h7xx_ll_sdmmc.c 0x00000000   Number         0  stm32h7xx_ll_sdmmc.o ABSOLUTE
    ..\\..\\User\\bsp\\bsp.c                 0x00000000   Number         0  bsp.o ABSOLUTE
    ..\\..\\User\\bsp\\bsp_msg.c             0x00000000   Number         0  bsp_msg.o ABSOLUTE
    ..\\..\\User\\bsp\\src\\bsp_beep.c       0x00000000   Number         0  bsp_beep.o ABSOLUTE
    ..\\..\\User\\bsp\\src\\bsp_dwt.c        0x00000000   Number         0  bsp_dwt.o ABSOLUTE
    ..\\..\\User\\bsp\\src\\bsp_fmc_io.c     0x00000000   Number         0  bsp_fmc_io.o ABSOLUTE
    ..\\..\\User\\bsp\\src\\bsp_key.c        0x00000000   Number         0  bsp_key.o ABSOLUTE
    ..\\..\\User\\bsp\\src\\bsp_led.c        0x00000000   Number         0  bsp_led.o ABSOLUTE
    ..\\..\\User\\bsp\\src\\bsp_tim_pwm.c    0x00000000   Number         0  bsp_tim_pwm.o ABSOLUTE
    ..\\..\\User\\bsp\\src\\bsp_timer.c      0x00000000   Number         0  bsp_timer.o ABSOLUTE
    ..\\..\\User\\bsp\\src\\bsp_uart_fifo.c  0x00000000   Number         0  bsp_uart_fifo.o ABSOLUTE
    ..\\..\\User\\bsp\\src\\bsp_user_lib.c   0x00000000   Number         0  bsp_user_lib.o ABSOLUTE
    ..\\..\\User\\bsp\\stm32h7xx_it.c        0x00000000   Number         0  stm32h7xx_it.o ABSOLUTE
    ..\\..\\User\\main.c                     0x00000000   Number         0  main.o ABSOLUTE
    ..\\..\\User\\modbus\\modbus_slave.c     0x00000000   Number         0  modbus_slave.o ABSOLUTE
    ..\\..\\User\\segger\\HardFaultHandlerMDK\\SEGGER_HardFaultHandler.c 0x00000000   Number         0  segger_hardfaulthandler.o ABSOLUTE
    cdrcmple.s                               0x00000000   Number         0  cdrcmple.o ABSOLUTE
    dc.s                                     0x00000000   Number         0  dc.o ABSOLUTE
    handlers.s                               0x00000000   Number         0  handlers.o ABSOLUTE
    init.s                                   0x00000000   Number         0  init.o ABSOLUTE
    RESET                                    0x08000000   Section      664  startup_stm32h743xx.o(RESET)
    .ARM.Collect$$$$00000000                 0x08000298   Section        0  entry.o(.ARM.Collect$$$$00000000)
    .ARM.Collect$$$$00000001                 0x08000298   Section        4  entry2.o(.ARM.Collect$$$$00000001)
    .ARM.Collect$$$$00000004                 0x0800029c   Section        4  entry5.o(.ARM.Collect$$$$00000004)
    .ARM.Collect$$$$00000008                 0x080002a0   Section        0  entry7b.o(.ARM.Collect$$$$00000008)
    .ARM.Collect$$$$0000000A                 0x080002a0   Section        0  entry8b.o(.ARM.Collect$$$$0000000A)
    .ARM.Collect$$$$0000000B                 0x080002a0   Section        8  entry9a.o(.ARM.Collect$$$$0000000B)
    .ARM.Collect$$$$0000000E                 0x080002a8   Section        4  entry12b.o(.ARM.Collect$$$$0000000E)
    .ARM.Collect$$$$0000000F                 0x080002ac   Section        0  entry10a.o(.ARM.Collect$$$$0000000F)
    .ARM.Collect$$$$00000011                 0x080002ac   Section        0  entry11a.o(.ARM.Collect$$$$00000011)
    .ARM.Collect$$$$00002712                 0x080002ac   Section        4  entry2.o(.ARM.Collect$$$$00002712)
    __lit__00000000                          0x080002ac   Data           4  entry2.o(.ARM.Collect$$$$00002712)
    .text                                    0x080002b0   Section       36  startup_stm32h743xx.o(.text)
    $v0                                      0x080002b0   Number         0  startup_stm32h743xx.o(.text)
    .text                                    0x080002d4   Section        0  uldiv.o(.text)
    .text                                    0x08000336   Section        0  memcpya.o(.text)
    .text                                    0x0800035a   Section        0  memseta.o(.text)
    .text                                    0x0800037e   Section        0  llshl.o(.text)
    .text                                    0x0800039c   Section        0  llushr.o(.text)
    .text                                    0x080003bc   Section       36  init.o(.text)
    OSKERNEL                                 0x080003e0   Section       18  hardfaulthandler.o(OSKERNEL)
    $v0                                      0x080003e0   Number         0  hardfaulthandler.o(OSKERNEL)
    i.BEBufToUint16                          0x080003f2   Section        0  bsp_user_lib.o(i.BEBufToUint16)
    i.BusFault_Handler                       0x080003fe   Section        0  stm32h7xx_it.o(i.BusFault_Handler)
    i.CPU_CACHE_Enable                       0x08000404   Section        0  bsp.o(i.CPU_CACHE_Enable)
    CPU_CACHE_Enable                         0x08000405   Thumb Code   174  bsp.o(i.CPU_CACHE_Enable)
    i.CRC16_Modbus                           0x080004bc   Section        0  bsp_user_lib.o(i.CRC16_Modbus)
    i.ComToUart                              0x080004f4   Section        0  bsp_uart_fifo.o(i.ComToUart)
    i.DebugMon_Handler                       0x08000570   Section        0  stm32h7xx_it.o(i.DebugMon_Handler)
    i.Error_Handler                          0x08000572   Section        0  bsp.o(i.Error_Handler)
    i.FMC_NORSRAM_Extended_Timing_Init       0x0800057c   Section        0  stm32h7xx_ll_fmc.o(i.FMC_NORSRAM_Extended_Timing_Init)
    i.FMC_NORSRAM_Init                       0x080005c0   Section        0  stm32h7xx_ll_fmc.o(i.FMC_NORSRAM_Init)
    i.FMC_NORSRAM_Timing_Init                0x08000664   Section        0  stm32h7xx_ll_fmc.o(i.FMC_NORSRAM_Timing_Init)
    i.HAL_EnableCompensationCell             0x080006cc   Section        0  stm32h7xx_hal.o(i.HAL_EnableCompensationCell)
    i.HAL_GPIO_Init                          0x080006e0   Section        0  stm32h7xx_hal_gpio.o(i.HAL_GPIO_Init)
    i.HAL_GetREVID                           0x080008e8   Section        0  stm32h7xx_hal.o(i.HAL_GetREVID)
    i.HAL_GetTick                            0x080008f4   Section        0  stm32h7xx_hal.o(i.HAL_GetTick)
    i.HAL_IncTick                            0x08000900   Section        0  stm32h7xx_hal.o(i.HAL_IncTick)
    i.HAL_Init                               0x08000918   Section        0  stm32h7xx_hal.o(i.HAL_Init)
    i.HAL_InitTick                           0x08000978   Section        0  stm32h7xx_hal.o(i.HAL_InitTick)
    i.HAL_MPU_ConfigRegion                   0x080009d0   Section        0  stm32h7xx_hal_cortex.o(i.HAL_MPU_ConfigRegion)
    i.HAL_MPU_Disable                        0x08000a2c   Section        0  stm32h7xx_hal_cortex.o(i.HAL_MPU_Disable)
    i.HAL_MPU_Enable                         0x08000a4c   Section        0  stm32h7xx_hal_cortex.o(i.HAL_MPU_Enable)
    i.HAL_MspInit                            0x08000a74   Section        0  stm32h7xx_hal.o(i.HAL_MspInit)
    i.HAL_NVIC_EnableIRQ                     0x08000a76   Section        0  stm32h7xx_hal_cortex.o(i.HAL_NVIC_EnableIRQ)
    i.HAL_NVIC_SetPriority                   0x08000a9e   Section        0  stm32h7xx_hal_cortex.o(i.HAL_NVIC_SetPriority)
    i.HAL_NVIC_SetPriorityGrouping           0x08000b18   Section        0  stm32h7xx_hal_cortex.o(i.HAL_NVIC_SetPriorityGrouping)
    i.HAL_RCCEx_GetD3PCLK1Freq               0x08000b40   Section        0  stm32h7xx_hal_rcc_ex.o(i.HAL_RCCEx_GetD3PCLK1Freq)
    i.HAL_RCCEx_GetPLL2ClockFreq             0x08000b64   Section        0  stm32h7xx_hal_rcc_ex.o(i.HAL_RCCEx_GetPLL2ClockFreq)
    i.HAL_RCCEx_GetPLL3ClockFreq             0x08000d94   Section        0  stm32h7xx_hal_rcc_ex.o(i.HAL_RCCEx_GetPLL3ClockFreq)
    i.HAL_RCCEx_PeriphCLKConfig              0x08000fc4   Section        0  stm32h7xx_hal_rcc_ex.o(i.HAL_RCCEx_PeriphCLKConfig)
    i.HAL_RCC_ClockConfig                    0x08001b04   Section        0  stm32h7xx_hal_rcc.o(i.HAL_RCC_ClockConfig)
    i.HAL_RCC_GetHCLKFreq                    0x08001e24   Section        0  stm32h7xx_hal_rcc.o(i.HAL_RCC_GetHCLKFreq)
    i.HAL_RCC_GetPCLK1Freq                   0x08001e70   Section        0  stm32h7xx_hal_rcc.o(i.HAL_RCC_GetPCLK1Freq)
    i.HAL_RCC_GetPCLK2Freq                   0x08001e94   Section        0  stm32h7xx_hal_rcc.o(i.HAL_RCC_GetPCLK2Freq)
    i.HAL_RCC_GetSysClockFreq                0x08001eb8   Section        0  stm32h7xx_hal_rcc.o(i.HAL_RCC_GetSysClockFreq)
    i.HAL_RCC_OscConfig                      0x080020e4   Section        0  stm32h7xx_hal_rcc.o(i.HAL_RCC_OscConfig)
    i.HAL_SRAM_Init                          0x080028b8   Section        0  stm32h7xx_hal_sram.o(i.HAL_SRAM_Init)
    i.HAL_SRAM_MspInit                       0x08002928   Section        0  stm32h7xx_hal_sram.o(i.HAL_SRAM_MspInit)
    i.HAL_SYSTICK_Config                     0x0800292a   Section        0  stm32h7xx_hal_cortex.o(i.HAL_SYSTICK_Config)
    i.HAL_TIM_Base_Init                      0x0800295e   Section        0  stm32h7xx_hal_tim.o(i.HAL_TIM_Base_Init)
    i.HAL_TIM_Base_MspInit                   0x080029cc   Section        0  stm32h7xx_hal_tim.o(i.HAL_TIM_Base_MspInit)
    i.HAL_TIM_Base_Start                     0x080029d0   Section        0  stm32h7xx_hal_tim.o(i.HAL_TIM_Base_Start)
    i.HAL_UART_Init                          0x08002a0c   Section        0  stm32h7xx_hal_uart.o(i.HAL_UART_Init)
    i.HAL_UART_MspInit                       0x08002a84   Section        0  stm32h7xx_hal_uart.o(i.HAL_UART_MspInit)
    i.HC574_ConfigFMC                        0x08002a88   Section        0  bsp_fmc_io.o(i.HC574_ConfigFMC)
    HC574_ConfigFMC                          0x08002a89   Thumb Code   118  bsp_fmc_io.o(i.HC574_ConfigFMC)
    i.HC574_ConfigGPIO                       0x08002b28   Section        0  bsp_fmc_io.o(i.HC574_ConfigGPIO)
    HC574_ConfigGPIO                         0x08002b29   Thumb Code   256  bsp_fmc_io.o(i.HC574_ConfigGPIO)
    i.HC574_GetPin                           0x08002c40   Section        0  bsp_fmc_io.o(i.HC574_GetPin)
    i.HC574_SetPin                           0x08002c58   Section        0  bsp_fmc_io.o(i.HC574_SetPin)
    i.HardFaultHandler                       0x08002c84   Section        0  segger_hardfaulthandler.o(i.HardFaultHandler)
    i.InitHardUart                           0x08002d8c   Section        0  bsp_uart_fifo.o(i.InitHardUart)
    InitHardUart                             0x08002d8d   Thumb Code   426  bsp_uart_fifo.o(i.InitHardUart)
    i.IsKeyDownFunc                          0x08002f4c   Section        0  bsp_key.o(i.IsKeyDownFunc)
    IsKeyDownFunc                            0x08002f4d   Thumb Code   118  bsp_key.o(i.IsKeyDownFunc)
    i.KeyPinActive                           0x08002fc4   Section        0  bsp_key.o(i.KeyPinActive)
    KeyPinActive                             0x08002fc5   Thumb Code    48  bsp_key.o(i.KeyPinActive)
    i.MODS_01H                               0x08002ff8   Section        0  modbus_slave.o(i.MODS_01H)
    MODS_01H                                 0x08002ff9   Thumb Code   334  modbus_slave.o(i.MODS_01H)
    i.MODS_02H                               0x0800314c   Section        0  modbus_slave.o(i.MODS_02H)
    MODS_02H                                 0x0800314d   Thumb Code   332  modbus_slave.o(i.MODS_02H)
    i.MODS_03H                               0x0800329c   Section        0  modbus_slave.o(i.MODS_03H)
    MODS_03H                                 0x0800329d   Thumb Code   298  modbus_slave.o(i.MODS_03H)
    i.MODS_04H                               0x080033cc   Section        0  modbus_slave.o(i.MODS_04H)
    MODS_04H                                 0x080033cd   Thumb Code   326  modbus_slave.o(i.MODS_04H)
    i.MODS_05H                               0x0800351c   Section        0  modbus_slave.o(i.MODS_05H)
    MODS_05H                                 0x0800351d   Thumb Code   152  modbus_slave.o(i.MODS_05H)
    i.MODS_06H                               0x080035bc   Section        0  modbus_slave.o(i.MODS_06H)
    MODS_06H                                 0x080035bd   Thumb Code    94  modbus_slave.o(i.MODS_06H)
    i.MODS_10H                               0x08003620   Section        0  modbus_slave.o(i.MODS_10H)
    MODS_10H                                 0x08003621   Thumb Code   134  modbus_slave.o(i.MODS_10H)
    i.MODS_AnalyzeApp                        0x080036ac   Section        0  modbus_slave.o(i.MODS_AnalyzeApp)
    MODS_AnalyzeApp                          0x080036ad   Thumb Code   160  modbus_slave.o(i.MODS_AnalyzeApp)
    i.MODS_Poll                              0x08003750   Section        0  modbus_slave.o(i.MODS_Poll)
    i.MODS_ReadRegValue                      0x0800379c   Section        0  modbus_slave.o(i.MODS_ReadRegValue)
    MODS_ReadRegValue                        0x0800379d   Thumb Code    44  modbus_slave.o(i.MODS_ReadRegValue)
    i.MODS_ReciveNew                         0x080037cc   Section        0  modbus_slave.o(i.MODS_ReciveNew)
    i.MODS_RxTimeOut                         0x0800382c   Section        0  modbus_slave.o(i.MODS_RxTimeOut)
    MODS_RxTimeOut                           0x0800382d   Thumb Code     8  modbus_slave.o(i.MODS_RxTimeOut)
    i.MODS_SendAckErr                        0x08003838   Section        0  modbus_slave.o(i.MODS_SendAckErr)
    MODS_SendAckErr                          0x08003839   Thumb Code    38  modbus_slave.o(i.MODS_SendAckErr)
    i.MODS_SendAckOk                         0x08003864   Section        0  modbus_slave.o(i.MODS_SendAckOk)
    MODS_SendAckOk                           0x08003865   Thumb Code    32  modbus_slave.o(i.MODS_SendAckOk)
    i.MODS_SendWithCRC                       0x08003888   Section        0  modbus_slave.o(i.MODS_SendWithCRC)
    MODS_SendWithCRC                         0x08003889   Thumb Code    64  modbus_slave.o(i.MODS_SendWithCRC)
    i.MODS_WriteRegValue                     0x080038c8   Section        0  modbus_slave.o(i.MODS_WriteRegValue)
    MODS_WriteRegValue                       0x080038c9   Thumb Code    36  modbus_slave.o(i.MODS_WriteRegValue)
    i.MPU_Config                             0x080038f0   Section        0  bsp.o(i.MPU_Config)
    MPU_Config                               0x080038f1   Thumb Code   144  bsp.o(i.MPU_Config)
    i.MemManage_Handler                      0x08003980   Section        0  stm32h7xx_it.o(i.MemManage_Handler)
    i.NMI_Handler                            0x08003984   Section        0  stm32h7xx_it.o(i.NMI_Handler)
    i.PendSV_Handler                         0x08003986   Section        0  stm32h7xx_it.o(i.PendSV_Handler)
    i.PrintfLogo                             0x08003988   Section        0  main.o(i.PrintfLogo)
    PrintfLogo                               0x08003989   Thumb Code   140  main.o(i.PrintfLogo)
    i.RCCEx_PLL2_Config                      0x08003bf4   Section        0  stm32h7xx_hal_rcc_ex.o(i.RCCEx_PLL2_Config)
    RCCEx_PLL2_Config                        0x08003bf5   Thumb Code   350  stm32h7xx_hal_rcc_ex.o(i.RCCEx_PLL2_Config)
    i.RCCEx_PLL3_Config                      0x08003d58   Section        0  stm32h7xx_hal_rcc_ex.o(i.RCCEx_PLL3_Config)
    RCCEx_PLL3_Config                        0x08003d59   Thumb Code   350  stm32h7xx_hal_rcc_ex.o(i.RCCEx_PLL3_Config)
    i.RS485_InitTXE                          0x08003ebc   Section        0  bsp_uart_fifo.o(i.RS485_InitTXE)
    i.RS485_ReciveNew                        0x08003f00   Section        0  bsp_uart_fifo.o(i.RS485_ReciveNew)
    i.RS485_SendBefor                        0x08003f0c   Section        0  bsp_uart_fifo.o(i.RS485_SendBefor)
    i.RS485_SendBuf                          0x08003f18   Section        0  bsp_uart_fifo.o(i.RS485_SendBuf)
    i.RS485_SendOver                         0x08003f2c   Section        0  bsp_uart_fifo.o(i.RS485_SendOver)
    i.SVC_Handler                            0x08003f3c   Section        0  stm32h7xx_it.o(i.SVC_Handler)
    i.SetLed                                 0x08003f40   Section        0  main.o(i.SetLed)
    SetLed                                   0x08003f41   Thumb Code   100  main.o(i.SetLed)
    i.SysTick_Handler                        0x08003fa8   Section        0  bsp_timer.o(i.SysTick_Handler)
    i.SysTick_ISR                            0x08003fc4   Section        0  bsp_timer.o(i.SysTick_ISR)
    i.SystemClock_Config                     0x08004048   Section        0  bsp.o(i.SystemClock_Config)
    SystemClock_Config                       0x08004049   Thumb Code   362  bsp.o(i.SystemClock_Config)
    i.SystemInit                             0x080041d8   Section        0  system_stm32h7xx.o(i.SystemInit)
    i.TIM2_IRQHandler                        0x080042dc   Section        0  bsp_timer.o(i.TIM2_IRQHandler)
    i.TIM_Base_SetConfig                     0x08004390   Section        0  stm32h7xx_hal_tim.o(i.TIM_Base_SetConfig)
    i.UART_AdvFeatureConfig                  0x0800445c   Section        0  stm32h7xx_hal_uart.o(i.UART_AdvFeatureConfig)
    i.UART_CheckIdleState                    0x08004554   Section        0  stm32h7xx_hal_uart.o(i.UART_CheckIdleState)
    i.UART_SetConfig                         0x080045c8   Section        0  stm32h7xx_hal_uart.o(i.UART_SetConfig)
    i.UART_WaitOnFlagUntilTimeout            0x08004b64   Section        0  stm32h7xx_hal_uart.o(i.UART_WaitOnFlagUntilTimeout)
    i.USART1_IRQHandler                      0x08004c24   Section        0  bsp_uart_fifo.o(i.USART1_IRQHandler)
    i.USART3_IRQHandler                      0x08004c34   Section        0  bsp_uart_fifo.o(i.USART3_IRQHandler)
    i.UartIRQ                                0x08004c44   Section        0  bsp_uart_fifo.o(i.UartIRQ)
    UartIRQ                                  0x08004c45   Thumb Code   378  bsp_uart_fifo.o(i.UartIRQ)
    i.UartSend                               0x08004dbe   Section        0  bsp_uart_fifo.o(i.UartSend)
    UartSend                                 0x08004dbf   Thumb Code   146  bsp_uart_fifo.o(i.UartSend)
    i.UartVarInit                            0x08004e50   Section        0  bsp_uart_fifo.o(i.UartVarInit)
    UartVarInit                              0x08004e51   Thumb Code   102  bsp_uart_fifo.o(i.UartVarInit)
    i.UsageFault_Handler                     0x08004ee4   Section        0  stm32h7xx_it.o(i.UsageFault_Handler)
    i.__0printf$8                            0x08004ee8   Section        0  printf8.o(i.__0printf$8)
    i.__NVIC_GetPriorityGrouping             0x08004f08   Section        0  stm32h7xx_hal_cortex.o(i.__NVIC_GetPriorityGrouping)
    __NVIC_GetPriorityGrouping               0x08004f09   Thumb Code    10  stm32h7xx_hal_cortex.o(i.__NVIC_GetPriorityGrouping)
    i.__NVIC_SetPriority                     0x08004f18   Section        0  stm32h7xx_hal_cortex.o(i.__NVIC_SetPriority)
    __NVIC_SetPriority                       0x08004f19   Thumb Code    32  stm32h7xx_hal_cortex.o(i.__NVIC_SetPriority)
    i.__scatterload_copy                     0x08004f40   Section       14  handlers.o(i.__scatterload_copy)
    i.__scatterload_null                     0x08004f4e   Section        2  handlers.o(i.__scatterload_null)
    i.__scatterload_zeroinit                 0x08004f50   Section       14  handlers.o(i.__scatterload_zeroinit)
    i.__set_PRIMASK                          0x08004f5e   Section        0  bsp_timer.o(i.__set_PRIMASK)
    __set_PRIMASK                            0x08004f5f   Thumb Code     6  bsp_timer.o(i.__set_PRIMASK)
    i.__set_PRIMASK                          0x08004f64   Section        0  bsp_uart_fifo.o(i.__set_PRIMASK)
    __set_PRIMASK                            0x08004f65   Thumb Code     6  bsp_uart_fifo.o(i.__set_PRIMASK)
    i._printf_core                           0x08004f6c   Section        0  printf8.o(i._printf_core)
    _printf_core                             0x08004f6d   Thumb Code   984  printf8.o(i._printf_core)
    i._printf_post_padding                   0x08005370   Section        0  printf8.o(i._printf_post_padding)
    _printf_post_padding                     0x08005371   Thumb Code    36  printf8.o(i._printf_post_padding)
    i._printf_pre_padding                    0x08005394   Section        0  printf8.o(i._printf_pre_padding)
    _printf_pre_padding                      0x08005395   Thumb Code    46  printf8.o(i._printf_pre_padding)
    i.bsp_CheckTimer                         0x080053c4   Section        0  bsp_timer.o(i.bsp_CheckTimer)
    i.bsp_ClearMsg                           0x080053f8   Section        0  bsp_msg.o(i.bsp_ClearMsg)
    i.bsp_DetectKey                          0x0800540c   Section        0  bsp_key.o(i.bsp_DetectKey)
    bsp_DetectKey                            0x0800540d   Thumb Code   200  bsp_key.o(i.bsp_DetectKey)
    i.bsp_GetKeyState                        0x080054d8   Section        0  bsp_key.o(i.bsp_GetKeyState)
    i.bsp_GetMsg                             0x080054e8   Section        0  bsp_msg.o(i.bsp_GetMsg)
    i.bsp_Idle                               0x08005534   Section        0  bsp.o(i.bsp_Idle)
    i.bsp_Init                               0x0800553c   Section        0  bsp.o(i.bsp_Init)
    i.bsp_InitDWT                            0x08005568   Section        0  bsp_dwt.o(i.bsp_InitDWT)
    i.bsp_InitExtIO                          0x08005590   Section        0  bsp_fmc_io.o(i.bsp_InitExtIO)
    i.bsp_InitHardTimer                      0x080055b4   Section        0  bsp_timer.o(i.bsp_InitHardTimer)
    i.bsp_InitKey                            0x080056b0   Section        0  bsp_key.o(i.bsp_InitKey)
    i.bsp_InitKeyHard                        0x080056bc   Section        0  bsp_key.o(i.bsp_InitKeyHard)
    bsp_InitKeyHard                          0x080056bd   Thumb Code   184  bsp_key.o(i.bsp_InitKeyHard)
    i.bsp_InitKeyVar                         0x0800577c   Section        0  bsp_key.o(i.bsp_InitKeyVar)
    bsp_InitKeyVar                           0x0800577d   Thumb Code   112  bsp_key.o(i.bsp_InitKeyVar)
    i.bsp_InitLed                            0x080057f4   Section        0  bsp_led.o(i.bsp_InitLed)
    i.bsp_InitMsg                            0x08005810   Section        0  bsp_msg.o(i.bsp_InitMsg)
    i.bsp_InitTimer                          0x08005818   Section        0  bsp_timer.o(i.bsp_InitTimer)
    i.bsp_InitUart                           0x080058c0   Section        0  bsp_uart_fifo.o(i.bsp_InitUart)
    i.bsp_IsLedOn                            0x080058d0   Section        0  bsp_led.o(i.bsp_IsLedOn)
    i.bsp_KeyScan10ms                        0x0800590a   Section        0  bsp_key.o(i.bsp_KeyScan10ms)
    i.bsp_LedOff                             0x08005920   Section        0  bsp_led.o(i.bsp_LedOff)
    i.bsp_LedOn                              0x0800595c   Section        0  bsp_led.o(i.bsp_LedOn)
    i.bsp_LedToggle                          0x0800599a   Section        0  bsp_led.o(i.bsp_LedToggle)
    i.bsp_PutKey                             0x080059e0   Section        0  bsp_key.o(i.bsp_PutKey)
    i.bsp_PutMsg                             0x08005a00   Section        0  bsp_msg.o(i.bsp_PutMsg)
    i.bsp_RunPer10ms                         0x08005a38   Section        0  bsp.o(i.bsp_RunPer10ms)
    i.bsp_RunPer1ms                          0x08005a40   Section        0  bsp.o(i.bsp_RunPer1ms)
    i.bsp_SetKeyParam                        0x08005a44   Section        0  bsp_key.o(i.bsp_SetKeyParam)
    i.bsp_SetUartParam                       0x08005a68   Section        0  bsp_uart_fifo.o(i.bsp_SetUartParam)
    i.bsp_SoftTimerDec                       0x08005ad4   Section        0  bsp_timer.o(i.bsp_SoftTimerDec)
    bsp_SoftTimerDec                         0x08005ad5   Thumb Code    28  bsp_timer.o(i.bsp_SoftTimerDec)
    i.bsp_StartAutoTimer                     0x08005af0   Section        0  bsp_timer.o(i.bsp_StartAutoTimer)
    i.bsp_StartHardTimer                     0x08005b8c   Section        0  bsp_timer.o(i.bsp_StartHardTimer)
    i.comSendBuf                             0x08005c18   Section        0  bsp_uart_fifo.o(i.comSendBuf)
    i.fputc                                  0x08005c48   Section        0  bsp_uart_fifo.o(i.fputc)
    i.main                                   0x08005c60   Section        0  main.o(i.main)
    .constdata                               0x08005ca8   Section       64  bsp_key.o(.constdata)
    s_gpio_list                              0x08005ca8   Data          64  bsp_key.o(.constdata)
    .constdata                               0x08005ce8   Section       48  bsp_timer.o(.constdata)
    __FUNCTION__                             0x08005ce8   Data          15  bsp_timer.o(.constdata)
    __FUNCTION__                             0x08005cf7   Data          19  bsp_timer.o(.constdata)
    __FUNCTION__                             0x08005d0a   Data          14  bsp_timer.o(.constdata)
    .constdata                               0x08005d18   Section      512  bsp_user_lib.o(.constdata)
    s_CRCHi                                  0x08005d18   Data         256  bsp_user_lib.o(.constdata)
    .constdata                               0x08005f18   Section       64  modbus_slave.o(.constdata)
    .constdata                               0x08005f58   Section       24  stm32h7xx_hal_uart.o(.constdata)
    .constdata                               0x08005f70   Section       16  system_stm32h7xx.o(.constdata)
    .data                                    0x24000000   Section       30  bsp_timer.o(.data)
    s_TIM_CallBack1                          0x24000000   Data           4  bsp_timer.o(.data)
    s_TIM_CallBack2                          0x24000004   Data           4  bsp_timer.o(.data)
    s_TIM_CallBack3                          0x24000008   Data           4  bsp_timer.o(.data)
    s_TIM_CallBack4                          0x2400000c   Data           4  bsp_timer.o(.data)
    s_uiDelayCount                           0x24000010   Data           4  bsp_timer.o(.data)
    s_ucTimeOutFlag                          0x24000014   Data           1  bsp_timer.o(.data)
    g_ucEnableSystickISR                     0x2400001c   Data           1  bsp_timer.o(.data)
    s_count                                  0x2400001d   Data           1  bsp_timer.o(.data)
    .data                                    0x24000020   Section        4  bsp_fmc_io.o(.data)
    .data                                    0x24000024   Section        1  modbus_slave.o(.data)
    g_mods_timeout                           0x24000024   Data           1  modbus_slave.o(.data)
    .data                                    0x24000028   Section        9  stm32h7xx_hal.o(.data)
    .data                                    0x24000034   Section        8  system_stm32h7xx.o(.data)
    .data                                    0x2400003c   Section        4  segger_hardfaulthandler.o(.data)
    _Continue                                0x2400003c   Data           4  segger_hardfaulthandler.o(.data)
    .data                                    0x24000040   Section        4  stdout.o(.data)
    .bss                                     0x24000044   Section      324  bsp_msg.o(.bss)
    .bss                                     0x24000188   Section      173  bsp_key.o(.bss)
    s_tBtn                                   0x24000188   Data         160  bsp_key.o(.bss)
    s_tKey                                   0x24000228   Data          13  bsp_key.o(.bss)
    .bss                                     0x24000238   Section       48  bsp_timer.o(.bss)
    s_tTmr                                   0x24000238   Data          48  bsp_timer.o(.bss)
    .bss                                     0x24000268   Section     4184  bsp_uart_fifo.o(.bss)
    g_tUart1                                 0x24000268   Data          44  bsp_uart_fifo.o(.bss)
    g_TxBuf1                                 0x24000294   Data        1024  bsp_uart_fifo.o(.bss)
    g_RxBuf1                                 0x24000694   Data        1024  bsp_uart_fifo.o(.bss)
    g_tUart3                                 0x24000a94   Data          44  bsp_uart_fifo.o(.bss)
    g_TxBuf3                                 0x24000ac0   Data        1024  bsp_uart_fifo.o(.bss)
    g_RxBuf3                                 0x24000ec0   Data        1024  bsp_uart_fifo.o(.bss)
    .bss                                     0x240012c0   Section      178  modbus_slave.o(.bss)
    .bss                                     0x24001374   Section       64  segger_hardfaulthandler.o(.bss)
    HardFaultRegs                            0x24001374   Data          64  segger_hardfaulthandler.o(.bss)
    STACK                                    0x240013b8   Section     4096  startup_stm32h743xx.o(STACK)

    Global Symbols

    Symbol Name                              Value     Ov Type        Size  Object(Section)

    BuildAttributes$$THM_ISAv4$E$P$D$K$B$S$7EM$VFPv5_D16$PE$PLD8$A:L22UL41UL21$X:L11$S22US41US21$IEEE1$IW$USESV6$~STKCKD$USESV7$~SHL$OSPACE$ROPI$EBA8$MICROLIB$REQ8$PRES8$EABIv2 0x00000000   Number         0  anon$$obj.o ABSOLUTE
    __ARM_use_no_argv                        0x00000000   Number         0  main.o ABSOLUTE
    _printf_a                                0x00000000   Number         0  stubs.o ABSOLUTE
    _printf_c                                0x00000000   Number         0  stubs.o ABSOLUTE
    _printf_charcount                        0x00000000   Number         0  stubs.o ABSOLUTE
    _printf_d                                0x00000000   Number         0  stubs.o ABSOLUTE
    _printf_e                                0x00000000   Number         0  stubs.o ABSOLUTE
    _printf_f                                0x00000000   Number         0  stubs.o ABSOLUTE
    _printf_flags                            0x00000000   Number         0  stubs.o ABSOLUTE
    _printf_fp_dec                           0x00000000   Number         0  stubs.o ABSOLUTE
    _printf_fp_hex                           0x00000000   Number         0  stubs.o ABSOLUTE
    _printf_g                                0x00000000   Number         0  stubs.o ABSOLUTE
    _printf_i                                0x00000000   Number         0  stubs.o ABSOLUTE
    _printf_int_dec                          0x00000000   Number         0  stubs.o ABSOLUTE
    _printf_l                                0x00000000   Number         0  stubs.o ABSOLUTE
    _printf_lc                               0x00000000   Number         0  stubs.o ABSOLUTE
    _printf_ll                               0x00000000   Number         0  stubs.o ABSOLUTE
    _printf_lld                              0x00000000   Number         0  stubs.o ABSOLUTE
    _printf_lli                              0x00000000   Number         0  stubs.o ABSOLUTE
    _printf_llo                              0x00000000   Number         0  stubs.o ABSOLUTE
    _printf_llu                              0x00000000   Number         0  stubs.o ABSOLUTE
    _printf_llx                              0x00000000   Number         0  stubs.o ABSOLUTE
    _printf_longlong_dec                     0x00000000   Number         0  stubs.o ABSOLUTE
    _printf_longlong_hex                     0x00000000   Number         0  stubs.o ABSOLUTE
    _printf_longlong_oct                     0x00000000   Number         0  stubs.o ABSOLUTE
    _printf_ls                               0x00000000   Number         0  stubs.o ABSOLUTE
    _printf_mbtowc                           0x00000000   Number         0  stubs.o ABSOLUTE
    _printf_n                                0x00000000   Number         0  stubs.o ABSOLUTE
    _printf_o                                0x00000000   Number         0  stubs.o ABSOLUTE
    _printf_p                                0x00000000   Number         0  stubs.o ABSOLUTE
    _printf_percent                          0x00000000   Number         0  stubs.o ABSOLUTE
    _printf_pre_padding                      0x00000000   Number         0  stubs.o ABSOLUTE
    _printf_return_value                     0x00000000   Number         0  stubs.o ABSOLUTE
    _printf_s                                0x00000000   Number         0  stubs.o ABSOLUTE
    _printf_sizespec                         0x00000000   Number         0  stubs.o ABSOLUTE
    _printf_str                              0x00000000   Number         0  stubs.o ABSOLUTE
    _printf_truncate_signed                  0x00000000   Number         0  stubs.o ABSOLUTE
    _printf_truncate_unsigned                0x00000000   Number         0  stubs.o ABSOLUTE
    _printf_u                                0x00000000   Number         0  stubs.o ABSOLUTE
    _printf_wc                               0x00000000   Number         0  stubs.o ABSOLUTE
    _printf_wctomb                           0x00000000   Number         0  stubs.o ABSOLUTE
    _printf_widthprec                        0x00000000   Number         0  stubs.o ABSOLUTE
    _printf_x                                0x00000000   Number         0  stubs.o ABSOLUTE
    __arm_fini_                               - Undefined Weak Reference
    __cpp_initialize__aeabi_                  - Undefined Weak Reference
    __cxa_finalize                            - Undefined Weak Reference
    __decompress                              - Undefined Weak Reference
    _clock_init                               - Undefined Weak Reference
    _microlib_exit                            - Undefined Weak Reference
    __Vectors_Size                           0x00000298   Number         0  startup_stm32h743xx.o ABSOLUTE
    __Vectors                                0x08000000   Data           4  startup_stm32h743xx.o(RESET)
    __Vectors_End                            0x08000298   Data           0  startup_stm32h743xx.o(RESET)
    __main                                   0x08000299   Thumb Code     0  entry.o(.ARM.Collect$$$$00000000)
    _main_stk                                0x08000299   Thumb Code     0  entry2.o(.ARM.Collect$$$$00000001)
    _main_scatterload                        0x0800029d   Thumb Code     0  entry5.o(.ARM.Collect$$$$00000004)
    __main_after_scatterload                 0x080002a1   Thumb Code     0  entry5.o(.ARM.Collect$$$$00000004)
    _main_clock                              0x080002a1   Thumb Code     0  entry7b.o(.ARM.Collect$$$$00000008)
    _main_cpp_init                           0x080002a1   Thumb Code     0  entry8b.o(.ARM.Collect$$$$0000000A)
    _main_init                               0x080002a1   Thumb Code     0  entry9a.o(.ARM.Collect$$$$0000000B)
    __rt_lib_shutdown_fini                   0x080002a9   Thumb Code     0  entry12b.o(.ARM.Collect$$$$0000000E)
    __rt_final_cpp                           0x080002ad   Thumb Code     0  entry10a.o(.ARM.Collect$$$$0000000F)
    __rt_final_exit                          0x080002ad   Thumb Code     0  entry11a.o(.ARM.Collect$$$$00000011)
    Reset_Handler                            0x080002b1   Thumb Code     8  startup_stm32h743xx.o(.text)
    ADC3_IRQHandler                          0x080002cb   Thumb Code     0  startup_stm32h743xx.o(.text)
    ADC_IRQHandler                           0x080002cb   Thumb Code     0  startup_stm32h743xx.o(.text)
    BDMA_Channel0_IRQHandler                 0x080002cb   Thumb Code     0  startup_stm32h743xx.o(.text)
    BDMA_Channel1_IRQHandler                 0x080002cb   Thumb Code     0  startup_stm32h743xx.o(.text)
    BDMA_Channel2_IRQHandler                 0x080002cb   Thumb Code     0  startup_stm32h743xx.o(.text)
    BDMA_Channel3_IRQHandler                 0x080002cb   Thumb Code     0  startup_stm32h743xx.o(.text)
    BDMA_Channel4_IRQHandler                 0x080002cb   Thumb Code     0  startup_stm32h743xx.o(.text)
    BDMA_Channel5_IRQHandler                 0x080002cb   Thumb Code     0  startup_stm32h743xx.o(.text)
    BDMA_Channel6_IRQHandler                 0x080002cb   Thumb Code     0  startup_stm32h743xx.o(.text)
    BDMA_Channel7_IRQHandler                 0x080002cb   Thumb Code     0  startup_stm32h743xx.o(.text)
    CEC_IRQHandler                           0x080002cb   Thumb Code     0  startup_stm32h743xx.o(.text)
    COMP1_IRQHandler                         0x080002cb   Thumb Code     0  startup_stm32h743xx.o(.text)
    CRS_IRQHandler                           0x080002cb   Thumb Code     0  startup_stm32h743xx.o(.text)
    DCMI_IRQHandler                          0x080002cb   Thumb Code     0  startup_stm32h743xx.o(.text)
    DFSDM1_FLT0_IRQHandler                   0x080002cb   Thumb Code     0  startup_stm32h743xx.o(.text)
    DFSDM1_FLT1_IRQHandler                   0x080002cb   Thumb Code     0  startup_stm32h743xx.o(.text)
    DFSDM1_FLT2_IRQHandler                   0x080002cb   Thumb Code     0  startup_stm32h743xx.o(.text)
    DFSDM1_FLT3_IRQHandler                   0x080002cb   Thumb Code     0  startup_stm32h743xx.o(.text)
    DMA1_Stream0_IRQHandler                  0x080002cb   Thumb Code     0  startup_stm32h743xx.o(.text)
    DMA1_Stream1_IRQHandler                  0x080002cb   Thumb Code     0  startup_stm32h743xx.o(.text)
    DMA1_Stream2_IRQHandler                  0x080002cb   Thumb Code     0  startup_stm32h743xx.o(.text)
    DMA1_Stream3_IRQHandler                  0x080002cb   Thumb Code     0  startup_stm32h743xx.o(.text)
    DMA1_Stream4_IRQHandler                  0x080002cb   Thumb Code     0  startup_stm32h743xx.o(.text)
    DMA1_Stream5_IRQHandler                  0x080002cb   Thumb Code     0  startup_stm32h743xx.o(.text)
    DMA1_Stream6_IRQHandler                  0x080002cb   Thumb Code     0  startup_stm32h743xx.o(.text)
    DMA1_Stream7_IRQHandler                  0x080002cb   Thumb Code     0  startup_stm32h743xx.o(.text)
    DMA2D_IRQHandler                         0x080002cb   Thumb Code     0  startup_stm32h743xx.o(.text)
    DMA2_Stream0_IRQHandler                  0x080002cb   Thumb Code     0  startup_stm32h743xx.o(.text)
    DMA2_Stream1_IRQHandler                  0x080002cb   Thumb Code     0  startup_stm32h743xx.o(.text)
    DMA2_Stream2_IRQHandler                  0x080002cb   Thumb Code     0  startup_stm32h743xx.o(.text)
    DMA2_Stream3_IRQHandler                  0x080002cb   Thumb Code     0  startup_stm32h743xx.o(.text)
    DMA2_Stream4_IRQHandler                  0x080002cb   Thumb Code     0  startup_stm32h743xx.o(.text)
    DMA2_Stream5_IRQHandler                  0x080002cb   Thumb Code     0  startup_stm32h743xx.o(.text)
    DMA2_Stream6_IRQHandler                  0x080002cb   Thumb Code     0  startup_stm32h743xx.o(.text)
    DMA2_Stream7_IRQHandler                  0x080002cb   Thumb Code     0  startup_stm32h743xx.o(.text)
    DMAMUX1_OVR_IRQHandler                   0x080002cb   Thumb Code     0  startup_stm32h743xx.o(.text)
    DMAMUX2_OVR_IRQHandler                   0x080002cb   Thumb Code     0  startup_stm32h743xx.o(.text)
    ECC_IRQHandler                           0x080002cb   Thumb Code     0  startup_stm32h743xx.o(.text)
    ETH_IRQHandler                           0x080002cb   Thumb Code     0  startup_stm32h743xx.o(.text)
    ETH_WKUP_IRQHandler                      0x080002cb   Thumb Code     0  startup_stm32h743xx.o(.text)
    EXTI0_IRQHandler                         0x080002cb   Thumb Code     0  startup_stm32h743xx.o(.text)
    EXTI15_10_IRQHandler                     0x080002cb   Thumb Code     0  startup_stm32h743xx.o(.text)
    EXTI1_IRQHandler                         0x080002cb   Thumb Code     0  startup_stm32h743xx.o(.text)
    EXTI2_IRQHandler                         0x080002cb   Thumb Code     0  startup_stm32h743xx.o(.text)
    EXTI3_IRQHandler                         0x080002cb   Thumb Code     0  startup_stm32h743xx.o(.text)
    EXTI4_IRQHandler                         0x080002cb   Thumb Code     0  startup_stm32h743xx.o(.text)
    EXTI9_5_IRQHandler                       0x080002cb   Thumb Code     0  startup_stm32h743xx.o(.text)
    FDCAN1_IT0_IRQHandler                    0x080002cb   Thumb Code     0  startup_stm32h743xx.o(.text)
    FDCAN1_IT1_IRQHandler                    0x080002cb   Thumb Code     0  startup_stm32h743xx.o(.text)
    FDCAN2_IT0_IRQHandler                    0x080002cb   Thumb Code     0  startup_stm32h743xx.o(.text)
    FDCAN2_IT1_IRQHandler                    0x080002cb   Thumb Code     0  startup_stm32h743xx.o(.text)
    FDCAN_CAL_IRQHandler                     0x080002cb   Thumb Code     0  startup_stm32h743xx.o(.text)
    FLASH_IRQHandler                         0x080002cb   Thumb Code     0  startup_stm32h743xx.o(.text)
    FMC_IRQHandler                           0x080002cb   Thumb Code     0  startup_stm32h743xx.o(.text)
    FPU_IRQHandler                           0x080002cb   Thumb Code     0  startup_stm32h743xx.o(.text)
    HRTIM1_FLT_IRQHandler                    0x080002cb   Thumb Code     0  startup_stm32h743xx.o(.text)
    HRTIM1_Master_IRQHandler                 0x080002cb   Thumb Code     0  startup_stm32h743xx.o(.text)
    HRTIM1_TIMA_IRQHandler                   0x080002cb   Thumb Code     0  startup_stm32h743xx.o(.text)
    HRTIM1_TIMB_IRQHandler                   0x080002cb   Thumb Code     0  startup_stm32h743xx.o(.text)
    HRTIM1_TIMC_IRQHandler                   0x080002cb   Thumb Code     0  startup_stm32h743xx.o(.text)
    HRTIM1_TIMD_IRQHandler                   0x080002cb   Thumb Code     0  startup_stm32h743xx.o(.text)
    HRTIM1_TIME_IRQHandler                   0x080002cb   Thumb Code     0  startup_stm32h743xx.o(.text)
    HSEM1_IRQHandler                         0x080002cb   Thumb Code     0  startup_stm32h743xx.o(.text)
    I2C1_ER_IRQHandler                       0x080002cb   Thumb Code     0  startup_stm32h743xx.o(.text)
    I2C1_EV_IRQHandler                       0x080002cb   Thumb Code     0  startup_stm32h743xx.o(.text)
    I2C2_ER_IRQHandler                       0x080002cb   Thumb Code     0  startup_stm32h743xx.o(.text)
    I2C2_EV_IRQHandler                       0x080002cb   Thumb Code     0  startup_stm32h743xx.o(.text)
    I2C3_ER_IRQHandler                       0x080002cb   Thumb Code     0  startup_stm32h743xx.o(.text)
    I2C3_EV_IRQHandler                       0x080002cb   Thumb Code     0  startup_stm32h743xx.o(.text)
    I2C4_ER_IRQHandler                       0x080002cb   Thumb Code     0  startup_stm32h743xx.o(.text)
    I2C4_EV_IRQHandler                       0x080002cb   Thumb Code     0  startup_stm32h743xx.o(.text)
    JPEG_IRQHandler                          0x080002cb   Thumb Code     0  startup_stm32h743xx.o(.text)
    LPTIM1_IRQHandler                        0x080002cb   Thumb Code     0  startup_stm32h743xx.o(.text)
    LPTIM2_IRQHandler                        0x080002cb   Thumb Code     0  startup_stm32h743xx.o(.text)
    LPTIM3_IRQHandler                        0x080002cb   Thumb Code     0  startup_stm32h743xx.o(.text)
    LPTIM4_IRQHandler                        0x080002cb   Thumb Code     0  startup_stm32h743xx.o(.text)
    LPTIM5_IRQHandler                        0x080002cb   Thumb Code     0  startup_stm32h743xx.o(.text)
    LPUART1_IRQHandler                       0x080002cb   Thumb Code     0  startup_stm32h743xx.o(.text)
    LTDC_ER_IRQHandler                       0x080002cb   Thumb Code     0  startup_stm32h743xx.o(.text)
    LTDC_IRQHandler                          0x080002cb   Thumb Code     0  startup_stm32h743xx.o(.text)
    MDIOS_IRQHandler                         0x080002cb   Thumb Code     0  startup_stm32h743xx.o(.text)
    MDIOS_WKUP_IRQHandler                    0x080002cb   Thumb Code     0  startup_stm32h743xx.o(.text)
    MDMA_IRQHandler                          0x080002cb   Thumb Code     0  startup_stm32h743xx.o(.text)
    OTG_FS_EP1_IN_IRQHandler                 0x080002cb   Thumb Code     0  startup_stm32h743xx.o(.text)
    OTG_FS_EP1_OUT_IRQHandler                0x080002cb   Thumb Code     0  startup_stm32h743xx.o(.text)
    OTG_FS_IRQHandler                        0x080002cb   Thumb Code     0  startup_stm32h743xx.o(.text)
    OTG_FS_WKUP_IRQHandler                   0x080002cb   Thumb Code     0  startup_stm32h743xx.o(.text)
    OTG_HS_EP1_IN_IRQHandler                 0x080002cb   Thumb Code     0  startup_stm32h743xx.o(.text)
    OTG_HS_EP1_OUT_IRQHandler                0x080002cb   Thumb Code     0  startup_stm32h743xx.o(.text)
    OTG_HS_IRQHandler                        0x080002cb   Thumb Code     0  startup_stm32h743xx.o(.text)
    OTG_HS_WKUP_IRQHandler                   0x080002cb   Thumb Code     0  startup_stm32h743xx.o(.text)
    PVD_AVD_IRQHandler                       0x080002cb   Thumb Code     0  startup_stm32h743xx.o(.text)
    QUADSPI_IRQHandler                       0x080002cb   Thumb Code     0  startup_stm32h743xx.o(.text)
    RCC_IRQHandler                           0x080002cb   Thumb Code     0  startup_stm32h743xx.o(.text)
    RNG_IRQHandler                           0x080002cb   Thumb Code     0  startup_stm32h743xx.o(.text)
    RTC_Alarm_IRQHandler                     0x080002cb   Thumb Code     0  startup_stm32h743xx.o(.text)
    RTC_WKUP_IRQHandler                      0x080002cb   Thumb Code     0  startup_stm32h743xx.o(.text)
    SAI1_IRQHandler                          0x080002cb   Thumb Code     0  startup_stm32h743xx.o(.text)
    SAI2_IRQHandler                          0x080002cb   Thumb Code     0  startup_stm32h743xx.o(.text)
    SAI3_IRQHandler                          0x080002cb   Thumb Code     0  startup_stm32h743xx.o(.text)
    SAI4_IRQHandler                          0x080002cb   Thumb Code     0  startup_stm32h743xx.o(.text)
    SDMMC1_IRQHandler                        0x080002cb   Thumb Code     0  startup_stm32h743xx.o(.text)
    SDMMC2_IRQHandler                        0x080002cb   Thumb Code     0  startup_stm32h743xx.o(.text)
    SPDIF_RX_IRQHandler                      0x080002cb   Thumb Code     0  startup_stm32h743xx.o(.text)
    SPI1_IRQHandler                          0x080002cb   Thumb Code     0  startup_stm32h743xx.o(.text)
    SPI2_IRQHandler                          0x080002cb   Thumb Code     0  startup_stm32h743xx.o(.text)
    SPI3_IRQHandler                          0x080002cb   Thumb Code     0  startup_stm32h743xx.o(.text)
    SPI4_IRQHandler                          0x080002cb   Thumb Code     0  startup_stm32h743xx.o(.text)
    SPI5_IRQHandler                          0x080002cb   Thumb Code     0  startup_stm32h743xx.o(.text)
    SPI6_IRQHandler                          0x080002cb   Thumb Code     0  startup_stm32h743xx.o(.text)
    SWPMI1_IRQHandler                        0x080002cb   Thumb Code     0  startup_stm32h743xx.o(.text)
    TAMP_STAMP_IRQHandler                    0x080002cb   Thumb Code     0  startup_stm32h743xx.o(.text)
    TIM15_IRQHandler                         0x080002cb   Thumb Code     0  startup_stm32h743xx.o(.text)
    TIM16_IRQHandler                         0x080002cb   Thumb Code     0  startup_stm32h743xx.o(.text)
    TIM17_IRQHandler                         0x080002cb   Thumb Code     0  startup_stm32h743xx.o(.text)
    TIM1_BRK_IRQHandler                      0x080002cb   Thumb Code     0  startup_stm32h743xx.o(.text)
    TIM1_CC_IRQHandler                       0x080002cb   Thumb Code     0  startup_stm32h743xx.o(.text)
    TIM1_TRG_COM_IRQHandler                  0x080002cb   Thumb Code     0  startup_stm32h743xx.o(.text)
    TIM1_UP_IRQHandler                       0x080002cb   Thumb Code     0  startup_stm32h743xx.o(.text)
    TIM3_IRQHandler                          0x080002cb   Thumb Code     0  startup_stm32h743xx.o(.text)
    TIM4_IRQHandler                          0x080002cb   Thumb Code     0  startup_stm32h743xx.o(.text)
    TIM5_IRQHandler                          0x080002cb   Thumb Code     0  startup_stm32h743xx.o(.text)
    TIM6_DAC_IRQHandler                      0x080002cb   Thumb Code     0  startup_stm32h743xx.o(.text)
    TIM7_IRQHandler                          0x080002cb   Thumb Code     0  startup_stm32h743xx.o(.text)
    TIM8_BRK_TIM12_IRQHandler                0x080002cb   Thumb Code     0  startup_stm32h743xx.o(.text)
    TIM8_CC_IRQHandler                       0x080002cb   Thumb Code     0  startup_stm32h743xx.o(.text)
    TIM8_TRG_COM_TIM14_IRQHandler            0x080002cb   Thumb Code     0  startup_stm32h743xx.o(.text)
    TIM8_UP_TIM13_IRQHandler                 0x080002cb   Thumb Code     0  startup_stm32h743xx.o(.text)
    UART4_IRQHandler                         0x080002cb   Thumb Code     0  startup_stm32h743xx.o(.text)
    UART5_IRQHandler                         0x080002cb   Thumb Code     0  startup_stm32h743xx.o(.text)
    UART7_IRQHandler                         0x080002cb   Thumb Code     0  startup_stm32h743xx.o(.text)
    UART8_IRQHandler                         0x080002cb   Thumb Code     0  startup_stm32h743xx.o(.text)
    USART2_IRQHandler                        0x080002cb   Thumb Code     0  startup_stm32h743xx.o(.text)
    USART6_IRQHandler                        0x080002cb   Thumb Code     0  startup_stm32h743xx.o(.text)
    WAKEUP_PIN_IRQHandler                    0x080002cb   Thumb Code     0  startup_stm32h743xx.o(.text)
    WWDG_IRQHandler                          0x080002cb   Thumb Code     0  startup_stm32h743xx.o(.text)
    __aeabi_uldivmod                         0x080002d5   Thumb Code    98  uldiv.o(.text)
    __aeabi_memcpy                           0x08000337   Thumb Code    36  memcpya.o(.text)
    __aeabi_memcpy4                          0x08000337   Thumb Code     0  memcpya.o(.text)
    __aeabi_memcpy8                          0x08000337   Thumb Code     0  memcpya.o(.text)
    __aeabi_memset                           0x0800035b   Thumb Code    14  memseta.o(.text)
    __aeabi_memset4                          0x0800035b   Thumb Code     0  memseta.o(.text)
    __aeabi_memset8                          0x0800035b   Thumb Code     0  memseta.o(.text)
    __aeabi_memclr                           0x08000369   Thumb Code     4  memseta.o(.text)
    __aeabi_memclr4                          0x08000369   Thumb Code     0  memseta.o(.text)
    __aeabi_memclr8                          0x08000369   Thumb Code     0  memseta.o(.text)
    _memset$wrapper                          0x0800036d   Thumb Code    18  memseta.o(.text)
    __aeabi_llsl                             0x0800037f   Thumb Code    30  llshl.o(.text)
    _ll_shift_l                              0x0800037f   Thumb Code     0  llshl.o(.text)
    __aeabi_llsr                             0x0800039d   Thumb Code    32  llushr.o(.text)
    _ll_ushift_r                             0x0800039d   Thumb Code     0  llushr.o(.text)
    __scatterload                            0x080003bd   Thumb Code    28  init.o(.text)
    __scatterload_rt2                        0x080003bd   Thumb Code     0  init.o(.text)
    HardFault_Handler                        0x080003e1   Thumb Code     0  hardfaulthandler.o(OSKERNEL)
    BEBufToUint16                            0x080003f3   Thumb Code    12  bsp_user_lib.o(i.BEBufToUint16)
    BusFault_Handler                         0x080003ff   Thumb Code     4  stm32h7xx_it.o(i.BusFault_Handler)
    CRC16_Modbus                             0x080004bd   Thumb Code    48  bsp_user_lib.o(i.CRC16_Modbus)
    ComToUart                                0x080004f5   Thumb Code    80  bsp_uart_fifo.o(i.ComToUart)
    DebugMon_Handler                         0x08000571   Thumb Code     2  stm32h7xx_it.o(i.DebugMon_Handler)
    Error_Handler                            0x08000573   Thumb Code     8  bsp.o(i.Error_Handler)
    FMC_NORSRAM_Extended_Timing_Init         0x0800057d   Thumb Code    62  stm32h7xx_ll_fmc.o(i.FMC_NORSRAM_Extended_Timing_Init)
    FMC_NORSRAM_Init                         0x080005c1   Thumb Code   160  stm32h7xx_ll_fmc.o(i.FMC_NORSRAM_Init)
    FMC_NORSRAM_Timing_Init                  0x08000665   Thumb Code   102  stm32h7xx_ll_fmc.o(i.FMC_NORSRAM_Timing_Init)
    HAL_EnableCompensationCell               0x080006cd   Thumb Code    14  stm32h7xx_hal.o(i.HAL_EnableCompensationCell)
    HAL_GPIO_Init                            0x080006e1   Thumb Code   468  stm32h7xx_hal_gpio.o(i.HAL_GPIO_Init)
    HAL_GetREVID                             0x080008e9   Thumb Code     8  stm32h7xx_hal.o(i.HAL_GetREVID)
    HAL_GetTick                              0x080008f5   Thumb Code     6  stm32h7xx_hal.o(i.HAL_GetTick)
    HAL_IncTick                              0x08000901   Thumb Code    16  stm32h7xx_hal.o(i.HAL_IncTick)
    HAL_Init                                 0x08000919   Thumb Code    80  stm32h7xx_hal.o(i.HAL_Init)
    HAL_InitTick                             0x08000979   Thumb Code    74  stm32h7xx_hal.o(i.HAL_InitTick)
    HAL_MPU_ConfigRegion                     0x080009d1   Thumb Code    88  stm32h7xx_hal_cortex.o(i.HAL_MPU_ConfigRegion)
    HAL_MPU_Disable                          0x08000a2d   Thumb Code    26  stm32h7xx_hal_cortex.o(i.HAL_MPU_Disable)
    HAL_MPU_Enable                           0x08000a4d   Thumb Code    34  stm32h7xx_hal_cortex.o(i.HAL_MPU_Enable)
    HAL_MspInit                              0x08000a75   Thumb Code     2  stm32h7xx_hal.o(i.HAL_MspInit)
    HAL_NVIC_EnableIRQ                       0x08000a77   Thumb Code    40  stm32h7xx_hal_cortex.o(i.HAL_NVIC_EnableIRQ)
    HAL_NVIC_SetPriority                     0x08000a9f   Thumb Code   122  stm32h7xx_hal_cortex.o(i.HAL_NVIC_SetPriority)
    HAL_NVIC_SetPriorityGrouping             0x08000b19   Thumb Code    32  stm32h7xx_hal_cortex.o(i.HAL_NVIC_SetPriorityGrouping)
    HAL_RCCEx_GetD3PCLK1Freq                 0x08000b41   Thumb Code    26  stm32h7xx_hal_rcc_ex.o(i.HAL_RCCEx_GetD3PCLK1Freq)
    HAL_RCCEx_GetPLL2ClockFreq               0x08000b65   Thumb Code   536  stm32h7xx_hal_rcc_ex.o(i.HAL_RCCEx_GetPLL2ClockFreq)
    HAL_RCCEx_GetPLL3ClockFreq               0x08000d95   Thumb Code   536  stm32h7xx_hal_rcc_ex.o(i.HAL_RCCEx_GetPLL3ClockFreq)
    HAL_RCCEx_PeriphCLKConfig                0x08000fc5   Thumb Code  2876  stm32h7xx_hal_rcc_ex.o(i.HAL_RCCEx_PeriphCLKConfig)
    HAL_RCC_ClockConfig                      0x08001b05   Thumb Code   774  stm32h7xx_hal_rcc.o(i.HAL_RCC_ClockConfig)
    HAL_RCC_GetHCLKFreq                      0x08001e25   Thumb Code    60  stm32h7xx_hal_rcc.o(i.HAL_RCC_GetHCLKFreq)
    HAL_RCC_GetPCLK1Freq                     0x08001e71   Thumb Code    26  stm32h7xx_hal_rcc.o(i.HAL_RCC_GetPCLK1Freq)
    HAL_RCC_GetPCLK2Freq                     0x08001e95   Thumb Code    26  stm32h7xx_hal_rcc.o(i.HAL_RCC_GetPCLK2Freq)
    HAL_RCC_GetSysClockFreq                  0x08001eb9   Thumb Code   524  stm32h7xx_hal_rcc.o(i.HAL_RCC_GetSysClockFreq)
    HAL_RCC_OscConfig                        0x080020e5   Thumb Code  1994  stm32h7xx_hal_rcc.o(i.HAL_RCC_OscConfig)
    HAL_SRAM_Init                            0x080028b9   Thumb Code   106  stm32h7xx_hal_sram.o(i.HAL_SRAM_Init)
    HAL_SRAM_MspInit                         0x08002929   Thumb Code     2  stm32h7xx_hal_sram.o(i.HAL_SRAM_MspInit)
    HAL_SYSTICK_Config                       0x0800292b   Thumb Code    52  stm32h7xx_hal_cortex.o(i.HAL_SYSTICK_Config)
    HAL_TIM_Base_Init                        0x0800295f   Thumb Code   110  stm32h7xx_hal_tim.o(i.HAL_TIM_Base_Init)
    HAL_TIM_Base_MspInit                     0x080029cd   Thumb Code     2  stm32h7xx_hal_tim.o(i.HAL_TIM_Base_MspInit)
    HAL_TIM_Base_Start                       0x080029d1   Thumb Code    56  stm32h7xx_hal_tim.o(i.HAL_TIM_Base_Start)
    HAL_UART_Init                            0x08002a0d   Thumb Code   120  stm32h7xx_hal_uart.o(i.HAL_UART_Init)
    HAL_UART_MspInit                         0x08002a85   Thumb Code     2  stm32h7xx_hal_uart.o(i.HAL_UART_MspInit)
    HC574_GetPin                             0x08002c41   Thumb Code    18  bsp_fmc_io.o(i.HC574_GetPin)
    HC574_SetPin                             0x08002c59   Thumb Code    34  bsp_fmc_io.o(i.HC574_SetPin)
    HardFaultHandler                         0x08002c85   Thumb Code   202  segger_hardfaulthandler.o(i.HardFaultHandler)
    MODS_Poll                                0x08003751   Thumb Code    66  modbus_slave.o(i.MODS_Poll)
    MODS_ReciveNew                           0x080037cd   Thumb Code    80  modbus_slave.o(i.MODS_ReciveNew)
    MemManage_Handler                        0x08003981   Thumb Code     4  stm32h7xx_it.o(i.MemManage_Handler)
    NMI_Handler                              0x08003985   Thumb Code     2  stm32h7xx_it.o(i.NMI_Handler)
    PendSV_Handler                           0x08003987   Thumb Code     2  stm32h7xx_it.o(i.PendSV_Handler)
    RS485_InitTXE                            0x08003ebd   Thumb Code    60  bsp_uart_fifo.o(i.RS485_InitTXE)
    RS485_ReciveNew                          0x08003f01   Thumb Code    12  bsp_uart_fifo.o(i.RS485_ReciveNew)
    RS485_SendBefor                          0x08003f0d   Thumb Code     8  bsp_uart_fifo.o(i.RS485_SendBefor)
    RS485_SendBuf                            0x08003f19   Thumb Code    18  bsp_uart_fifo.o(i.RS485_SendBuf)
    RS485_SendOver                           0x08003f2d   Thumb Code    10  bsp_uart_fifo.o(i.RS485_SendOver)
    SVC_Handler                              0x08003f3d   Thumb Code     2  stm32h7xx_it.o(i.SVC_Handler)
    SysTick_Handler                          0x08003fa9   Thumb Code    22  bsp_timer.o(i.SysTick_Handler)
    SysTick_ISR                              0x08003fc5   Thumb Code   110  bsp_timer.o(i.SysTick_ISR)
    SystemInit                               0x080041d9   Thumb Code   220  system_stm32h7xx.o(i.SystemInit)
    TIM2_IRQHandler                          0x080042dd   Thumb Code   164  bsp_timer.o(i.TIM2_IRQHandler)
    TIM_Base_SetConfig                       0x08004391   Thumb Code   170  stm32h7xx_hal_tim.o(i.TIM_Base_SetConfig)
    UART_AdvFeatureConfig                    0x0800445d   Thumb Code   248  stm32h7xx_hal_uart.o(i.UART_AdvFeatureConfig)
    UART_CheckIdleState                      0x08004555   Thumb Code   116  stm32h7xx_hal_uart.o(i.UART_CheckIdleState)
    UART_SetConfig                           0x080045c9   Thumb Code  1420  stm32h7xx_hal_uart.o(i.UART_SetConfig)
    UART_WaitOnFlagUntilTimeout              0x08004b65   Thumb Code   190  stm32h7xx_hal_uart.o(i.UART_WaitOnFlagUntilTimeout)
    USART1_IRQHandler                        0x08004c25   Thumb Code    10  bsp_uart_fifo.o(i.USART1_IRQHandler)
    USART3_IRQHandler                        0x08004c35   Thumb Code    10  bsp_uart_fifo.o(i.USART3_IRQHandler)
    UsageFault_Handler                       0x08004ee5   Thumb Code     4  stm32h7xx_it.o(i.UsageFault_Handler)
    __0printf$8                              0x08004ee9   Thumb Code    22  printf8.o(i.__0printf$8)
    __1printf$8                              0x08004ee9   Thumb Code     0  printf8.o(i.__0printf$8)
    __2printf                                0x08004ee9   Thumb Code     0  printf8.o(i.__0printf$8)
    __scatterload_copy                       0x08004f41   Thumb Code    14  handlers.o(i.__scatterload_copy)
    __scatterload_null                       0x08004f4f   Thumb Code     2  handlers.o(i.__scatterload_null)
    __scatterload_zeroinit                   0x08004f51   Thumb Code    14  handlers.o(i.__scatterload_zeroinit)
    bsp_CheckTimer                           0x080053c5   Thumb Code    48  bsp_timer.o(i.bsp_CheckTimer)
    bsp_ClearMsg                             0x080053f9   Thumb Code    14  bsp_msg.o(i.bsp_ClearMsg)
    bsp_GetKeyState                          0x080054d9   Thumb Code    12  bsp_key.o(i.bsp_GetKeyState)
    bsp_GetMsg                               0x080054e9   Thumb Code    70  bsp_msg.o(i.bsp_GetMsg)
    bsp_Idle                                 0x08005535   Thumb Code     8  bsp.o(i.bsp_Idle)
    bsp_Init                                 0x0800553d   Thumb Code    44  bsp.o(i.bsp_Init)
    bsp_InitDWT                              0x08005569   Thumb Code    30  bsp_dwt.o(i.bsp_InitDWT)
    bsp_InitExtIO                            0x08005591   Thumb Code    28  bsp_fmc_io.o(i.bsp_InitExtIO)
    bsp_InitHardTimer                        0x080055b5   Thumb Code   182  bsp_timer.o(i.bsp_InitHardTimer)
    bsp_InitKey                              0x080056b1   Thumb Code    12  bsp_key.o(i.bsp_InitKey)
    bsp_InitLed                              0x080057f5   Thumb Code    28  bsp_led.o(i.bsp_InitLed)
    bsp_InitMsg                              0x08005811   Thumb Code     8  bsp_msg.o(i.bsp_InitMsg)
    bsp_InitTimer                            0x08005819   Thumb Code   146  bsp_timer.o(i.bsp_InitTimer)
    bsp_InitUart                             0x080058c1   Thumb Code    16  bsp_uart_fifo.o(i.bsp_InitUart)
    bsp_IsLedOn                              0x080058d1   Thumb Code    58  bsp_led.o(i.bsp_IsLedOn)
    bsp_KeyScan10ms                          0x0800590b   Thumb Code    22  bsp_key.o(i.bsp_KeyScan10ms)
    bsp_LedOff                               0x08005921   Thumb Code    60  bsp_led.o(i.bsp_LedOff)
    bsp_LedOn                                0x0800595d   Thumb Code    62  bsp_led.o(i.bsp_LedOn)
    bsp_LedToggle                            0x0800599b   Thumb Code    70  bsp_led.o(i.bsp_LedToggle)
    bsp_PutKey                               0x080059e1   Thumb Code    28  bsp_key.o(i.bsp_PutKey)
    bsp_PutMsg                               0x08005a01   Thumb Code    50  bsp_msg.o(i.bsp_PutMsg)
    bsp_RunPer10ms                           0x08005a39   Thumb Code     8  bsp.o(i.bsp_RunPer10ms)
    bsp_RunPer1ms                            0x08005a41   Thumb Code     2  bsp.o(i.bsp_RunPer1ms)
    bsp_SetKeyParam                          0x08005a45   Thumb Code    30  bsp_key.o(i.bsp_SetKeyParam)
    bsp_SetUartParam                         0x08005a69   Thumb Code    72  bsp_uart_fifo.o(i.bsp_SetUartParam)
    bsp_StartAutoTimer                       0x08005af1   Thumb Code    84  bsp_timer.o(i.bsp_StartAutoTimer)
    bsp_StartHardTimer                       0x08005b8d   Thumb Code   124  bsp_timer.o(i.bsp_StartHardTimer)
    comSendBuf                               0x08005c19   Thumb Code    46  bsp_uart_fifo.o(i.comSendBuf)
    fputc                                    0x08005c49   Thumb Code    20  bsp_uart_fifo.o(i.fputc)
    main                                     0x08005c61   Thumb Code    70  main.o(i.main)
    s_CRCLo                                  0x08005e18   Data         256  bsp_user_lib.o(.constdata)
    ModbusBaudRate                           0x08005f18   Data          64  modbus_slave.o(.constdata)
    UARTPrescTable                           0x08005f58   Data          24  stm32h7xx_hal_uart.o(.constdata)
    D1CorePrescTable                         0x08005f70   Data          16  system_stm32h7xx.o(.constdata)
    Region$$Table$$Base                      0x08005f80   Number         0  anon$$obj.o(Region$$Table)
    Region$$Table$$Limit                     0x08005fa0   Number         0  anon$$obj.o(Region$$Table)
    g_iRunTime                               0x24000018   Data           4  bsp_timer.o(.data)
    g_HC574                                  0x24000020   Data           4  bsp_fmc_io.o(.data)
    uwTick                                   0x24000028   Data           4  stm32h7xx_hal.o(.data)
    uwTickPrio                               0x2400002c   Data           4  stm32h7xx_hal.o(.data)
    uwTickFreq                               0x24000030   Data           1  stm32h7xx_hal.o(.data)
    SystemCoreClock                          0x24000034   Data           4  system_stm32h7xx.o(.data)
    SystemD2Clock                            0x24000038   Data           4  system_stm32h7xx.o(.data)
    __stdout                                 0x24000040   Data           4  stdout.o(.data)
    g_tMsg                                   0x24000044   Data         324  bsp_msg.o(.bss)
    g_tModS                                  0x240012c0   Data         163  modbus_slave.o(.bss)
    g_tVar                                   0x24001364   Data          14  modbus_slave.o(.bss)
    __initial_sp                             0x240023b8   Data           0  startup_stm32h743xx.o(STACK)



==============================================================================

Memory Map of the image

  Image Entry point : 0x08000299

  Load Region LR_IROM1 (Base: 0x08000000, Size: 0x00005fe4, Max: 0x00200000, ABSOLUTE)

    Execution Region ER_IROM1 (Exec base: 0x08000000, Load base: 0x08000000, Size: 0x00005fa0, Max: 0x00200000, ABSOLUTE)

    Exec Addr    Load Addr    Size         Type   Attr      Idx    E Section Name        Object

    0x08000000   0x08000000   0x00000298   Data   RO         1506    RESET               startup_stm32h743xx.o
    0x08000298   0x08000298   0x00000000   Code   RO         5526  * .ARM.Collect$$$$00000000  mc_w.l(entry.o)
    0x08000298   0x08000298   0x00000004   Code   RO         5802    .ARM.Collect$$$$00000001  mc_w.l(entry2.o)
    0x0800029c   0x0800029c   0x00000004   Code   RO         5805    .ARM.Collect$$$$00000004  mc_w.l(entry5.o)
    0x080002a0   0x080002a0   0x00000000   Code   RO         5807    .ARM.Collect$$$$00000008  mc_w.l(entry7b.o)
    0x080002a0   0x080002a0   0x00000000   Code   RO         5809    .ARM.Collect$$$$0000000A  mc_w.l(entry8b.o)
    0x080002a0   0x080002a0   0x00000008   Code   RO         5810    .ARM.Collect$$$$0000000B  mc_w.l(entry9a.o)
    0x080002a8   0x080002a8   0x00000004   Code   RO         5817    .ARM.Collect$$$$0000000E  mc_w.l(entry12b.o)
    0x080002ac   0x080002ac   0x00000000   Code   RO         5812    .ARM.Collect$$$$0000000F  mc_w.l(entry10a.o)
    0x080002ac   0x080002ac   0x00000000   Code   RO         5814    .ARM.Collect$$$$00000011  mc_w.l(entry11a.o)
    0x080002ac   0x080002ac   0x00000004   Code   RO         5803    .ARM.Collect$$$$00002712  mc_w.l(entry2.o)
    0x080002b0   0x080002b0   0x00000024   Code   RO         1507    .text               startup_stm32h743xx.o
    0x080002d4   0x080002d4   0x00000062   Code   RO         5529    .text               mc_w.l(uldiv.o)
    0x08000336   0x08000336   0x00000024   Code   RO         5533    .text               mc_w.l(memcpya.o)
    0x0800035a   0x0800035a   0x00000024   Code   RO         5535    .text               mc_w.l(memseta.o)
    0x0800037e   0x0800037e   0x0000001e   Code   RO         5821    .text               mc_w.l(llshl.o)
    0x0800039c   0x0800039c   0x00000020   Code   RO         5823    .text               mc_w.l(llushr.o)
    0x080003bc   0x080003bc   0x00000024   Code   RO         5836    .text               mc_w.l(init.o)
    0x080003e0   0x080003e0   0x00000012   Code   RO         5496    OSKERNEL            hardfaulthandler.o
    0x080003f2   0x080003f2   0x0000000c   Code   RO         1289    i.BEBufToUint16     bsp_user_lib.o
    0x080003fe   0x080003fe   0x00000004   Code   RO         1158    i.BusFault_Handler  stm32h7xx_it.o
    0x08000402   0x08000402   0x00000002   PAD
    0x08000404   0x08000404   0x000000b8   Code   RO          431    i.CPU_CACHE_Enable  bsp.o
    0x080004bc   0x080004bc   0x00000038   Code   RO         1292    i.CRC16_Modbus      bsp_user_lib.o
    0x080004f4   0x080004f4   0x0000007c   Code   RO          977    i.ComToUart         bsp_uart_fifo.o
    0x08000570   0x08000570   0x00000002   Code   RO         1159    i.DebugMon_Handler  stm32h7xx_it.o
    0x08000572   0x08000572   0x00000008   Code   RO          432    i.Error_Handler     bsp.o
    0x0800057a   0x0800057a   0x00000002   PAD
    0x0800057c   0x0800057c   0x00000044   Code   RO         3561    i.FMC_NORSRAM_Extended_Timing_Init  stm32h7xx_ll_fmc.o
    0x080005c0   0x080005c0   0x000000a4   Code   RO         3562    i.FMC_NORSRAM_Init  stm32h7xx_ll_fmc.o
    0x08000664   0x08000664   0x00000066   Code   RO         3563    i.FMC_NORSRAM_Timing_Init  stm32h7xx_ll_fmc.o
    0x080006ca   0x080006ca   0x00000002   PAD
    0x080006cc   0x080006cc   0x00000014   Code   RO         1530    i.HAL_EnableCompensationCell  stm32h7xx_hal.o
    0x080006e0   0x080006e0   0x00000208   Code   RO         2101    i.HAL_GPIO_Init     stm32h7xx_hal_gpio.o
    0x080008e8   0x080008e8   0x0000000c   Code   RO         1536    i.HAL_GetREVID      stm32h7xx_hal.o
    0x080008f4   0x080008f4   0x0000000c   Code   RO         1537    i.HAL_GetTick       stm32h7xx_hal.o
    0x08000900   0x08000900   0x00000018   Code   RO         1543    i.HAL_IncTick       stm32h7xx_hal.o
    0x08000918   0x08000918   0x00000060   Code   RO         1544    i.HAL_Init          stm32h7xx_hal.o
    0x08000978   0x08000978   0x00000058   Code   RO         1545    i.HAL_InitTick      stm32h7xx_hal.o
    0x080009d0   0x080009d0   0x0000005c   Code   RO         1851    i.HAL_MPU_ConfigRegion  stm32h7xx_hal_cortex.o
    0x08000a2c   0x08000a2c   0x00000020   Code   RO         1852    i.HAL_MPU_Disable   stm32h7xx_hal_cortex.o
    0x08000a4c   0x08000a4c   0x00000028   Code   RO         1853    i.HAL_MPU_Enable    stm32h7xx_hal_cortex.o
    0x08000a74   0x08000a74   0x00000002   Code   RO         1547    i.HAL_MspInit       stm32h7xx_hal.o
    0x08000a76   0x08000a76   0x00000028   Code   RO         1856    i.HAL_NVIC_EnableIRQ  stm32h7xx_hal_cortex.o
    0x08000a9e   0x08000a9e   0x0000007a   Code   RO         1862    i.HAL_NVIC_SetPriority  stm32h7xx_hal_cortex.o
    0x08000b18   0x08000b18   0x00000028   Code   RO         1863    i.HAL_NVIC_SetPriorityGrouping  stm32h7xx_hal_cortex.o
    0x08000b40   0x08000b40   0x00000024   Code   RO         2178    i.HAL_RCCEx_GetD3PCLK1Freq  stm32h7xx_hal_rcc_ex.o
    0x08000b64   0x08000b64   0x00000230   Code   RO         2180    i.HAL_RCCEx_GetPLL2ClockFreq  stm32h7xx_hal_rcc_ex.o
    0x08000d94   0x08000d94   0x00000230   Code   RO         2181    i.HAL_RCCEx_GetPLL3ClockFreq  stm32h7xx_hal_rcc_ex.o
    0x08000fc4   0x08000fc4   0x00000b40   Code   RO         2187    i.HAL_RCCEx_PeriphCLKConfig  stm32h7xx_hal_rcc_ex.o
    0x08001b04   0x08001b04   0x00000320   Code   RO         1997    i.HAL_RCC_ClockConfig  stm32h7xx_hal_rcc.o
    0x08001e24   0x08001e24   0x0000004c   Code   RO         2002    i.HAL_RCC_GetHCLKFreq  stm32h7xx_hal_rcc.o
    0x08001e70   0x08001e70   0x00000024   Code   RO         2004    i.HAL_RCC_GetPCLK1Freq  stm32h7xx_hal_rcc.o
    0x08001e94   0x08001e94   0x00000024   Code   RO         2005    i.HAL_RCC_GetPCLK2Freq  stm32h7xx_hal_rcc.o
    0x08001eb8   0x08001eb8   0x0000022c   Code   RO         2006    i.HAL_RCC_GetSysClockFreq  stm32h7xx_hal_rcc.o
    0x080020e4   0x080020e4   0x000007d4   Code   RO         2009    i.HAL_RCC_OscConfig  stm32h7xx_hal_rcc.o
    0x080028b8   0x080028b8   0x00000070   Code   RO         4212    i.HAL_SRAM_Init     stm32h7xx_hal_sram.o
    0x08002928   0x08002928   0x00000002   Code   RO         4214    i.HAL_SRAM_MspInit  stm32h7xx_hal_sram.o
    0x0800292a   0x0800292a   0x00000034   Code   RO         1867    i.HAL_SYSTICK_Config  stm32h7xx_hal_cortex.o
    0x0800295e   0x0800295e   0x0000006e   Code   RO         2537    i.HAL_TIM_Base_Init  stm32h7xx_hal_tim.o
    0x080029cc   0x080029cc   0x00000002   Code   RO         2539    i.HAL_TIM_Base_MspInit  stm32h7xx_hal_tim.o
    0x080029ce   0x080029ce   0x00000002   PAD
    0x080029d0   0x080029d0   0x0000003c   Code   RO         2540    i.HAL_TIM_Base_Start  stm32h7xx_hal_tim.o
    0x08002a0c   0x08002a0c   0x00000078   Code   RO         3731    i.HAL_UART_Init     stm32h7xx_hal_uart.o
    0x08002a84   0x08002a84   0x00000002   Code   RO         3733    i.HAL_UART_MspInit  stm32h7xx_hal_uart.o
    0x08002a86   0x08002a86   0x00000002   PAD
    0x08002a88   0x08002a88   0x000000a0   Code   RO          912    i.HC574_ConfigFMC   bsp_fmc_io.o
    0x08002b28   0x08002b28   0x00000118   Code   RO          913    i.HC574_ConfigGPIO  bsp_fmc_io.o
    0x08002c40   0x08002c40   0x00000018   Code   RO          914    i.HC574_GetPin      bsp_fmc_io.o
    0x08002c58   0x08002c58   0x0000002c   Code   RO          915    i.HC574_SetPin      bsp_fmc_io.o
    0x08002c84   0x08002c84   0x00000108   Code   RO         5502    i.HardFaultHandler  segger_hardfaulthandler.o
    0x08002d8c   0x08002d8c   0x000001c0   Code   RO          978    i.InitHardUart      bsp_uart_fifo.o
    0x08002f4c   0x08002f4c   0x00000076   Code   RO          620    i.IsKeyDownFunc     bsp_key.o
    0x08002fc2   0x08002fc2   0x00000002   PAD
    0x08002fc4   0x08002fc4   0x00000034   Code   RO          621    i.KeyPinActive      bsp_key.o
    0x08002ff8   0x08002ff8   0x00000154   Code   RO         1399    i.MODS_01H          modbus_slave.o
    0x0800314c   0x0800314c   0x00000150   Code   RO         1400    i.MODS_02H          modbus_slave.o
    0x0800329c   0x0800329c   0x00000130   Code   RO         1401    i.MODS_03H          modbus_slave.o
    0x080033cc   0x080033cc   0x00000150   Code   RO         1402    i.MODS_04H          modbus_slave.o
    0x0800351c   0x0800351c   0x000000a0   Code   RO         1403    i.MODS_05H          modbus_slave.o
    0x080035bc   0x080035bc   0x00000064   Code   RO         1404    i.MODS_06H          modbus_slave.o
    0x08003620   0x08003620   0x0000008c   Code   RO         1405    i.MODS_10H          modbus_slave.o
    0x080036ac   0x080036ac   0x000000a4   Code   RO         1406    i.MODS_AnalyzeApp   modbus_slave.o
    0x08003750   0x08003750   0x0000004c   Code   RO         1407    i.MODS_Poll         modbus_slave.o
    0x0800379c   0x0800379c   0x00000030   Code   RO         1408    i.MODS_ReadRegValue  modbus_slave.o
    0x080037cc   0x080037cc   0x00000060   Code   RO         1409    i.MODS_ReciveNew    modbus_slave.o
    0x0800382c   0x0800382c   0x0000000c   Code   RO         1410    i.MODS_RxTimeOut    modbus_slave.o
    0x08003838   0x08003838   0x0000002c   Code   RO         1411    i.MODS_SendAckErr   modbus_slave.o
    0x08003864   0x08003864   0x00000024   Code   RO         1412    i.MODS_SendAckOk    modbus_slave.o
    0x08003888   0x08003888   0x00000040   Code   RO         1413    i.MODS_SendWithCRC  modbus_slave.o
    0x080038c8   0x080038c8   0x00000028   Code   RO         1414    i.MODS_WriteRegValue  modbus_slave.o
    0x080038f0   0x080038f0   0x00000090   Code   RO          433    i.MPU_Config        bsp.o
    0x08003980   0x08003980   0x00000004   Code   RO         1160    i.MemManage_Handler  stm32h7xx_it.o
    0x08003984   0x08003984   0x00000002   Code   RO         1161    i.NMI_Handler       stm32h7xx_it.o
    0x08003986   0x08003986   0x00000002   Code   RO         1162    i.PendSV_Handler    stm32h7xx_it.o
    0x08003988   0x08003988   0x0000026c   Code   RO            4    i.PrintfLogo        main.o
    0x08003bf4   0x08003bf4   0x00000164   Code   RO         2190    i.RCCEx_PLL2_Config  stm32h7xx_hal_rcc_ex.o
    0x08003d58   0x08003d58   0x00000164   Code   RO         2191    i.RCCEx_PLL3_Config  stm32h7xx_hal_rcc_ex.o
    0x08003ebc   0x08003ebc   0x00000044   Code   RO          979    i.RS485_InitTXE     bsp_uart_fifo.o
    0x08003f00   0x08003f00   0x0000000c   Code   RO          980    i.RS485_ReciveNew   bsp_uart_fifo.o
    0x08003f0c   0x08003f0c   0x0000000c   Code   RO          981    i.RS485_SendBefor   bsp_uart_fifo.o
    0x08003f18   0x08003f18   0x00000012   Code   RO          982    i.RS485_SendBuf     bsp_uart_fifo.o
    0x08003f2a   0x08003f2a   0x00000002   PAD
    0x08003f2c   0x08003f2c   0x00000010   Code   RO          983    i.RS485_SendOver    bsp_uart_fifo.o
    0x08003f3c   0x08003f3c   0x00000002   Code   RO         1163    i.SVC_Handler       stm32h7xx_it.o
    0x08003f3e   0x08003f3e   0x00000002   PAD
    0x08003f40   0x08003f40   0x00000068   Code   RO            5    i.SetLed            main.o
    0x08003fa8   0x08003fa8   0x0000001c   Code   RO          725    i.SysTick_Handler   bsp_timer.o
    0x08003fc4   0x08003fc4   0x00000084   Code   RO          726    i.SysTick_ISR       bsp_timer.o
    0x08004048   0x08004048   0x00000190   Code   RO          434    i.SystemClock_Config  bsp.o
    0x080041d8   0x080041d8   0x00000104   Code   RO         5463    i.SystemInit        system_stm32h7xx.o
    0x080042dc   0x080042dc   0x000000b4   Code   RO          727    i.TIM2_IRQHandler   bsp_timer.o
    0x08004390   0x08004390   0x000000cc   Code   RO         2630    i.TIM_Base_SetConfig  stm32h7xx_hal_tim.o
    0x0800445c   0x0800445c   0x000000f8   Code   RO         3745    i.UART_AdvFeatureConfig  stm32h7xx_hal_uart.o
    0x08004554   0x08004554   0x00000074   Code   RO         3746    i.UART_CheckIdleState  stm32h7xx_hal_uart.o
    0x080045c8   0x080045c8   0x0000059c   Code   RO         3764    i.UART_SetConfig    stm32h7xx_hal_uart.o
    0x08004b64   0x08004b64   0x000000be   Code   RO         3769    i.UART_WaitOnFlagUntilTimeout  stm32h7xx_hal_uart.o
    0x08004c22   0x08004c22   0x00000002   PAD
    0x08004c24   0x08004c24   0x00000010   Code   RO          986    i.USART1_IRQHandler  bsp_uart_fifo.o
    0x08004c34   0x08004c34   0x00000010   Code   RO          987    i.USART3_IRQHandler  bsp_uart_fifo.o
    0x08004c44   0x08004c44   0x0000017a   Code   RO          989    i.UartIRQ           bsp_uart_fifo.o
    0x08004dbe   0x08004dbe   0x00000092   Code   RO          990    i.UartSend          bsp_uart_fifo.o
    0x08004e50   0x08004e50   0x00000094   Code   RO          992    i.UartVarInit       bsp_uart_fifo.o
    0x08004ee4   0x08004ee4   0x00000004   Code   RO         1164    i.UsageFault_Handler  stm32h7xx_it.o
    0x08004ee8   0x08004ee8   0x00000020   Code   RO         5748    i.__0printf$8       mc_w.l(printf8.o)
    0x08004f08   0x08004f08   0x00000010   Code   RO         1869    i.__NVIC_GetPriorityGrouping  stm32h7xx_hal_cortex.o
    0x08004f18   0x08004f18   0x00000028   Code   RO         1870    i.__NVIC_SetPriority  stm32h7xx_hal_cortex.o
    0x08004f40   0x08004f40   0x0000000e   Code   RO         5844    i.__scatterload_copy  mc_w.l(handlers.o)
    0x08004f4e   0x08004f4e   0x00000002   Code   RO         5845    i.__scatterload_null  mc_w.l(handlers.o)
    0x08004f50   0x08004f50   0x0000000e   Code   RO         5846    i.__scatterload_zeroinit  mc_w.l(handlers.o)
    0x08004f5e   0x08004f5e   0x00000006   Code   RO          728    i.__set_PRIMASK     bsp_timer.o
    0x08004f64   0x08004f64   0x00000006   Code   RO          993    i.__set_PRIMASK     bsp_uart_fifo.o
    0x08004f6a   0x08004f6a   0x00000002   PAD
    0x08004f6c   0x08004f6c   0x00000404   Code   RO         5755    i._printf_core      mc_w.l(printf8.o)
    0x08005370   0x08005370   0x00000024   Code   RO         5756    i._printf_post_padding  mc_w.l(printf8.o)
    0x08005394   0x08005394   0x0000002e   Code   RO         5757    i._printf_pre_padding  mc_w.l(printf8.o)
    0x080053c2   0x080053c2   0x00000002   PAD
    0x080053c4   0x080053c4   0x00000034   Code   RO          730    i.bsp_CheckTimer    bsp_timer.o
    0x080053f8   0x080053f8   0x00000014   Code   RO          545    i.bsp_ClearMsg      bsp_msg.o
    0x0800540c   0x0800540c   0x000000cc   Code   RO          624    i.bsp_DetectKey     bsp_key.o
    0x080054d8   0x080054d8   0x00000010   Code   RO          627    i.bsp_GetKeyState   bsp_key.o
    0x080054e8   0x080054e8   0x0000004c   Code   RO          546    i.bsp_GetMsg        bsp_msg.o
    0x08005534   0x08005534   0x00000008   Code   RO          435    i.bsp_Idle          bsp.o
    0x0800553c   0x0800553c   0x0000002c   Code   RO          436    i.bsp_Init          bsp.o
    0x08005568   0x08005568   0x00000028   Code   RO          596    i.bsp_InitDWT       bsp_dwt.o
    0x08005590   0x08005590   0x00000024   Code   RO          917    i.bsp_InitExtIO     bsp_fmc_io.o
    0x080055b4   0x080055b4   0x000000fc   Code   RO          734    i.bsp_InitHardTimer  bsp_timer.o
    0x080056b0   0x080056b0   0x0000000c   Code   RO          628    i.bsp_InitKey       bsp_key.o
    0x080056bc   0x080056bc   0x000000c0   Code   RO          629    i.bsp_InitKeyHard   bsp_key.o
    0x0800577c   0x0800577c   0x00000078   Code   RO          630    i.bsp_InitKeyVar    bsp_key.o
    0x080057f4   0x080057f4   0x0000001c   Code   RO          497    i.bsp_InitLed       bsp_led.o
    0x08005810   0x08005810   0x00000008   Code   RO          548    i.bsp_InitMsg       bsp_msg.o
    0x08005818   0x08005818   0x000000a8   Code   RO          735    i.bsp_InitTimer     bsp_timer.o
    0x080058c0   0x080058c0   0x00000010   Code   RO          994    i.bsp_InitUart      bsp_uart_fifo.o
    0x080058d0   0x080058d0   0x0000003a   Code   RO          498    i.bsp_IsLedOn       bsp_led.o
    0x0800590a   0x0800590a   0x00000016   Code   RO          631    i.bsp_KeyScan10ms   bsp_key.o
    0x08005920   0x08005920   0x0000003c   Code   RO          499    i.bsp_LedOff        bsp_led.o
    0x0800595c   0x0800595c   0x0000003e   Code   RO          500    i.bsp_LedOn         bsp_led.o
    0x0800599a   0x0800599a   0x00000046   Code   RO          501    i.bsp_LedToggle     bsp_led.o
    0x080059e0   0x080059e0   0x00000020   Code   RO          633    i.bsp_PutKey        bsp_key.o
    0x08005a00   0x08005a00   0x00000038   Code   RO          549    i.bsp_PutMsg        bsp_msg.o
    0x08005a38   0x08005a38   0x00000008   Code   RO          437    i.bsp_RunPer10ms    bsp.o
    0x08005a40   0x08005a40   0x00000002   Code   RO          438    i.bsp_RunPer1ms     bsp.o
    0x08005a42   0x08005a42   0x00000002   PAD
    0x08005a44   0x08005a44   0x00000024   Code   RO          634    i.bsp_SetKeyParam   bsp_key.o
    0x08005a68   0x08005a68   0x0000006c   Code   RO          995    i.bsp_SetUartParam  bsp_uart_fifo.o
    0x08005ad4   0x08005ad4   0x0000001c   Code   RO          736    i.bsp_SoftTimerDec  bsp_timer.o
    0x08005af0   0x08005af0   0x0000009c   Code   RO          737    i.bsp_StartAutoTimer  bsp_timer.o
    0x08005b8c   0x08005b8c   0x0000008c   Code   RO          738    i.bsp_StartHardTimer  bsp_timer.o
    0x08005c18   0x08005c18   0x0000002e   Code   RO          999    i.comSendBuf        bsp_uart_fifo.o
    0x08005c46   0x08005c46   0x00000002   PAD
    0x08005c48   0x08005c48   0x00000018   Code   RO         1003    i.fputc             bsp_uart_fifo.o
    0x08005c60   0x08005c60   0x00000046   Code   RO            6    i.main              main.o
    0x08005ca6   0x08005ca6   0x00000002   PAD
    0x08005ca8   0x08005ca8   0x00000040   Data   RO          636    .constdata          bsp_key.o
    0x08005ce8   0x08005ce8   0x00000030   Data   RO          742    .constdata          bsp_timer.o
    0x08005d18   0x08005d18   0x00000200   Data   RO         1303    .constdata          bsp_user_lib.o
    0x08005f18   0x08005f18   0x00000040   Data   RO         1416    .constdata          modbus_slave.o
    0x08005f58   0x08005f58   0x00000018   Data   RO         3770    .constdata          stm32h7xx_hal_uart.o
    0x08005f70   0x08005f70   0x00000010   Data   RO         5464    .constdata          system_stm32h7xx.o
    0x08005f80   0x08005f80   0x00000020   Data   RO         5842    Region$$Table       anon$$obj.o


    Execution Region RW_IRAM2 (Exec base: 0x24000000, Load base: 0x08005fa0, Size: 0x000023b8, Max: 0x00080000, ABSOLUTE)

    Exec Addr    Load Addr    Size         Type   Attr      Idx    E Section Name        Object

    0x24000000   0x08005fa0   0x0000001e   Data   RW          743    .data               bsp_timer.o
    0x2400001e   0x08005fbe   0x00000002   PAD
    0x24000020   0x08005fc0   0x00000004   Data   RW          919    .data               bsp_fmc_io.o
    0x24000024   0x08005fc4   0x00000001   Data   RW         1417    .data               modbus_slave.o
    0x24000025   0x08005fc5   0x00000003   PAD
    0x24000028   0x08005fc8   0x00000009   Data   RW         1566    .data               stm32h7xx_hal.o
    0x24000031   0x08005fd1   0x00000003   PAD
    0x24000034   0x08005fd4   0x00000008   Data   RW         5465    .data               system_stm32h7xx.o
    0x2400003c   0x08005fdc   0x00000004   Data   RW         5504    .data               segger_hardfaulthandler.o
    0x24000040   0x08005fe0   0x00000004   Data   RW         5818    .data               mc_w.l(stdout.o)
    0x24000044        -       0x00000144   Zero   RW          550    .bss                bsp_msg.o
    0x24000188        -       0x000000ad   Zero   RW          635    .bss                bsp_key.o
    0x24000235   0x08005fe4   0x00000003   PAD
    0x24000238        -       0x00000030   Zero   RW          741    .bss                bsp_timer.o
    0x24000268        -       0x00001058   Zero   RW         1004    .bss                bsp_uart_fifo.o
    0x240012c0        -       0x000000b2   Zero   RW         1415    .bss                modbus_slave.o
    0x24001372   0x08005fe4   0x00000002   PAD
    0x24001374        -       0x00000040   Zero   RW         5503    .bss                segger_hardfaulthandler.o
    0x240013b4   0x08005fe4   0x00000004   PAD
    0x240013b8        -       0x00001000   Zero   RW         1504    STACK               startup_stm32h743xx.o


==============================================================================

Image component sizes


      Code (inc. data)   RO Data    RW Data    ZI Data      Debug   Object Name

       798         48          0          0          0       7251   bsp.o
        40         10          0          0          0        570   bsp_dwt.o
       544         90          0          4          0       4284   bsp_fmc_io.o
       804         38         64          0        173       8045   bsp_key.o
       278          0          0          0          0       3457   bsp_led.o
       160         18          0          0        324       3160   bsp_msg.o
      1142        228         48         30         48      50186   bsp_timer.o
      1602        182          0          0       4184      15804   bsp_uart_fifo.o
        68          8        512          0          0       2241   bsp_user_lib.o
        18          0          0          0          0        388   hardfaulthandler.o
       794        484          0          0          0    1294955   main.o
      2296         98         64          1        178      13933   modbus_slave.o
       264         62          0          4         64       3771   segger_hardfaulthandler.o
        36          8        664          0       4096       1004   startup_stm32h743xx.o
       254         54          0          9          0      24755   stm32h7xx_hal.o
       474         38          0          0          0      42377   stm32h7xx_hal_cortex.o
       520         52          0          0          0       1908   stm32h7xx_hal_gpio.o
      3508        108          0          0          0       7572   stm32h7xx_hal_rcc.o
      4748        108          0          0          0       7881   stm32h7xx_hal_rcc_ex.o
       114          6          0          0          0       2099   stm32h7xx_hal_sram.o
       376         38          0          0          0       3749   stm32h7xx_hal_tim.o
      2112        118         24          0          0      25677   stm32h7xx_hal_uart.o
        20          0          0          0          0       3972   stm32h7xx_it.o
       334         10          0          0          0       4156   stm32h7xx_ll_fmc.o
       260         40         16          8          0       1850   system_stm32h7xx.o

    ----------------------------------------------------------------------
     21590       1846       1424         64       9076    1535045   Object Totals
         0          0         32          0          0          0   (incl. Generated)
        26          0          0          8          9          0   (incl. Padding)

    ----------------------------------------------------------------------

      Code (inc. data)   RO Data    RW Data    ZI Data      Debug   Library Member Name

         0          0          0          0          0          0   entry.o
         0          0          0          0          0          0   entry10a.o
         0          0          0          0          0          0   entry11a.o
         4          0          0          0          0          0   entry12b.o
         8          4          0          0          0          0   entry2.o
         4          0          0          0          0          0   entry5.o
         0          0          0          0          0          0   entry7b.o
         0          0          0          0          0          0   entry8b.o
         8          4          0          0          0          0   entry9a.o
        30          0          0          0          0          0   handlers.o
        36          8          0          0          0         68   init.o
        30          0          0          0          0         68   llshl.o
        32          0          0          0          0         68   llushr.o
        36          0          0          0          0         68   memcpya.o
        36          0          0          0          0        108   memseta.o
      1142         54          0          0          0        352   printf8.o
         0          0          0          4          0          0   stdout.o
        98          0          0          0          0         92   uldiv.o

    ----------------------------------------------------------------------
      1466         70          0          4          0        824   Library Totals
         2          0          0          0          0          0   (incl. Padding)

    ----------------------------------------------------------------------

      Code (inc. data)   RO Data    RW Data    ZI Data      Debug   Library Name

      1464         70          0          4          0        824   mc_w.l

    ----------------------------------------------------------------------
      1466         70          0          4          0        824   Library Totals

    ----------------------------------------------------------------------

==============================================================================


      Code (inc. data)   RO Data    RW Data    ZI Data      Debug   

     23056       1916       1424         68       9076    1523009   Grand Totals
     23056       1916       1424         68       9076    1523009   ELF Image Totals
     23056       1916       1424         68          0          0   ROM Totals

==============================================================================

    Total RO  Size (Code + RO Data)                24480 (  23.91kB)
    Total RW  Size (RW Data + ZI Data)              9144 (   8.93kB)
    Total ROM Size (Code + RO Data + RW Data)      24548 (  23.97kB)

==============================================================================

