<html>
<body>
<pre>
<h1>µVision Build Log</h1>
<h2>Tool Versions:</h2>
IDE-Version: ¦ÌVision V5.36.0.0
Copyright (C) 2021 ARM Ltd and ARM Germany GmbH. All rights reserved.
License Information: 1111 Ultrareef, 11111, LIC=9N0AE-5XK7B-MSTYP-MPY2Z-FS84W-Z7Y2U
 
Tool Versions:
Toolchain:       MDK-ARM Professional  Version: 5.36.0.0
Toolchain Path:  D:\Keil_v5\ARM\ARMCLANG\Bin
C Compiler:      ArmClang.exe V6.16
Assembler:       Armasm.exe V6.16
Linker/Locator:  ArmLink.exe V6.16
Library Manager: ArmAr.exe V6.16
Hex Converter:   FromElf.exe V6.16
CPU DLL:         SARMCM3.DLL V5.36.0.0
Dialog DLL:      DCM.DLL V1.17.3.0
Target DLL:      Segger\JL2CM3.dll V2.99.40.0
Dialog DLL:      TCM.DLL V1.53.0.0
 
<h2>Project:</h2>
E:\projects\ProjectsAT32\AT32-Projects\AT32F403ACGU7_PTP\project\MDK_V5\AT32F403ACGU7_PTP.uvprojx
Project File Date:  11/06/2025

<h2>Output:</h2>
*** Using Compiler 'V6.16', folder: 'D:\Keil_v5\ARM\ARMCLANG\Bin'
Build target 'AT32F403ACGU7_PTP'
compiling crc.c...
compiling tch_uart.c...
compiling drv_led.c...
compiling main.c...
compiling tch_mb.c...
linking...
Program Size: Code=3946 RO-data=438 RW-data=220 ZI-data=2684  
FromELF: creating hex file...
".\objects\AT32F403ACGU7_PTP.axf" - 0 Error(s), 0 Warning(s).

<h2>Software Packages used:</h2>

Package Vendor: ArteryTek
                
                ArteryTek.AT32F403A_407_DFP.2.2.1
                ArteryTek AT32F403A_407 Series Device Support,Drivers

<h2>Collection of Component include folders:</h2>
  D:\Arm\Packs\ArteryTek\AT32F403A_407_DFP\2.2.1\Device\Include

<h2>Collection of Component Files used:</h2>
Build Time Elapsed:  00:00:01
</pre>
</body>
</html>
