<html>
<body>
<pre>
<h1>µVision Build Log</h1>
<h2>Tool Versions:</h2>
IDE-Version: ¦ÌVision V5.36.0.0
Copyright (C) 2021 ARM Ltd and ARM Germany GmbH. All rights reserved.
License Information: 1111 Ultrareef, 11111, LIC=9N0AE-5XK7B-MSTYP-MPY2Z-FS84W-Z7Y2U
 
Tool Versions:
Toolchain:       MDK-ARM Professional  Version: 5.36.0.0
Toolchain Path:  D:\Keil_v5\ARM\ARMCC\Bin
C Compiler:      Armcc.exe V5.06 update 7 (build 960)
Assembler:       Armasm.exe V5.06 update 7 (build 960)
Linker/Locator:  ArmLink.exe V5.06 update 7 (build 960)
Library Manager: ArmAr.exe V5.06 update 7 (build 960)
Hex Converter:   FromElf.exe V5.06 update 7 (build 960)
CPU DLL:         SARMCM3.DLL V5.36.0.0
Dialog DLL:      DCM.DLL V1.17.3.0
Target DLL:      CMSIS_AGDI.dll V1.33.0.0
Dialog DLL:      TCM.DLL V1.53.0.0
 
<h2>Project:</h2>
E:\projects\ProjectsAT32\AT32×ÊÁÏ\AN0131_Modbus_on_AT32_MCU_V2.0.0\SourceCode\modbus_demo\project\at_start_f435\freemodbus\mdk_v5\freemodbus.uvprojx
Project File Date:  11/05/2025

<h2>Output:</h2>
*** Using Compiler 'V5.06 update 7 (build 960)', folder: 'D:\Keil_v5\ARM\ARMCC\Bin'
Build target 'freemodbus'
compiling mbfuncdiag.c...
compiling mbutils.c...
compiling mbfuncinput.c...
compiling mbcrc.c...
compiling main.c...
compiling mbfuncholding.c...
compiling at32f435_437_int.c...
compiling mbfunccoils.c...
compiling at32f435_437_clock.c...
compiling mbfuncother.c...
compiling mbfuncdisc.c...
compiling mbascii.c...
compiling mbtask.c...
compiling mbrtu.c...
..\modbus\rtu\mbrtu.c(152): warning:  #550-D: variable "xFrameReceived"  was set but never used
      BOOL            xFrameReceived = FALSE;
..\modbus\rtu\mbrtu.c: 1 warning, 0 errors
assembling startup_at32f435_437.s...
compiling mb.c...
compiling portevent.c...
compiling portserial.c...
compiling porttimer.c...
compiling system_at32f435_437.c...
compiling at32f435_437_gpio.c...
compiling at32f435_437_board.c...
compiling at32f435_437_misc.c...
compiling at32f435_437_usart.c...
compiling at32f435_437_crm.c...
compiling at32f435_437_tmr.c...
linking...
Program Size: Code=11078 RO-data=1298 RW-data=356 ZI-data=1924  
FromELF: creating hex file...
".\objects\freemodbus.axf" - 0 Error(s), 1 Warning(s).

<h2>Software Packages used:</h2>

Package Vendor: ArteryTek
                
                ArteryTek.AT32F435_437_DFP.2.2.3
                ArteryTek AT32F4 Series Device Support,Drivers

<h2>Collection of Component include folders:</h2>
  D:\Arm\Packs\ArteryTek\AT32F435_437_DFP\2.2.3\Device\Include

<h2>Collection of Component Files used:</h2>
Build Time Elapsed:  00:00:01
</pre>
</body>
</html>
