<!doctype html public "-//w3c//dtd html 4.0 transitional//en">
<html><head>
<title>Static Call Graph - [.\objects\freemodbus.axf]</title></head>
<body><HR>
<H1>Static Call Graph for image .\objects\freemodbus.axf</H1><HR>
<BR><P>#&#060CALLGRAPH&#062# ARM Linker, 5060960: Last Updated: Wed Nov 05 01:50:56 2025
<BR><P>
<H3>Maximum Stack Usage =        272 bytes + Unknown(Functions without stacksize, Cycles, Untraceable Function Pointers)</H3><H3>
Call chain for Maximum Stack Depth:</H3>
__rt_entry_main &rArr; main &rArr; modbus_task &rArr; eMBInit &rArr; eMBRTUInit &rArr; xMBPortSerialInit &rArr; usart_init &rArr; crm_clocks_freq_get &rArr; __aeabi_uldivmod
<P>
<H3>
Functions with no stack information
</H3><UL>
 <LI><a href="#[ad]">__user_initial_stackheap</a>
</UL>
</UL>
<P>
<H3>
Mutually Recursive functions
</H3> <LI><a href="#[6b]">ACC_IRQHandler</a>&nbsp;&nbsp;&nbsp;&rArr;&nbsp;&nbsp;&nbsp;<a href="#[6b]">ACC_IRQHandler</a><BR>
</UL>
<P>
<H3>
Function Pointers
</H3><UL>
 <LI><a href="#[6b]">ACC_IRQHandler</a> from startup_at32f435_437.o(.text) referenced from startup_at32f435_437.o(RESET)
 <LI><a href="#[29]">ADC1_2_3_IRQHandler</a> from startup_at32f435_437.o(.text) referenced from startup_at32f435_437.o(RESET)
 <LI><a href="#[11]">BusFault_Handler</a> from at32f435_437_int.o(i.BusFault_Handler) referenced from startup_at32f435_437.o(RESET)
 <LI><a href="#[2b]">CAN1_RX0_IRQHandler</a> from startup_at32f435_437.o(.text) referenced from startup_at32f435_437.o(RESET)
 <LI><a href="#[2c]">CAN1_RX1_IRQHandler</a> from startup_at32f435_437.o(.text) referenced from startup_at32f435_437.o(RESET)
 <LI><a href="#[2d]">CAN1_SE_IRQHandler</a> from startup_at32f435_437.o(.text) referenced from startup_at32f435_437.o(RESET)
 <LI><a href="#[2a]">CAN1_TX_IRQHandler</a> from startup_at32f435_437.o(.text) referenced from startup_at32f435_437.o(RESET)
 <LI><a href="#[57]">CAN2_RX0_IRQHandler</a> from startup_at32f435_437.o(.text) referenced from startup_at32f435_437.o(RESET)
 <LI><a href="#[58]">CAN2_RX1_IRQHandler</a> from startup_at32f435_437.o(.text) referenced from startup_at32f435_437.o(RESET)
 <LI><a href="#[59]">CAN2_SE_IRQHandler</a> from startup_at32f435_437.o(.text) referenced from startup_at32f435_437.o(RESET)
 <LI><a href="#[56]">CAN2_TX_IRQHandler</a> from startup_at32f435_437.o(.text) referenced from startup_at32f435_437.o(RESET)
 <LI><a href="#[1c]">CRM_IRQHandler</a> from startup_at32f435_437.o(.text) referenced from startup_at32f435_437.o(RESET)
 <LI><a href="#[4f]">DMA1_Channel1_IRQHandler</a> from startup_at32f435_437.o(.text) referenced from startup_at32f435_437.o(RESET)
 <LI><a href="#[50]">DMA1_Channel2_IRQHandler</a> from startup_at32f435_437.o(.text) referenced from startup_at32f435_437.o(RESET)
 <LI><a href="#[51]">DMA1_Channel3_IRQHandler</a> from startup_at32f435_437.o(.text) referenced from startup_at32f435_437.o(RESET)
 <LI><a href="#[52]">DMA1_Channel4_IRQHandler</a> from startup_at32f435_437.o(.text) referenced from startup_at32f435_437.o(RESET)
 <LI><a href="#[53]">DMA1_Channel5_IRQHandler</a> from startup_at32f435_437.o(.text) referenced from startup_at32f435_437.o(RESET)
 <LI><a href="#[5b]">DMA1_Channel6_IRQHandler</a> from startup_at32f435_437.o(.text) referenced from startup_at32f435_437.o(RESET)
 <LI><a href="#[5c]">DMA1_Channel7_IRQHandler</a> from startup_at32f435_437.o(.text) referenced from startup_at32f435_437.o(RESET)
 <LI><a href="#[70]">DMA2_Channel1_IRQHandler</a> from startup_at32f435_437.o(.text) referenced from startup_at32f435_437.o(RESET)
 <LI><a href="#[71]">DMA2_Channel2_IRQHandler</a> from startup_at32f435_437.o(.text) referenced from startup_at32f435_437.o(RESET)
 <LI><a href="#[72]">DMA2_Channel3_IRQHandler</a> from startup_at32f435_437.o(.text) referenced from startup_at32f435_437.o(RESET)
 <LI><a href="#[73]">DMA2_Channel4_IRQHandler</a> from startup_at32f435_437.o(.text) referenced from startup_at32f435_437.o(RESET)
 <LI><a href="#[74]">DMA2_Channel5_IRQHandler</a> from startup_at32f435_437.o(.text) referenced from startup_at32f435_437.o(RESET)
 <LI><a href="#[75]">DMA2_Channel6_IRQHandler</a> from startup_at32f435_437.o(.text) referenced from startup_at32f435_437.o(RESET)
 <LI><a href="#[76]">DMA2_Channel7_IRQHandler</a> from startup_at32f435_437.o(.text) referenced from startup_at32f435_437.o(RESET)
 <LI><a href="#[69]">DMAMUX_IRQHandler</a> from startup_at32f435_437.o(.text) referenced from startup_at32f435_437.o(RESET)
 <LI><a href="#[62]">DVP_IRQHandler</a> from startup_at32f435_437.o(.text) referenced from startup_at32f435_437.o(RESET)
 <LI><a href="#[14]">DebugMon_Handler</a> from at32f435_437_int.o(i.DebugMon_Handler) referenced from startup_at32f435_437.o(RESET)
 <LI><a href="#[22]">EDMA_Stream1_IRQHandler</a> from startup_at32f435_437.o(.text) referenced from startup_at32f435_437.o(RESET)
 <LI><a href="#[23]">EDMA_Stream2_IRQHandler</a> from startup_at32f435_437.o(.text) referenced from startup_at32f435_437.o(RESET)
 <LI><a href="#[24]">EDMA_Stream3_IRQHandler</a> from startup_at32f435_437.o(.text) referenced from startup_at32f435_437.o(RESET)
 <LI><a href="#[25]">EDMA_Stream4_IRQHandler</a> from startup_at32f435_437.o(.text) referenced from startup_at32f435_437.o(RESET)
 <LI><a href="#[26]">EDMA_Stream5_IRQHandler</a> from startup_at32f435_437.o(.text) referenced from startup_at32f435_437.o(RESET)
 <LI><a href="#[27]">EDMA_Stream6_IRQHandler</a> from startup_at32f435_437.o(.text) referenced from startup_at32f435_437.o(RESET)
 <LI><a href="#[28]">EDMA_Stream7_IRQHandler</a> from startup_at32f435_437.o(.text) referenced from startup_at32f435_437.o(RESET)
 <LI><a href="#[46]">EDMA_Stream8_IRQHandler</a> from startup_at32f435_437.o(.text) referenced from startup_at32f435_437.o(RESET)
 <LI><a href="#[54]">EMAC_IRQHandler</a> from startup_at32f435_437.o(.text) referenced from startup_at32f435_437.o(RESET)
 <LI><a href="#[55]">EMAC_WKUP_IRQHandler</a> from startup_at32f435_437.o(.text) referenced from startup_at32f435_437.o(RESET)
 <LI><a href="#[40]">ERTCAlarm_IRQHandler</a> from startup_at32f435_437.o(.text) referenced from startup_at32f435_437.o(RESET)
 <LI><a href="#[1a]">ERTC_WKUP_IRQHandler</a> from startup_at32f435_437.o(.text) referenced from startup_at32f435_437.o(RESET)
 <LI><a href="#[1d]">EXINT0_IRQHandler</a> from startup_at32f435_437.o(.text) referenced from startup_at32f435_437.o(RESET)
 <LI><a href="#[3f]">EXINT15_10_IRQHandler</a> from startup_at32f435_437.o(.text) referenced from startup_at32f435_437.o(RESET)
 <LI><a href="#[1e]">EXINT1_IRQHandler</a> from startup_at32f435_437.o(.text) referenced from startup_at32f435_437.o(RESET)
 <LI><a href="#[1f]">EXINT2_IRQHandler</a> from startup_at32f435_437.o(.text) referenced from startup_at32f435_437.o(RESET)
 <LI><a href="#[20]">EXINT3_IRQHandler</a> from startup_at32f435_437.o(.text) referenced from startup_at32f435_437.o(RESET)
 <LI><a href="#[21]">EXINT4_IRQHandler</a> from startup_at32f435_437.o(.text) referenced from startup_at32f435_437.o(RESET)
 <LI><a href="#[2e]">EXINT9_5_IRQHandler</a> from startup_at32f435_437.o(.text) referenced from startup_at32f435_437.o(RESET)
 <LI><a href="#[1b]">FLASH_IRQHandler</a> from startup_at32f435_437.o(.text) referenced from startup_at32f435_437.o(RESET)
 <LI><a href="#[63]">FPU_IRQHandler</a> from startup_at32f435_437.o(.text) referenced from startup_at32f435_437.o(RESET)
 <LI><a href="#[f]">HardFault_Handler</a> from at32f435_437_int.o(i.HardFault_Handler) referenced from startup_at32f435_437.o(RESET)
 <LI><a href="#[37]">I2C1_ERR_IRQHandler</a> from startup_at32f435_437.o(.text) referenced from startup_at32f435_437.o(RESET)
 <LI><a href="#[36]">I2C1_EVT_IRQHandler</a> from startup_at32f435_437.o(.text) referenced from startup_at32f435_437.o(RESET)
 <LI><a href="#[39]">I2C2_ERR_IRQHandler</a> from startup_at32f435_437.o(.text) referenced from startup_at32f435_437.o(RESET)
 <LI><a href="#[38]">I2C2_EVT_IRQHandler</a> from startup_at32f435_437.o(.text) referenced from startup_at32f435_437.o(RESET)
 <LI><a href="#[5f]">I2C3_ERR_IRQHandler</a> from startup_at32f435_437.o(.text) referenced from startup_at32f435_437.o(RESET)
 <LI><a href="#[5e]">I2C3_EVT_IRQHandler</a> from startup_at32f435_437.o(.text) referenced from startup_at32f435_437.o(RESET)
 <LI><a href="#[10]">MemManage_Handler</a> from at32f435_437_int.o(i.MemManage_Handler) referenced from startup_at32f435_437.o(RESET)
 <LI><a href="#[e]">NMI_Handler</a> from at32f435_437_int.o(i.NMI_Handler) referenced from startup_at32f435_437.o(RESET)
 <LI><a href="#[5a]">OTGFS1_IRQHandler</a> from startup_at32f435_437.o(.text) referenced from startup_at32f435_437.o(RESET)
 <LI><a href="#[41]">OTGFS1_WKUP_IRQHandler</a> from startup_at32f435_437.o(.text) referenced from startup_at32f435_437.o(RESET)
 <LI><a href="#[61]">OTGFS2_IRQHandler</a> from startup_at32f435_437.o(.text) referenced from startup_at32f435_437.o(RESET)
 <LI><a href="#[60]">OTGFS2_WKUP_IRQHandler</a> from startup_at32f435_437.o(.text) referenced from startup_at32f435_437.o(RESET)
 <LI><a href="#[18]">PVM_IRQHandler</a> from startup_at32f435_437.o(.text) referenced from startup_at32f435_437.o(RESET)
 <LI><a href="#[15]">PendSV_Handler</a> from at32f435_437_int.o(i.PendSV_Handler) referenced from startup_at32f435_437.o(RESET)
 <LI><a href="#[68]">QSPI1_IRQHandler</a> from startup_at32f435_437.o(.text) referenced from startup_at32f435_437.o(RESET)
 <LI><a href="#[67]">QSPI2_IRQHandler</a> from startup_at32f435_437.o(.text) referenced from startup_at32f435_437.o(RESET)
 <LI><a href="#[d]">Reset_Handler</a> from startup_at32f435_437.o(.text) referenced from startup_at32f435_437.o(RESET)
 <LI><a href="#[48]">SDIO1_IRQHandler</a> from startup_at32f435_437.o(.text) referenced from startup_at32f435_437.o(RESET)
 <LI><a href="#[6a]">SDIO2_IRQHandler</a> from startup_at32f435_437.o(.text) referenced from startup_at32f435_437.o(RESET)
 <LI><a href="#[3a]">SPI1_IRQHandler</a> from startup_at32f435_437.o(.text) referenced from startup_at32f435_437.o(RESET)
 <LI><a href="#[3b]">SPI2_I2S2EXT_IRQHandler</a> from startup_at32f435_437.o(.text) referenced from startup_at32f435_437.o(RESET)
 <LI><a href="#[4a]">SPI3_I2S3EXT_IRQHandler</a> from startup_at32f435_437.o(.text) referenced from startup_at32f435_437.o(RESET)
 <LI><a href="#[66]">SPI4_IRQHandler</a> from startup_at32f435_437.o(.text) referenced from startup_at32f435_437.o(RESET)
 <LI><a href="#[13]">SVC_Handler</a> from at32f435_437_int.o(i.SVC_Handler) referenced from startup_at32f435_437.o(RESET)
 <LI><a href="#[16]">SysTick_Handler</a> from at32f435_437_int.o(i.SysTick_Handler) referenced from startup_at32f435_437.o(RESET)
 <LI><a href="#[77]">SystemInit</a> from system_at32f435_437.o(i.SystemInit) referenced from startup_at32f435_437.o(.text)
 <LI><a href="#[19]">TAMP_STAMP_IRQHandler</a> from startup_at32f435_437.o(.text) referenced from startup_at32f435_437.o(RESET)
 <LI><a href="#[2f]">TMR1_BRK_TMR9_IRQHandler</a> from startup_at32f435_437.o(.text) referenced from startup_at32f435_437.o(RESET)
 <LI><a href="#[32]">TMR1_CH_IRQHandler</a> from startup_at32f435_437.o(.text) referenced from startup_at32f435_437.o(RESET)
 <LI><a href="#[30]">TMR1_OVF_TMR10_IRQHandler</a> from startup_at32f435_437.o(.text) referenced from startup_at32f435_437.o(RESET)
 <LI><a href="#[31]">TMR1_TRG_HALL_TMR11_IRQHandler</a> from startup_at32f435_437.o(.text) referenced from startup_at32f435_437.o(RESET)
 <LI><a href="#[6c]">TMR20_BRK_IRQHandler</a> from startup_at32f435_437.o(.text) referenced from startup_at32f435_437.o(RESET)
 <LI><a href="#[6f]">TMR20_CH_IRQHandler</a> from startup_at32f435_437.o(.text) referenced from startup_at32f435_437.o(RESET)
 <LI><a href="#[6d]">TMR20_OVF_IRQHandler</a> from startup_at32f435_437.o(.text) referenced from startup_at32f435_437.o(RESET)
 <LI><a href="#[6e]">TMR20_TRG_HALL_IRQHandler</a> from startup_at32f435_437.o(.text) referenced from startup_at32f435_437.o(RESET)
 <LI><a href="#[33]">TMR2_GLOBAL_IRQHandler</a> from porttimer.o(i.TMR2_GLOBAL_IRQHandler) referenced from startup_at32f435_437.o(RESET)
 <LI><a href="#[34]">TMR3_GLOBAL_IRQHandler</a> from startup_at32f435_437.o(.text) referenced from startup_at32f435_437.o(RESET)
 <LI><a href="#[35]">TMR4_GLOBAL_IRQHandler</a> from startup_at32f435_437.o(.text) referenced from startup_at32f435_437.o(RESET)
 <LI><a href="#[49]">TMR5_GLOBAL_IRQHandler</a> from startup_at32f435_437.o(.text) referenced from startup_at32f435_437.o(RESET)
 <LI><a href="#[4d]">TMR6_DAC_GLOBAL_IRQHandler</a> from startup_at32f435_437.o(.text) referenced from startup_at32f435_437.o(RESET)
 <LI><a href="#[4e]">TMR7_GLOBAL_IRQHandler</a> from startup_at32f435_437.o(.text) referenced from startup_at32f435_437.o(RESET)
 <LI><a href="#[42]">TMR8_BRK_TMR12_IRQHandler</a> from startup_at32f435_437.o(.text) referenced from startup_at32f435_437.o(RESET)
 <LI><a href="#[45]">TMR8_CH_IRQHandler</a> from startup_at32f435_437.o(.text) referenced from startup_at32f435_437.o(RESET)
 <LI><a href="#[43]">TMR8_OVF_TMR13_IRQHandler</a> from startup_at32f435_437.o(.text) referenced from startup_at32f435_437.o(RESET)
 <LI><a href="#[44]">TMR8_TRG_HALL_TMR14_IRQHandler</a> from startup_at32f435_437.o(.text) referenced from startup_at32f435_437.o(RESET)
 <LI><a href="#[4b]">UART4_IRQHandler</a> from startup_at32f435_437.o(.text) referenced from startup_at32f435_437.o(RESET)
 <LI><a href="#[4c]">UART5_IRQHandler</a> from startup_at32f435_437.o(.text) referenced from startup_at32f435_437.o(RESET)
 <LI><a href="#[64]">UART7_IRQHandler</a> from startup_at32f435_437.o(.text) referenced from startup_at32f435_437.o(RESET)
 <LI><a href="#[65]">UART8_IRQHandler</a> from startup_at32f435_437.o(.text) referenced from startup_at32f435_437.o(RESET)
 <LI><a href="#[3c]">USART1_IRQHandler</a> from startup_at32f435_437.o(.text) referenced from startup_at32f435_437.o(RESET)
 <LI><a href="#[3d]">USART2_IRQHandler</a> from portserial.o(i.USART2_IRQHandler) referenced from startup_at32f435_437.o(RESET)
 <LI><a href="#[3e]">USART3_IRQHandler</a> from portserial.o(i.USART3_IRQHandler) referenced from startup_at32f435_437.o(RESET)
 <LI><a href="#[5d]">USART6_IRQHandler</a> from startup_at32f435_437.o(.text) referenced from startup_at32f435_437.o(RESET)
 <LI><a href="#[12]">UsageFault_Handler</a> from at32f435_437_int.o(i.UsageFault_Handler) referenced from startup_at32f435_437.o(RESET)
 <LI><a href="#[17]">WWDT_IRQHandler</a> from startup_at32f435_437.o(.text) referenced from startup_at32f435_437.o(RESET)
 <LI><a href="#[47]">XMC_IRQHandler</a> from startup_at32f435_437.o(.text) referenced from startup_at32f435_437.o(RESET)
 <LI><a href="#[89]">__main</a> from __main.o(!!!main) referenced from startup_at32f435_437.o(.text)
 <LI><a href="#[7a]">_printf_input_char</a> from _printf_char_common.o(.text) referenced from _printf_char_common.o(.text)
 <LI><a href="#[85]">eMBASCIIReceive</a> from mbascii.o(i.eMBASCIIReceive) referenced from mb.o(i.eMBInit)
 <LI><a href="#[84]">eMBASCIISend</a> from mbascii.o(i.eMBASCIISend) referenced from mb.o(i.eMBInit)
 <LI><a href="#[82]">eMBASCIIStart</a> from mbascii.o(i.eMBASCIIStart) referenced from mb.o(i.eMBInit)
 <LI><a href="#[83]">eMBASCIIStop</a> from mbascii.o(i.eMBASCIIStop) referenced from mb.o(i.eMBInit)
 <LI><a href="#[9]">eMBFuncReadCoils</a> from mbfunccoils.o(i.eMBFuncReadCoils) referenced 2 times from mb.o(.data)
 <LI><a href="#[c]">eMBFuncReadDiscreteInputs</a> from mbfuncdisc.o(i.eMBFuncReadDiscreteInputs) referenced 2 times from mb.o(.data)
 <LI><a href="#[5]">eMBFuncReadHoldingRegister</a> from mbfuncholding.o(i.eMBFuncReadHoldingRegister) referenced 2 times from mb.o(.data)
 <LI><a href="#[4]">eMBFuncReadInputRegister</a> from mbfuncinput.o(i.eMBFuncReadInputRegister) referenced 2 times from mb.o(.data)
 <LI><a href="#[8]">eMBFuncReadWriteMultipleHoldingRegister</a> from mbfuncholding.o(i.eMBFuncReadWriteMultipleHoldingRegister) referenced 2 times from mb.o(.data)
 <LI><a href="#[3]">eMBFuncReportSlaveID</a> from mbfuncother.o(i.eMBFuncReportSlaveID) referenced 2 times from mb.o(.data)
 <LI><a href="#[a]">eMBFuncWriteCoil</a> from mbfunccoils.o(i.eMBFuncWriteCoil) referenced 2 times from mb.o(.data)
 <LI><a href="#[7]">eMBFuncWriteHoldingRegister</a> from mbfuncholding.o(i.eMBFuncWriteHoldingRegister) referenced 2 times from mb.o(.data)
 <LI><a href="#[b]">eMBFuncWriteMultipleCoils</a> from mbfunccoils.o(i.eMBFuncWriteMultipleCoils) referenced 2 times from mb.o(.data)
 <LI><a href="#[6]">eMBFuncWriteMultipleHoldingRegister</a> from mbfuncholding.o(i.eMBFuncWriteMultipleHoldingRegister) referenced 2 times from mb.o(.data)
 <LI><a href="#[7e]">eMBRTUReceive</a> from mbrtu.o(i.eMBRTUReceive) referenced from mb.o(i.eMBInit)
 <LI><a href="#[7d]">eMBRTUSend</a> from mbrtu.o(i.eMBRTUSend) referenced from mb.o(i.eMBInit)
 <LI><a href="#[7b]">eMBRTUStart</a> from mbrtu.o(i.eMBRTUStart) referenced from mb.o(i.eMBInit)
 <LI><a href="#[7c]">eMBRTUStop</a> from mbrtu.o(i.eMBRTUStop) referenced from mb.o(i.eMBInit)
 <LI><a href="#[79]">fputc</a> from at32f435_437_board.o(i.fputc) referenced from _printf_char_file.o(.text)
 <LI><a href="#[86]">xMBASCIIReceiveFSM</a> from mbascii.o(i.xMBASCIIReceiveFSM) referenced from mb.o(i.eMBInit)
 <LI><a href="#[88]">xMBASCIITimerT1SExpired</a> from mbascii.o(i.xMBASCIITimerT1SExpired) referenced from mb.o(i.eMBInit)
 <LI><a href="#[87]">xMBASCIITransmitFSM</a> from mbascii.o(i.xMBASCIITransmitFSM) referenced from mb.o(i.eMBInit)
 <LI><a href="#[7f]">xMBRTUReceiveFSM</a> from mbrtu.o(i.xMBRTUReceiveFSM) referenced from mb.o(i.eMBInit)
 <LI><a href="#[81]">xMBRTUTimerT35Expired</a> from mbrtu.o(i.xMBRTUTimerT35Expired) referenced from mb.o(i.eMBInit)
 <LI><a href="#[80]">xMBRTUTransmitFSM</a> from mbrtu.o(i.xMBRTUTransmitFSM) referenced from mb.o(i.eMBInit)
</UL>
<P>
<H3>
Global Symbols
</H3>
<P><STRONG><a name="[89]"></a>__main</STRONG> (Thumb, 8 bytes, Stack size 0 bytes, __main.o(!!!main))
<BR><BR>[Calls]<UL><LI><a href="#[8b]">&gt;&gt;</a>&nbsp;&nbsp;&nbsp;__rt_entry
<LI><a href="#[8a]">&gt;&gt;</a>&nbsp;&nbsp;&nbsp;__scatterload
</UL>

<P><STRONG><a name="[8a]"></a>__scatterload</STRONG> (Thumb, 0 bytes, Stack size unknown bytes, __scatter.o(!!!scatter))
<BR><BR>[Called By]<UL><LI><a href="#[89]">&gt;&gt;</a>&nbsp;&nbsp;&nbsp;__main
</UL>

<P><STRONG><a name="[8c]"></a>__scatterload_rt2</STRONG> (Thumb, 44 bytes, Stack size unknown bytes, __scatter.o(!!!scatter), UNUSED)
<BR><BR>[Calls]<UL><LI><a href="#[8b]">&gt;&gt;</a>&nbsp;&nbsp;&nbsp;__rt_entry
</UL>

<P><STRONG><a name="[100]"></a>__scatterload_rt2_thumb_only</STRONG> (Thumb, 0 bytes, Stack size unknown bytes, __scatter.o(!!!scatter), UNUSED)

<P><STRONG><a name="[101]"></a>__scatterload_null</STRONG> (Thumb, 0 bytes, Stack size unknown bytes, __scatter.o(!!!scatter), UNUSED)

<P><STRONG><a name="[102]"></a>__decompress</STRONG> (Thumb, 90 bytes, Stack size unknown bytes, __dczerorl2.o(!!dczerorl2), UNUSED)

<P><STRONG><a name="[103]"></a>__decompress1</STRONG> (Thumb, 0 bytes, Stack size unknown bytes, __dczerorl2.o(!!dczerorl2), UNUSED)

<P><STRONG><a name="[104]"></a>__scatterload_zeroinit</STRONG> (Thumb, 28 bytes, Stack size unknown bytes, __scatter_zi.o(!!handler_zi), UNUSED)

<P><STRONG><a name="[9f]"></a>_printf_percent</STRONG> (Thumb, 0 bytes, Stack size unknown bytes, _printf_percent.o(.ARM.Collect$$_printf_percent$$00000000))
<BR><BR>[Called By]<UL><LI><a href="#[9e]">&gt;&gt;</a>&nbsp;&nbsp;&nbsp;__printf
</UL>

<P><STRONG><a name="[8d]"></a>_printf_u</STRONG> (Thumb, 0 bytes, Stack size unknown bytes, _printf_u.o(.ARM.Collect$$_printf_percent$$0000000A))
<BR><BR>[Stack]<UL><LI>Max Depth = 56 + Unknown Stack Size
<LI>Call Chain = _printf_u &rArr; _printf_int_dec &rArr; _printf_int_common
</UL>
<BR>[Calls]<UL><LI><a href="#[8e]">&gt;&gt;</a>&nbsp;&nbsp;&nbsp;_printf_int_dec
</UL>

<P><STRONG><a name="[105]"></a>_printf_percent_end</STRONG> (Thumb, 0 bytes, Stack size unknown bytes, _printf_percent_end.o(.ARM.Collect$$_printf_percent$$00000017))

<P><STRONG><a name="[94]"></a>__rt_lib_init</STRONG> (Thumb, 0 bytes, Stack size unknown bytes, libinit.o(.ARM.Collect$$libinit$$00000000))
<BR><BR>[Called By]<UL><LI><a href="#[93]">&gt;&gt;</a>&nbsp;&nbsp;&nbsp;__rt_entry_li
</UL>

<P><STRONG><a name="[8f]"></a>__rt_lib_init_fp_1</STRONG> (Thumb, 0 bytes, Stack size unknown bytes, libinit2.o(.ARM.Collect$$libinit$$00000001))
<BR><BR>[Calls]<UL><LI><a href="#[90]">&gt;&gt;</a>&nbsp;&nbsp;&nbsp;_fp_init
</UL>

<P><STRONG><a name="[106]"></a>__rt_lib_init_alloca_1</STRONG> (Thumb, 0 bytes, Stack size unknown bytes, libinit2.o(.ARM.Collect$$libinit$$0000002E))

<P><STRONG><a name="[107]"></a>__rt_lib_init_argv_1</STRONG> (Thumb, 0 bytes, Stack size unknown bytes, libinit2.o(.ARM.Collect$$libinit$$0000002C))

<P><STRONG><a name="[108]"></a>__rt_lib_init_atexit_1</STRONG> (Thumb, 0 bytes, Stack size unknown bytes, libinit2.o(.ARM.Collect$$libinit$$0000001B))

<P><STRONG><a name="[109]"></a>__rt_lib_init_clock_1</STRONG> (Thumb, 0 bytes, Stack size unknown bytes, libinit2.o(.ARM.Collect$$libinit$$00000021))

<P><STRONG><a name="[10a]"></a>__rt_lib_init_cpp_1</STRONG> (Thumb, 0 bytes, Stack size unknown bytes, libinit2.o(.ARM.Collect$$libinit$$00000032))

<P><STRONG><a name="[10b]"></a>__rt_lib_init_exceptions_1</STRONG> (Thumb, 0 bytes, Stack size unknown bytes, libinit2.o(.ARM.Collect$$libinit$$00000030))

<P><STRONG><a name="[10c]"></a>__rt_lib_init_fp_trap_1</STRONG> (Thumb, 0 bytes, Stack size unknown bytes, libinit2.o(.ARM.Collect$$libinit$$0000001F))

<P><STRONG><a name="[10d]"></a>__rt_lib_init_getenv_1</STRONG> (Thumb, 0 bytes, Stack size unknown bytes, libinit2.o(.ARM.Collect$$libinit$$00000023))

<P><STRONG><a name="[10e]"></a>__rt_lib_init_heap_1</STRONG> (Thumb, 0 bytes, Stack size unknown bytes, libinit2.o(.ARM.Collect$$libinit$$0000000A))

<P><STRONG><a name="[10f]"></a>__rt_lib_init_lc_collate_1</STRONG> (Thumb, 0 bytes, Stack size unknown bytes, libinit2.o(.ARM.Collect$$libinit$$00000011))

<P><STRONG><a name="[110]"></a>__rt_lib_init_lc_ctype_1</STRONG> (Thumb, 0 bytes, Stack size unknown bytes, libinit2.o(.ARM.Collect$$libinit$$00000013))

<P><STRONG><a name="[111]"></a>__rt_lib_init_lc_monetary_1</STRONG> (Thumb, 0 bytes, Stack size unknown bytes, libinit2.o(.ARM.Collect$$libinit$$00000015))

<P><STRONG><a name="[112]"></a>__rt_lib_init_lc_numeric_1</STRONG> (Thumb, 0 bytes, Stack size unknown bytes, libinit2.o(.ARM.Collect$$libinit$$00000017))

<P><STRONG><a name="[113]"></a>__rt_lib_init_lc_time_1</STRONG> (Thumb, 0 bytes, Stack size unknown bytes, libinit2.o(.ARM.Collect$$libinit$$00000019))

<P><STRONG><a name="[114]"></a>__rt_lib_init_preinit_1</STRONG> (Thumb, 0 bytes, Stack size unknown bytes, libinit2.o(.ARM.Collect$$libinit$$00000004))

<P><STRONG><a name="[115]"></a>__rt_lib_init_rand_1</STRONG> (Thumb, 0 bytes, Stack size unknown bytes, libinit2.o(.ARM.Collect$$libinit$$0000000E))

<P><STRONG><a name="[116]"></a>__rt_lib_init_return</STRONG> (Thumb, 0 bytes, Stack size unknown bytes, libinit2.o(.ARM.Collect$$libinit$$00000033))

<P><STRONG><a name="[117]"></a>__rt_lib_init_signal_1</STRONG> (Thumb, 0 bytes, Stack size unknown bytes, libinit2.o(.ARM.Collect$$libinit$$0000001D))

<P><STRONG><a name="[118]"></a>__rt_lib_init_stdio_1</STRONG> (Thumb, 0 bytes, Stack size unknown bytes, libinit2.o(.ARM.Collect$$libinit$$00000025))

<P><STRONG><a name="[119]"></a>__rt_lib_init_user_alloc_1</STRONG> (Thumb, 0 bytes, Stack size unknown bytes, libinit2.o(.ARM.Collect$$libinit$$0000000C))

<P><STRONG><a name="[99]"></a>__rt_lib_shutdown</STRONG> (Thumb, 0 bytes, Stack size unknown bytes, libshutdown.o(.ARM.Collect$$libshutdown$$00000000))
<BR><BR>[Called By]<UL><LI><a href="#[a3]">&gt;&gt;</a>&nbsp;&nbsp;&nbsp;abort
<LI><a href="#[98]">&gt;&gt;</a>&nbsp;&nbsp;&nbsp;__rt_exit_ls
</UL>

<P><STRONG><a name="[11a]"></a>__rt_lib_shutdown_cpp_1</STRONG> (Thumb, 0 bytes, Stack size unknown bytes, libshutdown2.o(.ARM.Collect$$libshutdown$$00000004))

<P><STRONG><a name="[11b]"></a>__rt_lib_shutdown_fini_1</STRONG> (Thumb, 0 bytes, Stack size unknown bytes, libshutdown2.o(.ARM.Collect$$libshutdown$$00000002))

<P><STRONG><a name="[11c]"></a>__rt_lib_shutdown_fp_trap_1</STRONG> (Thumb, 0 bytes, Stack size unknown bytes, libshutdown2.o(.ARM.Collect$$libshutdown$$00000009))

<P><STRONG><a name="[11d]"></a>__rt_lib_shutdown_heap_1</STRONG> (Thumb, 0 bytes, Stack size unknown bytes, libshutdown2.o(.ARM.Collect$$libshutdown$$00000011))

<P><STRONG><a name="[11e]"></a>__rt_lib_shutdown_return</STRONG> (Thumb, 0 bytes, Stack size unknown bytes, libshutdown2.o(.ARM.Collect$$libshutdown$$00000012))

<P><STRONG><a name="[11f]"></a>__rt_lib_shutdown_signal_1</STRONG> (Thumb, 0 bytes, Stack size unknown bytes, libshutdown2.o(.ARM.Collect$$libshutdown$$0000000C))

<P><STRONG><a name="[120]"></a>__rt_lib_shutdown_stdio_1</STRONG> (Thumb, 0 bytes, Stack size unknown bytes, libshutdown2.o(.ARM.Collect$$libshutdown$$00000006))

<P><STRONG><a name="[121]"></a>__rt_lib_shutdown_user_alloc_1</STRONG> (Thumb, 0 bytes, Stack size unknown bytes, libshutdown2.o(.ARM.Collect$$libshutdown$$0000000E))

<P><STRONG><a name="[8b]"></a>__rt_entry</STRONG> (Thumb, 0 bytes, Stack size unknown bytes, __rtentry.o(.ARM.Collect$$rtentry$$00000000))
<BR><BR>[Called By]<UL><LI><a href="#[89]">&gt;&gt;</a>&nbsp;&nbsp;&nbsp;__main
<LI><a href="#[8c]">&gt;&gt;</a>&nbsp;&nbsp;&nbsp;__scatterload_rt2
</UL>

<P><STRONG><a name="[122]"></a>__rt_entry_presh_1</STRONG> (Thumb, 0 bytes, Stack size unknown bytes, __rtentry2.o(.ARM.Collect$$rtentry$$00000002))

<P><STRONG><a name="[91]"></a>__rt_entry_sh</STRONG> (Thumb, 0 bytes, Stack size unknown bytes, __rtentry4.o(.ARM.Collect$$rtentry$$00000004))
<BR><BR>[Stack]<UL><LI>Max Depth = 8 + Unknown Stack Size
<LI>Call Chain = __rt_entry_sh &rArr; __user_setup_stackheap
</UL>
<BR>[Calls]<UL><LI><a href="#[92]">&gt;&gt;</a>&nbsp;&nbsp;&nbsp;__user_setup_stackheap
</UL>

<P><STRONG><a name="[93]"></a>__rt_entry_li</STRONG> (Thumb, 0 bytes, Stack size unknown bytes, __rtentry2.o(.ARM.Collect$$rtentry$$0000000A))
<BR><BR>[Calls]<UL><LI><a href="#[94]">&gt;&gt;</a>&nbsp;&nbsp;&nbsp;__rt_lib_init
</UL>

<P><STRONG><a name="[123]"></a>__rt_entry_postsh_1</STRONG> (Thumb, 0 bytes, Stack size unknown bytes, __rtentry2.o(.ARM.Collect$$rtentry$$00000009))

<P><STRONG><a name="[95]"></a>__rt_entry_main</STRONG> (Thumb, 0 bytes, Stack size unknown bytes, __rtentry2.o(.ARM.Collect$$rtentry$$0000000D))
<BR><BR>[Stack]<UL><LI>Max Depth = 272 + Unknown Stack Size
<LI>Call Chain = __rt_entry_main &rArr; main &rArr; modbus_task &rArr; eMBInit &rArr; eMBRTUInit &rArr; xMBPortSerialInit &rArr; usart_init &rArr; crm_clocks_freq_get &rArr; __aeabi_uldivmod
</UL>
<BR>[Calls]<UL><LI><a href="#[96]">&gt;&gt;</a>&nbsp;&nbsp;&nbsp;main
<LI><a href="#[97]">&gt;&gt;</a>&nbsp;&nbsp;&nbsp;exit
</UL>

<P><STRONG><a name="[124]"></a>__rt_entry_postli_1</STRONG> (Thumb, 0 bytes, Stack size unknown bytes, __rtentry2.o(.ARM.Collect$$rtentry$$0000000C))

<P><STRONG><a name="[ae]"></a>__rt_exit</STRONG> (Thumb, 0 bytes, Stack size unknown bytes, rtexit.o(.ARM.Collect$$rtexit$$00000000))
<BR><BR>[Called By]<UL><LI><a href="#[97]">&gt;&gt;</a>&nbsp;&nbsp;&nbsp;exit
</UL>

<P><STRONG><a name="[98]"></a>__rt_exit_ls</STRONG> (Thumb, 0 bytes, Stack size unknown bytes, rtexit2.o(.ARM.Collect$$rtexit$$00000003))
<BR><BR>[Calls]<UL><LI><a href="#[99]">&gt;&gt;</a>&nbsp;&nbsp;&nbsp;__rt_lib_shutdown
</UL>

<P><STRONG><a name="[125]"></a>__rt_exit_prels_1</STRONG> (Thumb, 0 bytes, Stack size unknown bytes, rtexit2.o(.ARM.Collect$$rtexit$$00000002))

<P><STRONG><a name="[9a]"></a>__rt_exit_exit</STRONG> (Thumb, 0 bytes, Stack size unknown bytes, rtexit2.o(.ARM.Collect$$rtexit$$00000004))
<BR><BR>[Calls]<UL><LI><a href="#[9b]">&gt;&gt;</a>&nbsp;&nbsp;&nbsp;_sys_exit
</UL>

<P><STRONG><a name="[d]"></a>Reset_Handler</STRONG> (Thumb, 8 bytes, Stack size 0 bytes, startup_at32f435_437.o(.text))
<BR>[Address Reference Count : 1]<UL><LI> startup_at32f435_437.o(RESET)
</UL>
<P><STRONG><a name="[6b]"></a>ACC_IRQHandler</STRONG> (Thumb, 0 bytes, Stack size 0 bytes, startup_at32f435_437.o(.text))
<BR><BR>[Calls]<UL><LI><a href="#[6b]">&gt;&gt;</a>&nbsp;&nbsp;&nbsp;ACC_IRQHandler
</UL>
<BR>[Called By]<UL><LI><a href="#[6b]">&gt;&gt;</a>&nbsp;&nbsp;&nbsp;ACC_IRQHandler
</UL>
<BR>[Address Reference Count : 1]<UL><LI> startup_at32f435_437.o(RESET)
</UL>
<P><STRONG><a name="[29]"></a>ADC1_2_3_IRQHandler</STRONG> (Thumb, 0 bytes, Stack size 0 bytes, startup_at32f435_437.o(.text))
<BR>[Address Reference Count : 1]<UL><LI> startup_at32f435_437.o(RESET)
</UL>
<P><STRONG><a name="[2b]"></a>CAN1_RX0_IRQHandler</STRONG> (Thumb, 0 bytes, Stack size 0 bytes, startup_at32f435_437.o(.text))
<BR>[Address Reference Count : 1]<UL><LI> startup_at32f435_437.o(RESET)
</UL>
<P><STRONG><a name="[2c]"></a>CAN1_RX1_IRQHandler</STRONG> (Thumb, 0 bytes, Stack size 0 bytes, startup_at32f435_437.o(.text))
<BR>[Address Reference Count : 1]<UL><LI> startup_at32f435_437.o(RESET)
</UL>
<P><STRONG><a name="[2d]"></a>CAN1_SE_IRQHandler</STRONG> (Thumb, 0 bytes, Stack size 0 bytes, startup_at32f435_437.o(.text))
<BR>[Address Reference Count : 1]<UL><LI> startup_at32f435_437.o(RESET)
</UL>
<P><STRONG><a name="[2a]"></a>CAN1_TX_IRQHandler</STRONG> (Thumb, 0 bytes, Stack size 0 bytes, startup_at32f435_437.o(.text))
<BR>[Address Reference Count : 1]<UL><LI> startup_at32f435_437.o(RESET)
</UL>
<P><STRONG><a name="[57]"></a>CAN2_RX0_IRQHandler</STRONG> (Thumb, 0 bytes, Stack size 0 bytes, startup_at32f435_437.o(.text))
<BR>[Address Reference Count : 1]<UL><LI> startup_at32f435_437.o(RESET)
</UL>
<P><STRONG><a name="[58]"></a>CAN2_RX1_IRQHandler</STRONG> (Thumb, 0 bytes, Stack size 0 bytes, startup_at32f435_437.o(.text))
<BR>[Address Reference Count : 1]<UL><LI> startup_at32f435_437.o(RESET)
</UL>
<P><STRONG><a name="[59]"></a>CAN2_SE_IRQHandler</STRONG> (Thumb, 0 bytes, Stack size 0 bytes, startup_at32f435_437.o(.text))
<BR>[Address Reference Count : 1]<UL><LI> startup_at32f435_437.o(RESET)
</UL>
<P><STRONG><a name="[56]"></a>CAN2_TX_IRQHandler</STRONG> (Thumb, 0 bytes, Stack size 0 bytes, startup_at32f435_437.o(.text))
<BR>[Address Reference Count : 1]<UL><LI> startup_at32f435_437.o(RESET)
</UL>
<P><STRONG><a name="[1c]"></a>CRM_IRQHandler</STRONG> (Thumb, 0 bytes, Stack size 0 bytes, startup_at32f435_437.o(.text))
<BR>[Address Reference Count : 1]<UL><LI> startup_at32f435_437.o(RESET)
</UL>
<P><STRONG><a name="[4f]"></a>DMA1_Channel1_IRQHandler</STRONG> (Thumb, 0 bytes, Stack size 0 bytes, startup_at32f435_437.o(.text))
<BR>[Address Reference Count : 1]<UL><LI> startup_at32f435_437.o(RESET)
</UL>
<P><STRONG><a name="[50]"></a>DMA1_Channel2_IRQHandler</STRONG> (Thumb, 0 bytes, Stack size 0 bytes, startup_at32f435_437.o(.text))
<BR>[Address Reference Count : 1]<UL><LI> startup_at32f435_437.o(RESET)
</UL>
<P><STRONG><a name="[51]"></a>DMA1_Channel3_IRQHandler</STRONG> (Thumb, 0 bytes, Stack size 0 bytes, startup_at32f435_437.o(.text))
<BR>[Address Reference Count : 1]<UL><LI> startup_at32f435_437.o(RESET)
</UL>
<P><STRONG><a name="[52]"></a>DMA1_Channel4_IRQHandler</STRONG> (Thumb, 0 bytes, Stack size 0 bytes, startup_at32f435_437.o(.text))
<BR>[Address Reference Count : 1]<UL><LI> startup_at32f435_437.o(RESET)
</UL>
<P><STRONG><a name="[53]"></a>DMA1_Channel5_IRQHandler</STRONG> (Thumb, 0 bytes, Stack size 0 bytes, startup_at32f435_437.o(.text))
<BR>[Address Reference Count : 1]<UL><LI> startup_at32f435_437.o(RESET)
</UL>
<P><STRONG><a name="[5b]"></a>DMA1_Channel6_IRQHandler</STRONG> (Thumb, 0 bytes, Stack size 0 bytes, startup_at32f435_437.o(.text))
<BR>[Address Reference Count : 1]<UL><LI> startup_at32f435_437.o(RESET)
</UL>
<P><STRONG><a name="[5c]"></a>DMA1_Channel7_IRQHandler</STRONG> (Thumb, 0 bytes, Stack size 0 bytes, startup_at32f435_437.o(.text))
<BR>[Address Reference Count : 1]<UL><LI> startup_at32f435_437.o(RESET)
</UL>
<P><STRONG><a name="[70]"></a>DMA2_Channel1_IRQHandler</STRONG> (Thumb, 0 bytes, Stack size 0 bytes, startup_at32f435_437.o(.text))
<BR>[Address Reference Count : 1]<UL><LI> startup_at32f435_437.o(RESET)
</UL>
<P><STRONG><a name="[71]"></a>DMA2_Channel2_IRQHandler</STRONG> (Thumb, 0 bytes, Stack size 0 bytes, startup_at32f435_437.o(.text))
<BR>[Address Reference Count : 1]<UL><LI> startup_at32f435_437.o(RESET)
</UL>
<P><STRONG><a name="[72]"></a>DMA2_Channel3_IRQHandler</STRONG> (Thumb, 0 bytes, Stack size 0 bytes, startup_at32f435_437.o(.text))
<BR>[Address Reference Count : 1]<UL><LI> startup_at32f435_437.o(RESET)
</UL>
<P><STRONG><a name="[73]"></a>DMA2_Channel4_IRQHandler</STRONG> (Thumb, 0 bytes, Stack size 0 bytes, startup_at32f435_437.o(.text))
<BR>[Address Reference Count : 1]<UL><LI> startup_at32f435_437.o(RESET)
</UL>
<P><STRONG><a name="[74]"></a>DMA2_Channel5_IRQHandler</STRONG> (Thumb, 0 bytes, Stack size 0 bytes, startup_at32f435_437.o(.text))
<BR>[Address Reference Count : 1]<UL><LI> startup_at32f435_437.o(RESET)
</UL>
<P><STRONG><a name="[75]"></a>DMA2_Channel6_IRQHandler</STRONG> (Thumb, 0 bytes, Stack size 0 bytes, startup_at32f435_437.o(.text))
<BR>[Address Reference Count : 1]<UL><LI> startup_at32f435_437.o(RESET)
</UL>
<P><STRONG><a name="[76]"></a>DMA2_Channel7_IRQHandler</STRONG> (Thumb, 0 bytes, Stack size 0 bytes, startup_at32f435_437.o(.text))
<BR>[Address Reference Count : 1]<UL><LI> startup_at32f435_437.o(RESET)
</UL>
<P><STRONG><a name="[69]"></a>DMAMUX_IRQHandler</STRONG> (Thumb, 0 bytes, Stack size 0 bytes, startup_at32f435_437.o(.text))
<BR>[Address Reference Count : 1]<UL><LI> startup_at32f435_437.o(RESET)
</UL>
<P><STRONG><a name="[62]"></a>DVP_IRQHandler</STRONG> (Thumb, 0 bytes, Stack size 0 bytes, startup_at32f435_437.o(.text))
<BR>[Address Reference Count : 1]<UL><LI> startup_at32f435_437.o(RESET)
</UL>
<P><STRONG><a name="[22]"></a>EDMA_Stream1_IRQHandler</STRONG> (Thumb, 0 bytes, Stack size 0 bytes, startup_at32f435_437.o(.text))
<BR>[Address Reference Count : 1]<UL><LI> startup_at32f435_437.o(RESET)
</UL>
<P><STRONG><a name="[23]"></a>EDMA_Stream2_IRQHandler</STRONG> (Thumb, 0 bytes, Stack size 0 bytes, startup_at32f435_437.o(.text))
<BR>[Address Reference Count : 1]<UL><LI> startup_at32f435_437.o(RESET)
</UL>
<P><STRONG><a name="[24]"></a>EDMA_Stream3_IRQHandler</STRONG> (Thumb, 0 bytes, Stack size 0 bytes, startup_at32f435_437.o(.text))
<BR>[Address Reference Count : 1]<UL><LI> startup_at32f435_437.o(RESET)
</UL>
<P><STRONG><a name="[25]"></a>EDMA_Stream4_IRQHandler</STRONG> (Thumb, 0 bytes, Stack size 0 bytes, startup_at32f435_437.o(.text))
<BR>[Address Reference Count : 1]<UL><LI> startup_at32f435_437.o(RESET)
</UL>
<P><STRONG><a name="[26]"></a>EDMA_Stream5_IRQHandler</STRONG> (Thumb, 0 bytes, Stack size 0 bytes, startup_at32f435_437.o(.text))
<BR>[Address Reference Count : 1]<UL><LI> startup_at32f435_437.o(RESET)
</UL>
<P><STRONG><a name="[27]"></a>EDMA_Stream6_IRQHandler</STRONG> (Thumb, 0 bytes, Stack size 0 bytes, startup_at32f435_437.o(.text))
<BR>[Address Reference Count : 1]<UL><LI> startup_at32f435_437.o(RESET)
</UL>
<P><STRONG><a name="[28]"></a>EDMA_Stream7_IRQHandler</STRONG> (Thumb, 0 bytes, Stack size 0 bytes, startup_at32f435_437.o(.text))
<BR>[Address Reference Count : 1]<UL><LI> startup_at32f435_437.o(RESET)
</UL>
<P><STRONG><a name="[46]"></a>EDMA_Stream8_IRQHandler</STRONG> (Thumb, 0 bytes, Stack size 0 bytes, startup_at32f435_437.o(.text))
<BR>[Address Reference Count : 1]<UL><LI> startup_at32f435_437.o(RESET)
</UL>
<P><STRONG><a name="[54]"></a>EMAC_IRQHandler</STRONG> (Thumb, 0 bytes, Stack size 0 bytes, startup_at32f435_437.o(.text))
<BR>[Address Reference Count : 1]<UL><LI> startup_at32f435_437.o(RESET)
</UL>
<P><STRONG><a name="[55]"></a>EMAC_WKUP_IRQHandler</STRONG> (Thumb, 0 bytes, Stack size 0 bytes, startup_at32f435_437.o(.text))
<BR>[Address Reference Count : 1]<UL><LI> startup_at32f435_437.o(RESET)
</UL>
<P><STRONG><a name="[40]"></a>ERTCAlarm_IRQHandler</STRONG> (Thumb, 0 bytes, Stack size 0 bytes, startup_at32f435_437.o(.text))
<BR>[Address Reference Count : 1]<UL><LI> startup_at32f435_437.o(RESET)
</UL>
<P><STRONG><a name="[1a]"></a>ERTC_WKUP_IRQHandler</STRONG> (Thumb, 0 bytes, Stack size 0 bytes, startup_at32f435_437.o(.text))
<BR>[Address Reference Count : 1]<UL><LI> startup_at32f435_437.o(RESET)
</UL>
<P><STRONG><a name="[1d]"></a>EXINT0_IRQHandler</STRONG> (Thumb, 0 bytes, Stack size 0 bytes, startup_at32f435_437.o(.text))
<BR>[Address Reference Count : 1]<UL><LI> startup_at32f435_437.o(RESET)
</UL>
<P><STRONG><a name="[3f]"></a>EXINT15_10_IRQHandler</STRONG> (Thumb, 0 bytes, Stack size 0 bytes, startup_at32f435_437.o(.text))
<BR>[Address Reference Count : 1]<UL><LI> startup_at32f435_437.o(RESET)
</UL>
<P><STRONG><a name="[1e]"></a>EXINT1_IRQHandler</STRONG> (Thumb, 0 bytes, Stack size 0 bytes, startup_at32f435_437.o(.text))
<BR>[Address Reference Count : 1]<UL><LI> startup_at32f435_437.o(RESET)
</UL>
<P><STRONG><a name="[1f]"></a>EXINT2_IRQHandler</STRONG> (Thumb, 0 bytes, Stack size 0 bytes, startup_at32f435_437.o(.text))
<BR>[Address Reference Count : 1]<UL><LI> startup_at32f435_437.o(RESET)
</UL>
<P><STRONG><a name="[20]"></a>EXINT3_IRQHandler</STRONG> (Thumb, 0 bytes, Stack size 0 bytes, startup_at32f435_437.o(.text))
<BR>[Address Reference Count : 1]<UL><LI> startup_at32f435_437.o(RESET)
</UL>
<P><STRONG><a name="[21]"></a>EXINT4_IRQHandler</STRONG> (Thumb, 0 bytes, Stack size 0 bytes, startup_at32f435_437.o(.text))
<BR>[Address Reference Count : 1]<UL><LI> startup_at32f435_437.o(RESET)
</UL>
<P><STRONG><a name="[2e]"></a>EXINT9_5_IRQHandler</STRONG> (Thumb, 0 bytes, Stack size 0 bytes, startup_at32f435_437.o(.text))
<BR>[Address Reference Count : 1]<UL><LI> startup_at32f435_437.o(RESET)
</UL>
<P><STRONG><a name="[1b]"></a>FLASH_IRQHandler</STRONG> (Thumb, 0 bytes, Stack size 0 bytes, startup_at32f435_437.o(.text))
<BR>[Address Reference Count : 1]<UL><LI> startup_at32f435_437.o(RESET)
</UL>
<P><STRONG><a name="[63]"></a>FPU_IRQHandler</STRONG> (Thumb, 0 bytes, Stack size 0 bytes, startup_at32f435_437.o(.text))
<BR>[Address Reference Count : 1]<UL><LI> startup_at32f435_437.o(RESET)
</UL>
<P><STRONG><a name="[37]"></a>I2C1_ERR_IRQHandler</STRONG> (Thumb, 0 bytes, Stack size 0 bytes, startup_at32f435_437.o(.text))
<BR>[Address Reference Count : 1]<UL><LI> startup_at32f435_437.o(RESET)
</UL>
<P><STRONG><a name="[36]"></a>I2C1_EVT_IRQHandler</STRONG> (Thumb, 0 bytes, Stack size 0 bytes, startup_at32f435_437.o(.text))
<BR>[Address Reference Count : 1]<UL><LI> startup_at32f435_437.o(RESET)
</UL>
<P><STRONG><a name="[39]"></a>I2C2_ERR_IRQHandler</STRONG> (Thumb, 0 bytes, Stack size 0 bytes, startup_at32f435_437.o(.text))
<BR>[Address Reference Count : 1]<UL><LI> startup_at32f435_437.o(RESET)
</UL>
<P><STRONG><a name="[38]"></a>I2C2_EVT_IRQHandler</STRONG> (Thumb, 0 bytes, Stack size 0 bytes, startup_at32f435_437.o(.text))
<BR>[Address Reference Count : 1]<UL><LI> startup_at32f435_437.o(RESET)
</UL>
<P><STRONG><a name="[5f]"></a>I2C3_ERR_IRQHandler</STRONG> (Thumb, 0 bytes, Stack size 0 bytes, startup_at32f435_437.o(.text))
<BR>[Address Reference Count : 1]<UL><LI> startup_at32f435_437.o(RESET)
</UL>
<P><STRONG><a name="[5e]"></a>I2C3_EVT_IRQHandler</STRONG> (Thumb, 0 bytes, Stack size 0 bytes, startup_at32f435_437.o(.text))
<BR>[Address Reference Count : 1]<UL><LI> startup_at32f435_437.o(RESET)
</UL>
<P><STRONG><a name="[5a]"></a>OTGFS1_IRQHandler</STRONG> (Thumb, 0 bytes, Stack size 0 bytes, startup_at32f435_437.o(.text))
<BR>[Address Reference Count : 1]<UL><LI> startup_at32f435_437.o(RESET)
</UL>
<P><STRONG><a name="[41]"></a>OTGFS1_WKUP_IRQHandler</STRONG> (Thumb, 0 bytes, Stack size 0 bytes, startup_at32f435_437.o(.text))
<BR>[Address Reference Count : 1]<UL><LI> startup_at32f435_437.o(RESET)
</UL>
<P><STRONG><a name="[61]"></a>OTGFS2_IRQHandler</STRONG> (Thumb, 0 bytes, Stack size 0 bytes, startup_at32f435_437.o(.text))
<BR>[Address Reference Count : 1]<UL><LI> startup_at32f435_437.o(RESET)
</UL>
<P><STRONG><a name="[60]"></a>OTGFS2_WKUP_IRQHandler</STRONG> (Thumb, 0 bytes, Stack size 0 bytes, startup_at32f435_437.o(.text))
<BR>[Address Reference Count : 1]<UL><LI> startup_at32f435_437.o(RESET)
</UL>
<P><STRONG><a name="[18]"></a>PVM_IRQHandler</STRONG> (Thumb, 0 bytes, Stack size 0 bytes, startup_at32f435_437.o(.text))
<BR>[Address Reference Count : 1]<UL><LI> startup_at32f435_437.o(RESET)
</UL>
<P><STRONG><a name="[68]"></a>QSPI1_IRQHandler</STRONG> (Thumb, 0 bytes, Stack size 0 bytes, startup_at32f435_437.o(.text))
<BR>[Address Reference Count : 1]<UL><LI> startup_at32f435_437.o(RESET)
</UL>
<P><STRONG><a name="[67]"></a>QSPI2_IRQHandler</STRONG> (Thumb, 0 bytes, Stack size 0 bytes, startup_at32f435_437.o(.text))
<BR>[Address Reference Count : 1]<UL><LI> startup_at32f435_437.o(RESET)
</UL>
<P><STRONG><a name="[48]"></a>SDIO1_IRQHandler</STRONG> (Thumb, 0 bytes, Stack size 0 bytes, startup_at32f435_437.o(.text))
<BR>[Address Reference Count : 1]<UL><LI> startup_at32f435_437.o(RESET)
</UL>
<P><STRONG><a name="[6a]"></a>SDIO2_IRQHandler</STRONG> (Thumb, 0 bytes, Stack size 0 bytes, startup_at32f435_437.o(.text))
<BR>[Address Reference Count : 1]<UL><LI> startup_at32f435_437.o(RESET)
</UL>
<P><STRONG><a name="[3a]"></a>SPI1_IRQHandler</STRONG> (Thumb, 0 bytes, Stack size 0 bytes, startup_at32f435_437.o(.text))
<BR>[Address Reference Count : 1]<UL><LI> startup_at32f435_437.o(RESET)
</UL>
<P><STRONG><a name="[3b]"></a>SPI2_I2S2EXT_IRQHandler</STRONG> (Thumb, 0 bytes, Stack size 0 bytes, startup_at32f435_437.o(.text))
<BR>[Address Reference Count : 1]<UL><LI> startup_at32f435_437.o(RESET)
</UL>
<P><STRONG><a name="[4a]"></a>SPI3_I2S3EXT_IRQHandler</STRONG> (Thumb, 0 bytes, Stack size 0 bytes, startup_at32f435_437.o(.text))
<BR>[Address Reference Count : 1]<UL><LI> startup_at32f435_437.o(RESET)
</UL>
<P><STRONG><a name="[66]"></a>SPI4_IRQHandler</STRONG> (Thumb, 0 bytes, Stack size 0 bytes, startup_at32f435_437.o(.text))
<BR>[Address Reference Count : 1]<UL><LI> startup_at32f435_437.o(RESET)
</UL>
<P><STRONG><a name="[19]"></a>TAMP_STAMP_IRQHandler</STRONG> (Thumb, 0 bytes, Stack size 0 bytes, startup_at32f435_437.o(.text))
<BR>[Address Reference Count : 1]<UL><LI> startup_at32f435_437.o(RESET)
</UL>
<P><STRONG><a name="[2f]"></a>TMR1_BRK_TMR9_IRQHandler</STRONG> (Thumb, 0 bytes, Stack size 0 bytes, startup_at32f435_437.o(.text))
<BR>[Address Reference Count : 1]<UL><LI> startup_at32f435_437.o(RESET)
</UL>
<P><STRONG><a name="[32]"></a>TMR1_CH_IRQHandler</STRONG> (Thumb, 0 bytes, Stack size 0 bytes, startup_at32f435_437.o(.text))
<BR>[Address Reference Count : 1]<UL><LI> startup_at32f435_437.o(RESET)
</UL>
<P><STRONG><a name="[30]"></a>TMR1_OVF_TMR10_IRQHandler</STRONG> (Thumb, 0 bytes, Stack size 0 bytes, startup_at32f435_437.o(.text))
<BR>[Address Reference Count : 1]<UL><LI> startup_at32f435_437.o(RESET)
</UL>
<P><STRONG><a name="[31]"></a>TMR1_TRG_HALL_TMR11_IRQHandler</STRONG> (Thumb, 0 bytes, Stack size 0 bytes, startup_at32f435_437.o(.text))
<BR>[Address Reference Count : 1]<UL><LI> startup_at32f435_437.o(RESET)
</UL>
<P><STRONG><a name="[6c]"></a>TMR20_BRK_IRQHandler</STRONG> (Thumb, 0 bytes, Stack size 0 bytes, startup_at32f435_437.o(.text))
<BR>[Address Reference Count : 1]<UL><LI> startup_at32f435_437.o(RESET)
</UL>
<P><STRONG><a name="[6f]"></a>TMR20_CH_IRQHandler</STRONG> (Thumb, 0 bytes, Stack size 0 bytes, startup_at32f435_437.o(.text))
<BR>[Address Reference Count : 1]<UL><LI> startup_at32f435_437.o(RESET)
</UL>
<P><STRONG><a name="[6d]"></a>TMR20_OVF_IRQHandler</STRONG> (Thumb, 0 bytes, Stack size 0 bytes, startup_at32f435_437.o(.text))
<BR>[Address Reference Count : 1]<UL><LI> startup_at32f435_437.o(RESET)
</UL>
<P><STRONG><a name="[6e]"></a>TMR20_TRG_HALL_IRQHandler</STRONG> (Thumb, 0 bytes, Stack size 0 bytes, startup_at32f435_437.o(.text))
<BR>[Address Reference Count : 1]<UL><LI> startup_at32f435_437.o(RESET)
</UL>
<P><STRONG><a name="[34]"></a>TMR3_GLOBAL_IRQHandler</STRONG> (Thumb, 0 bytes, Stack size 0 bytes, startup_at32f435_437.o(.text))
<BR>[Address Reference Count : 1]<UL><LI> startup_at32f435_437.o(RESET)
</UL>
<P><STRONG><a name="[35]"></a>TMR4_GLOBAL_IRQHandler</STRONG> (Thumb, 0 bytes, Stack size 0 bytes, startup_at32f435_437.o(.text))
<BR>[Address Reference Count : 1]<UL><LI> startup_at32f435_437.o(RESET)
</UL>
<P><STRONG><a name="[49]"></a>TMR5_GLOBAL_IRQHandler</STRONG> (Thumb, 0 bytes, Stack size 0 bytes, startup_at32f435_437.o(.text))
<BR>[Address Reference Count : 1]<UL><LI> startup_at32f435_437.o(RESET)
</UL>
<P><STRONG><a name="[4d]"></a>TMR6_DAC_GLOBAL_IRQHandler</STRONG> (Thumb, 0 bytes, Stack size 0 bytes, startup_at32f435_437.o(.text))
<BR>[Address Reference Count : 1]<UL><LI> startup_at32f435_437.o(RESET)
</UL>
<P><STRONG><a name="[4e]"></a>TMR7_GLOBAL_IRQHandler</STRONG> (Thumb, 0 bytes, Stack size 0 bytes, startup_at32f435_437.o(.text))
<BR>[Address Reference Count : 1]<UL><LI> startup_at32f435_437.o(RESET)
</UL>
<P><STRONG><a name="[42]"></a>TMR8_BRK_TMR12_IRQHandler</STRONG> (Thumb, 0 bytes, Stack size 0 bytes, startup_at32f435_437.o(.text))
<BR>[Address Reference Count : 1]<UL><LI> startup_at32f435_437.o(RESET)
</UL>
<P><STRONG><a name="[45]"></a>TMR8_CH_IRQHandler</STRONG> (Thumb, 0 bytes, Stack size 0 bytes, startup_at32f435_437.o(.text))
<BR>[Address Reference Count : 1]<UL><LI> startup_at32f435_437.o(RESET)
</UL>
<P><STRONG><a name="[43]"></a>TMR8_OVF_TMR13_IRQHandler</STRONG> (Thumb, 0 bytes, Stack size 0 bytes, startup_at32f435_437.o(.text))
<BR>[Address Reference Count : 1]<UL><LI> startup_at32f435_437.o(RESET)
</UL>
<P><STRONG><a name="[44]"></a>TMR8_TRG_HALL_TMR14_IRQHandler</STRONG> (Thumb, 0 bytes, Stack size 0 bytes, startup_at32f435_437.o(.text))
<BR>[Address Reference Count : 1]<UL><LI> startup_at32f435_437.o(RESET)
</UL>
<P><STRONG><a name="[4b]"></a>UART4_IRQHandler</STRONG> (Thumb, 0 bytes, Stack size 0 bytes, startup_at32f435_437.o(.text))
<BR>[Address Reference Count : 1]<UL><LI> startup_at32f435_437.o(RESET)
</UL>
<P><STRONG><a name="[4c]"></a>UART5_IRQHandler</STRONG> (Thumb, 0 bytes, Stack size 0 bytes, startup_at32f435_437.o(.text))
<BR>[Address Reference Count : 1]<UL><LI> startup_at32f435_437.o(RESET)
</UL>
<P><STRONG><a name="[64]"></a>UART7_IRQHandler</STRONG> (Thumb, 0 bytes, Stack size 0 bytes, startup_at32f435_437.o(.text))
<BR>[Address Reference Count : 1]<UL><LI> startup_at32f435_437.o(RESET)
</UL>
<P><STRONG><a name="[65]"></a>UART8_IRQHandler</STRONG> (Thumb, 0 bytes, Stack size 0 bytes, startup_at32f435_437.o(.text))
<BR>[Address Reference Count : 1]<UL><LI> startup_at32f435_437.o(RESET)
</UL>
<P><STRONG><a name="[3c]"></a>USART1_IRQHandler</STRONG> (Thumb, 0 bytes, Stack size 0 bytes, startup_at32f435_437.o(.text))
<BR>[Address Reference Count : 1]<UL><LI> startup_at32f435_437.o(RESET)
</UL>
<P><STRONG><a name="[5d]"></a>USART6_IRQHandler</STRONG> (Thumb, 0 bytes, Stack size 0 bytes, startup_at32f435_437.o(.text))
<BR>[Address Reference Count : 1]<UL><LI> startup_at32f435_437.o(RESET)
</UL>
<P><STRONG><a name="[17]"></a>WWDT_IRQHandler</STRONG> (Thumb, 0 bytes, Stack size 0 bytes, startup_at32f435_437.o(.text))
<BR>[Address Reference Count : 1]<UL><LI> startup_at32f435_437.o(RESET)
</UL>
<P><STRONG><a name="[47]"></a>XMC_IRQHandler</STRONG> (Thumb, 0 bytes, Stack size 0 bytes, startup_at32f435_437.o(.text))
<BR>[Address Reference Count : 1]<UL><LI> startup_at32f435_437.o(RESET)
</UL>
<P><STRONG><a name="[ad]"></a>__user_initial_stackheap</STRONG> (Thumb, 0 bytes, Stack size unknown bytes, startup_at32f435_437.o(.text))
<BR><BR>[Called By]<UL><LI><a href="#[92]">&gt;&gt;</a>&nbsp;&nbsp;&nbsp;__user_setup_stackheap
</UL>

<P><STRONG><a name="[126]"></a>__use_no_semihosting</STRONG> (Thumb, 2 bytes, Stack size 0 bytes, use_no_semi_2.o(.text), UNUSED)

<P><STRONG><a name="[be]"></a>__aeabi_uldivmod</STRONG> (Thumb, 0 bytes, Stack size 48 bytes, lludivv7m.o(.text))
<BR><BR>[Stack]<UL><LI>Max Depth = 48<LI>Call Chain = __aeabi_uldivmod
</UL>
<BR>[Called By]<UL><LI><a href="#[e7]">&gt;&gt;</a>&nbsp;&nbsp;&nbsp;system_core_clock_update
<LI><a href="#[bc]">&gt;&gt;</a>&nbsp;&nbsp;&nbsp;crm_clocks_freq_get
</UL>

<P><STRONG><a name="[127]"></a>_ll_udiv</STRONG> (Thumb, 238 bytes, Stack size 48 bytes, lludivv7m.o(.text), UNUSED)

<P><STRONG><a name="[9c]"></a>__2printf</STRONG> (Thumb, 20 bytes, Stack size 24 bytes, noretval__2printf.o(.text))
<BR><BR>[Stack]<UL><LI>Max Depth = 128 + Unknown Stack Size
<LI>Call Chain = __2printf &rArr; _printf_char_file &rArr; _printf_char_common &rArr; __printf
</UL>
<BR>[Calls]<UL><LI><a href="#[9d]">&gt;&gt;</a>&nbsp;&nbsp;&nbsp;_printf_char_file
</UL>
<BR>[Called By]<UL><LI><a href="#[dc]">&gt;&gt;</a>&nbsp;&nbsp;&nbsp;modbus_task
<LI><a href="#[96]">&gt;&gt;</a>&nbsp;&nbsp;&nbsp;main
</UL>

<P><STRONG><a name="[9e]"></a>__printf</STRONG> (Thumb, 104 bytes, Stack size 24 bytes, __printf.o(.text))
<BR><BR>[Stack]<UL><LI>Max Depth = 24 + Unknown Stack Size
<LI>Call Chain = __printf
</UL>
<BR>[Calls]<UL><LI><a href="#[9f]">&gt;&gt;</a>&nbsp;&nbsp;&nbsp;_printf_percent
</UL>
<BR>[Called By]<UL><LI><a href="#[a6]">&gt;&gt;</a>&nbsp;&nbsp;&nbsp;_printf_char_common
</UL>

<P><STRONG><a name="[8e]"></a>_printf_int_dec</STRONG> (Thumb, 104 bytes, Stack size 24 bytes, _printf_dec.o(.text))
<BR><BR>[Stack]<UL><LI>Max Depth = 56<LI>Call Chain = _printf_int_dec &rArr; _printf_int_common
</UL>
<BR>[Calls]<UL><LI><a href="#[a0]">&gt;&gt;</a>&nbsp;&nbsp;&nbsp;_printf_int_common
</UL>
<BR>[Called By]<UL><LI><a href="#[8d]">&gt;&gt;</a>&nbsp;&nbsp;&nbsp;_printf_u
</UL>

<P><STRONG><a name="[a1]"></a>__aeabi_assert</STRONG> (Thumb, 86 bytes, Stack size 16 bytes, assert.o(.text))
<BR><BR>[Stack]<UL><LI>Max Depth = 56 + Unknown Stack Size
<LI>Call Chain = __aeabi_assert &rArr; abort &rArr; __rt_SIGABRT &rArr; __rt_SIGABRT_inner &rArr; __default_signal_display
</UL>
<BR>[Calls]<UL><LI><a href="#[a2]">&gt;&gt;</a>&nbsp;&nbsp;&nbsp;__assert_puts
<LI><a href="#[a3]">&gt;&gt;</a>&nbsp;&nbsp;&nbsp;abort
</UL>
<BR>[Called By]<UL><LI><a href="#[87]">&gt;&gt;</a>&nbsp;&nbsp;&nbsp;xMBASCIITransmitFSM
<LI><a href="#[88]">&gt;&gt;</a>&nbsp;&nbsp;&nbsp;xMBASCIITimerT1SExpired
<LI><a href="#[86]">&gt;&gt;</a>&nbsp;&nbsp;&nbsp;xMBASCIIReceiveFSM
<LI><a href="#[85]">&gt;&gt;</a>&nbsp;&nbsp;&nbsp;eMBASCIIReceive
<LI><a href="#[de]">&gt;&gt;</a>&nbsp;&nbsp;&nbsp;prvucMBBIN2CHAR
<LI><a href="#[d7]">&gt;&gt;</a>&nbsp;&nbsp;&nbsp;xMBUtilSetBits
<LI><a href="#[80]">&gt;&gt;</a>&nbsp;&nbsp;&nbsp;xMBRTUTransmitFSM
<LI><a href="#[81]">&gt;&gt;</a>&nbsp;&nbsp;&nbsp;xMBRTUTimerT35Expired
<LI><a href="#[7f]">&gt;&gt;</a>&nbsp;&nbsp;&nbsp;xMBRTUReceiveFSM
<LI><a href="#[7e]">&gt;&gt;</a>&nbsp;&nbsp;&nbsp;eMBRTUReceive
</UL>

<P><STRONG><a name="[128]"></a>__assert</STRONG> (Thumb, 0 bytes, Stack size 16 bytes, assert.o(.text), UNUSED)

<P><STRONG><a name="[ce]"></a>__aeabi_memcpy</STRONG> (Thumb, 0 bytes, Stack size 0 bytes, rt_memcpy_v6.o(.text))
<BR><BR>[Called By]<UL><LI><a href="#[3]">&gt;&gt;</a>&nbsp;&nbsp;&nbsp;eMBFuncReportSlaveID
</UL>

<P><STRONG><a name="[a4]"></a>__rt_memcpy</STRONG> (Thumb, 138 bytes, Stack size 0 bytes, rt_memcpy_v6.o(.text), UNUSED)
<BR><BR>[Calls]<UL><LI><a href="#[a5]">&gt;&gt;</a>&nbsp;&nbsp;&nbsp;__aeabi_memcpy4
</UL>

<P><STRONG><a name="[129]"></a>_memcpy_lastbytes</STRONG> (Thumb, 0 bytes, Stack size unknown bytes, rt_memcpy_v6.o(.text), UNUSED)

<P><STRONG><a name="[12a]"></a>__use_two_region_memory</STRONG> (Thumb, 2 bytes, Stack size 0 bytes, heapauxi.o(.text), UNUSED)

<P><STRONG><a name="[12b]"></a>__rt_heap_escrow$2region</STRONG> (Thumb, 2 bytes, Stack size 0 bytes, heapauxi.o(.text), UNUSED)

<P><STRONG><a name="[12c]"></a>__rt_heap_expand$2region</STRONG> (Thumb, 2 bytes, Stack size 0 bytes, heapauxi.o(.text), UNUSED)

<P><STRONG><a name="[12d]"></a>__I$use$semihosting</STRONG> (Thumb, 0 bytes, Stack size 0 bytes, use_no_semi.o(.text), UNUSED)

<P><STRONG><a name="[12e]"></a>__use_no_semihosting_swi</STRONG> (Thumb, 2 bytes, Stack size 0 bytes, use_no_semi.o(.text), UNUSED)

<P><STRONG><a name="[a0]"></a>_printf_int_common</STRONG> (Thumb, 178 bytes, Stack size 32 bytes, _printf_intcommon.o(.text))
<BR><BR>[Stack]<UL><LI>Max Depth = 32<LI>Call Chain = _printf_int_common
</UL>
<BR>[Called By]<UL><LI><a href="#[8e]">&gt;&gt;</a>&nbsp;&nbsp;&nbsp;_printf_int_dec
</UL>

<P><STRONG><a name="[9d]"></a>_printf_char_file</STRONG> (Thumb, 32 bytes, Stack size 16 bytes, _printf_char_file.o(.text))
<BR><BR>[Stack]<UL><LI>Max Depth = 104 + Unknown Stack Size
<LI>Call Chain = _printf_char_file &rArr; _printf_char_common &rArr; __printf
</UL>
<BR>[Calls]<UL><LI><a href="#[a7]">&gt;&gt;</a>&nbsp;&nbsp;&nbsp;ferror
<LI><a href="#[a6]">&gt;&gt;</a>&nbsp;&nbsp;&nbsp;_printf_char_common
</UL>
<BR>[Called By]<UL><LI><a href="#[9c]">&gt;&gt;</a>&nbsp;&nbsp;&nbsp;__2printf
</UL>

<P><STRONG><a name="[a3]"></a>abort</STRONG> (Thumb, 22 bytes, Stack size 8 bytes, abort.o(.text))
<BR><BR>[Stack]<UL><LI>Max Depth = 40 + Unknown Stack Size
<LI>Call Chain = abort &rArr; __rt_SIGABRT &rArr; __rt_SIGABRT_inner &rArr; __default_signal_display
</UL>
<BR>[Calls]<UL><LI><a href="#[9b]">&gt;&gt;</a>&nbsp;&nbsp;&nbsp;_sys_exit
<LI><a href="#[99]">&gt;&gt;</a>&nbsp;&nbsp;&nbsp;__rt_lib_shutdown
<LI><a href="#[a8]">&gt;&gt;</a>&nbsp;&nbsp;&nbsp;__rt_SIGABRT
</UL>
<BR>[Called By]<UL><LI><a href="#[a1]">&gt;&gt;</a>&nbsp;&nbsp;&nbsp;__aeabi_assert
</UL>

<P><STRONG><a name="[a2]"></a>__assert_puts</STRONG> (Thumb, 20 bytes, Stack size 8 bytes, assert_puts.o(.text))
<BR><BR>[Stack]<UL><LI>Max Depth = 8<LI>Call Chain = __assert_puts
</UL>
<BR>[Calls]<UL><LI><a href="#[a9]">&gt;&gt;</a>&nbsp;&nbsp;&nbsp;_ttywrch
</UL>
<BR>[Called By]<UL><LI><a href="#[a1]">&gt;&gt;</a>&nbsp;&nbsp;&nbsp;__aeabi_assert
</UL>

<P><STRONG><a name="[a5]"></a>__aeabi_memcpy4</STRONG> (Thumb, 0 bytes, Stack size 8 bytes, rt_memcpy_w.o(.text), UNUSED)
<BR><BR>[Called By]<UL><LI><a href="#[a4]">&gt;&gt;</a>&nbsp;&nbsp;&nbsp;__rt_memcpy
</UL>

<P><STRONG><a name="[12f]"></a>__aeabi_memcpy8</STRONG> (Thumb, 0 bytes, Stack size 8 bytes, rt_memcpy_w.o(.text), UNUSED)

<P><STRONG><a name="[130]"></a>__rt_memcpy_w</STRONG> (Thumb, 100 bytes, Stack size 8 bytes, rt_memcpy_w.o(.text), UNUSED)

<P><STRONG><a name="[131]"></a>_memcpy_lastbytes_aligned</STRONG> (Thumb, 0 bytes, Stack size unknown bytes, rt_memcpy_w.o(.text), UNUSED)

<P><STRONG><a name="[a6]"></a>_printf_char_common</STRONG> (Thumb, 32 bytes, Stack size 64 bytes, _printf_char_common.o(.text))
<BR><BR>[Stack]<UL><LI>Max Depth = 88 + Unknown Stack Size
<LI>Call Chain = _printf_char_common &rArr; __printf
</UL>
<BR>[Calls]<UL><LI><a href="#[9e]">&gt;&gt;</a>&nbsp;&nbsp;&nbsp;__printf
</UL>
<BR>[Called By]<UL><LI><a href="#[9d]">&gt;&gt;</a>&nbsp;&nbsp;&nbsp;_printf_char_file
</UL>

<P><STRONG><a name="[a7]"></a>ferror</STRONG> (Thumb, 8 bytes, Stack size 0 bytes, ferror.o(.text))
<BR><BR>[Called By]<UL><LI><a href="#[9d]">&gt;&gt;</a>&nbsp;&nbsp;&nbsp;_printf_char_file
</UL>

<P><STRONG><a name="[a8]"></a>__rt_SIGABRT</STRONG> (Thumb, 14 bytes, Stack size 8 bytes, defsig_abrt_outer.o(.text))
<BR><BR>[Stack]<UL><LI>Max Depth = 32<LI>Call Chain = __rt_SIGABRT &rArr; __rt_SIGABRT_inner &rArr; __default_signal_display
</UL>
<BR>[Calls]<UL><LI><a href="#[aa]">&gt;&gt;</a>&nbsp;&nbsp;&nbsp;__rt_SIGABRT_inner
<LI><a href="#[ab]">&gt;&gt;</a>&nbsp;&nbsp;&nbsp;__sig_exit
</UL>
<BR>[Called By]<UL><LI><a href="#[a3]">&gt;&gt;</a>&nbsp;&nbsp;&nbsp;abort
</UL>

<P><STRONG><a name="[92]"></a>__user_setup_stackheap</STRONG> (Thumb, 74 bytes, Stack size 8 bytes, sys_stackheap_outer.o(.text))
<BR><BR>[Stack]<UL><LI>Max Depth = 8 + Unknown Stack Size
<LI>Call Chain = __user_setup_stackheap
</UL>
<BR>[Calls]<UL><LI><a href="#[ad]">&gt;&gt;</a>&nbsp;&nbsp;&nbsp;__user_initial_stackheap
<LI><a href="#[ac]">&gt;&gt;</a>&nbsp;&nbsp;&nbsp;__user_perproc_libspace
</UL>
<BR>[Called By]<UL><LI><a href="#[91]">&gt;&gt;</a>&nbsp;&nbsp;&nbsp;__rt_entry_sh
</UL>

<P><STRONG><a name="[97]"></a>exit</STRONG> (Thumb, 18 bytes, Stack size 8 bytes, exit.o(.text))
<BR><BR>[Stack]<UL><LI>Max Depth = 8 + Unknown Stack Size
<LI>Call Chain = exit
</UL>
<BR>[Calls]<UL><LI><a href="#[ae]">&gt;&gt;</a>&nbsp;&nbsp;&nbsp;__rt_exit
</UL>
<BR>[Called By]<UL><LI><a href="#[95]">&gt;&gt;</a>&nbsp;&nbsp;&nbsp;__rt_entry_main
</UL>

<P><STRONG><a name="[ab]"></a>__sig_exit</STRONG> (Thumb, 10 bytes, Stack size 0 bytes, defsig_exit.o(.text))
<BR><BR>[Calls]<UL><LI><a href="#[9b]">&gt;&gt;</a>&nbsp;&nbsp;&nbsp;_sys_exit
</UL>
<BR>[Called By]<UL><LI><a href="#[a8]">&gt;&gt;</a>&nbsp;&nbsp;&nbsp;__rt_SIGABRT
</UL>

<P><STRONG><a name="[aa]"></a>__rt_SIGABRT_inner</STRONG> (Thumb, 14 bytes, Stack size 8 bytes, defsig_abrt_inner.o(.text))
<BR><BR>[Stack]<UL><LI>Max Depth = 24<LI>Call Chain = __rt_SIGABRT_inner &rArr; __default_signal_display
</UL>
<BR>[Calls]<UL><LI><a href="#[af]">&gt;&gt;</a>&nbsp;&nbsp;&nbsp;__default_signal_display
</UL>
<BR>[Called By]<UL><LI><a href="#[a8]">&gt;&gt;</a>&nbsp;&nbsp;&nbsp;__rt_SIGABRT
</UL>

<P><STRONG><a name="[132]"></a>__user_libspace</STRONG> (Thumb, 8 bytes, Stack size 0 bytes, libspace.o(.text), UNUSED)

<P><STRONG><a name="[ac]"></a>__user_perproc_libspace</STRONG> (Thumb, 0 bytes, Stack size 0 bytes, libspace.o(.text))
<BR><BR>[Called By]<UL><LI><a href="#[92]">&gt;&gt;</a>&nbsp;&nbsp;&nbsp;__user_setup_stackheap
</UL>

<P><STRONG><a name="[133]"></a>__user_perthread_libspace</STRONG> (Thumb, 0 bytes, Stack size 0 bytes, libspace.o(.text), UNUSED)

<P><STRONG><a name="[af]"></a>__default_signal_display</STRONG> (Thumb, 50 bytes, Stack size 16 bytes, defsig_general.o(.text))
<BR><BR>[Stack]<UL><LI>Max Depth = 16<LI>Call Chain = __default_signal_display
</UL>
<BR>[Calls]<UL><LI><a href="#[a9]">&gt;&gt;</a>&nbsp;&nbsp;&nbsp;_ttywrch
</UL>
<BR>[Called By]<UL><LI><a href="#[aa]">&gt;&gt;</a>&nbsp;&nbsp;&nbsp;__rt_SIGABRT_inner
</UL>

<P><STRONG><a name="[11]"></a>BusFault_Handler</STRONG> (Thumb, 4 bytes, Stack size 0 bytes, at32f435_437_int.o(i.BusFault_Handler))
<BR>[Address Reference Count : 1]<UL><LI> startup_at32f435_437.o(RESET)
</UL>
<P><STRONG><a name="[14]"></a>DebugMon_Handler</STRONG> (Thumb, 2 bytes, Stack size 0 bytes, at32f435_437_int.o(i.DebugMon_Handler))
<BR>[Address Reference Count : 1]<UL><LI> startup_at32f435_437.o(RESET)
</UL>
<P><STRONG><a name="[f]"></a>HardFault_Handler</STRONG> (Thumb, 4 bytes, Stack size 0 bytes, at32f435_437_int.o(i.HardFault_Handler))
<BR>[Address Reference Count : 1]<UL><LI> startup_at32f435_437.o(RESET)
</UL>
<P><STRONG><a name="[10]"></a>MemManage_Handler</STRONG> (Thumb, 4 bytes, Stack size 0 bytes, at32f435_437_int.o(i.MemManage_Handler))
<BR>[Address Reference Count : 1]<UL><LI> startup_at32f435_437.o(RESET)
</UL>
<P><STRONG><a name="[e]"></a>NMI_Handler</STRONG> (Thumb, 2 bytes, Stack size 0 bytes, at32f435_437_int.o(i.NMI_Handler))
<BR>[Address Reference Count : 1]<UL><LI> startup_at32f435_437.o(RESET)
</UL>
<P><STRONG><a name="[15]"></a>PendSV_Handler</STRONG> (Thumb, 2 bytes, Stack size 0 bytes, at32f435_437_int.o(i.PendSV_Handler))
<BR>[Address Reference Count : 1]<UL><LI> startup_at32f435_437.o(RESET)
</UL>
<P><STRONG><a name="[13]"></a>SVC_Handler</STRONG> (Thumb, 2 bytes, Stack size 0 bytes, at32f435_437_int.o(i.SVC_Handler))
<BR>[Address Reference Count : 1]<UL><LI> startup_at32f435_437.o(RESET)
</UL>
<P><STRONG><a name="[16]"></a>SysTick_Handler</STRONG> (Thumb, 2 bytes, Stack size 0 bytes, at32f435_437_int.o(i.SysTick_Handler))
<BR>[Address Reference Count : 1]<UL><LI> startup_at32f435_437.o(RESET)
</UL>
<P><STRONG><a name="[77]"></a>SystemInit</STRONG> (Thumb, 128 bytes, Stack size 0 bytes, system_at32f435_437.o(i.SystemInit))
<BR>[Address Reference Count : 1]<UL><LI> startup_at32f435_437.o(.text)
</UL>
<P><STRONG><a name="[33]"></a>TMR2_GLOBAL_IRQHandler</STRONG> (Thumb, 26 bytes, Stack size 8 bytes, porttimer.o(i.TMR2_GLOBAL_IRQHandler))
<BR><BR>[Stack]<UL><LI>Max Depth = 16<LI>Call Chain = TMR2_GLOBAL_IRQHandler &rArr; prvvTIMERExpiredISR
</UL>
<BR>[Calls]<UL><LI><a href="#[b0]">&gt;&gt;</a>&nbsp;&nbsp;&nbsp;tmr_flag_get
<LI><a href="#[b1]">&gt;&gt;</a>&nbsp;&nbsp;&nbsp;tmr_flag_clear
<LI><a href="#[b2]">&gt;&gt;</a>&nbsp;&nbsp;&nbsp;prvvTIMERExpiredISR
</UL>
<BR>[Address Reference Count : 1]<UL><LI> startup_at32f435_437.o(RESET)
</UL>
<P><STRONG><a name="[3d]"></a>USART2_IRQHandler</STRONG> (Thumb, 8 bytes, Stack size 8 bytes, portserial.o(i.USART2_IRQHandler))
<BR><BR>[Stack]<UL><LI>Max Depth = 24<LI>Call Chain = USART2_IRQHandler &rArr; vUSARTHandler &rArr; prvvUARTTxReadyISR
</UL>
<BR>[Calls]<UL><LI><a href="#[b3]">&gt;&gt;</a>&nbsp;&nbsp;&nbsp;vUSARTHandler
</UL>
<BR>[Address Reference Count : 1]<UL><LI> startup_at32f435_437.o(RESET)
</UL>
<P><STRONG><a name="[3e]"></a>USART3_IRQHandler</STRONG> (Thumb, 8 bytes, Stack size 8 bytes, portserial.o(i.USART3_IRQHandler))
<BR><BR>[Stack]<UL><LI>Max Depth = 24<LI>Call Chain = USART3_IRQHandler &rArr; vUSARTHandler &rArr; prvvUARTTxReadyISR
</UL>
<BR>[Calls]<UL><LI><a href="#[b3]">&gt;&gt;</a>&nbsp;&nbsp;&nbsp;vUSARTHandler
</UL>
<BR>[Address Reference Count : 1]<UL><LI> startup_at32f435_437.o(RESET)
</UL>
<P><STRONG><a name="[12]"></a>UsageFault_Handler</STRONG> (Thumb, 4 bytes, Stack size 0 bytes, at32f435_437_int.o(i.UsageFault_Handler))
<BR>[Address Reference Count : 1]<UL><LI> startup_at32f435_437.o(RESET)
</UL>
<P><STRONG><a name="[9b]"></a>_sys_exit</STRONG> (Thumb, 4 bytes, Stack size 0 bytes, at32f435_437_board.o(i._sys_exit))
<BR><BR>[Called By]<UL><LI><a href="#[a3]">&gt;&gt;</a>&nbsp;&nbsp;&nbsp;abort
<LI><a href="#[9a]">&gt;&gt;</a>&nbsp;&nbsp;&nbsp;__rt_exit_exit
<LI><a href="#[ab]">&gt;&gt;</a>&nbsp;&nbsp;&nbsp;__sig_exit
</UL>

<P><STRONG><a name="[a9]"></a>_ttywrch</STRONG> (Thumb, 4 bytes, Stack size 0 bytes, at32f435_437_board.o(i._ttywrch))
<BR><BR>[Called By]<UL><LI><a href="#[a2]">&gt;&gt;</a>&nbsp;&nbsp;&nbsp;__assert_puts
<LI><a href="#[af]">&gt;&gt;</a>&nbsp;&nbsp;&nbsp;__default_signal_display
</UL>

<P><STRONG><a name="[b4]"></a>at32_board_init</STRONG> (Thumb, 48 bytes, Stack size 8 bytes, at32f435_437_board.o(i.at32_board_init))
<BR><BR>[Stack]<UL><LI>Max Depth = 40<LI>Call Chain = at32_board_init &rArr; at32_led_init &rArr; gpio_init
</UL>
<BR>[Calls]<UL><LI><a href="#[b5]">&gt;&gt;</a>&nbsp;&nbsp;&nbsp;delay_init
<LI><a href="#[b7]">&gt;&gt;</a>&nbsp;&nbsp;&nbsp;at32_led_off
<LI><a href="#[b6]">&gt;&gt;</a>&nbsp;&nbsp;&nbsp;at32_led_init
<LI><a href="#[b8]">&gt;&gt;</a>&nbsp;&nbsp;&nbsp;at32_button_init
</UL>
<BR>[Called By]<UL><LI><a href="#[96]">&gt;&gt;</a>&nbsp;&nbsp;&nbsp;main
</UL>

<P><STRONG><a name="[b8]"></a>at32_button_init</STRONG> (Thumb, 54 bytes, Stack size 16 bytes, at32f435_437_board.o(i.at32_button_init))
<BR><BR>[Stack]<UL><LI>Max Depth = 32<LI>Call Chain = at32_button_init &rArr; gpio_init
</UL>
<BR>[Calls]<UL><LI><a href="#[b9]">&gt;&gt;</a>&nbsp;&nbsp;&nbsp;crm_periph_clock_enable
<LI><a href="#[bb]">&gt;&gt;</a>&nbsp;&nbsp;&nbsp;gpio_init
<LI><a href="#[ba]">&gt;&gt;</a>&nbsp;&nbsp;&nbsp;gpio_default_para_init
</UL>
<BR>[Called By]<UL><LI><a href="#[b4]">&gt;&gt;</a>&nbsp;&nbsp;&nbsp;at32_board_init
</UL>

<P><STRONG><a name="[b6]"></a>at32_led_init</STRONG> (Thumb, 68 bytes, Stack size 16 bytes, at32f435_437_board.o(i.at32_led_init))
<BR><BR>[Stack]<UL><LI>Max Depth = 32<LI>Call Chain = at32_led_init &rArr; gpio_init
</UL>
<BR>[Calls]<UL><LI><a href="#[b9]">&gt;&gt;</a>&nbsp;&nbsp;&nbsp;crm_periph_clock_enable
<LI><a href="#[bb]">&gt;&gt;</a>&nbsp;&nbsp;&nbsp;gpio_init
<LI><a href="#[ba]">&gt;&gt;</a>&nbsp;&nbsp;&nbsp;gpio_default_para_init
</UL>
<BR>[Called By]<UL><LI><a href="#[b4]">&gt;&gt;</a>&nbsp;&nbsp;&nbsp;at32_board_init
</UL>

<P><STRONG><a name="[b7]"></a>at32_led_off</STRONG> (Thumb, 32 bytes, Stack size 0 bytes, at32f435_437_board.o(i.at32_led_off))
<BR><BR>[Called By]<UL><LI><a href="#[b4]">&gt;&gt;</a>&nbsp;&nbsp;&nbsp;at32_board_init
</UL>

<P><STRONG><a name="[e2]"></a>crm_ahb_div_set</STRONG> (Thumb, 14 bytes, Stack size 0 bytes, at32f435_437_crm.o(i.crm_ahb_div_set))
<BR><BR>[Called By]<UL><LI><a href="#[da]">&gt;&gt;</a>&nbsp;&nbsp;&nbsp;system_clock_config
</UL>

<P><STRONG><a name="[e4]"></a>crm_apb1_div_set</STRONG> (Thumb, 14 bytes, Stack size 0 bytes, at32f435_437_crm.o(i.crm_apb1_div_set))
<BR><BR>[Called By]<UL><LI><a href="#[da]">&gt;&gt;</a>&nbsp;&nbsp;&nbsp;system_clock_config
</UL>

<P><STRONG><a name="[e3]"></a>crm_apb2_div_set</STRONG> (Thumb, 14 bytes, Stack size 0 bytes, at32f435_437_crm.o(i.crm_apb2_div_set))
<BR><BR>[Called By]<UL><LI><a href="#[da]">&gt;&gt;</a>&nbsp;&nbsp;&nbsp;system_clock_config
</UL>

<P><STRONG><a name="[e5]"></a>crm_auto_step_mode_enable</STRONG> (Thumb, 34 bytes, Stack size 0 bytes, at32f435_437_crm.o(i.crm_auto_step_mode_enable))
<BR><BR>[Called By]<UL><LI><a href="#[da]">&gt;&gt;</a>&nbsp;&nbsp;&nbsp;system_clock_config
</UL>

<P><STRONG><a name="[e0]"></a>crm_clock_source_enable</STRONG> (Thumb, 98 bytes, Stack size 0 bytes, at32f435_437_crm.o(i.crm_clock_source_enable))
<BR><BR>[Called By]<UL><LI><a href="#[da]">&gt;&gt;</a>&nbsp;&nbsp;&nbsp;system_clock_config
</UL>

<P><STRONG><a name="[bc]"></a>crm_clocks_freq_get</STRONG> (Thumb, 242 bytes, Stack size 48 bytes, at32f435_437_crm.o(i.crm_clocks_freq_get))
<BR><BR>[Stack]<UL><LI>Max Depth = 96<LI>Call Chain = crm_clocks_freq_get &rArr; __aeabi_uldivmod
</UL>
<BR>[Calls]<UL><LI><a href="#[bd]">&gt;&gt;</a>&nbsp;&nbsp;&nbsp;crm_sysclk_switch_status_get
<LI><a href="#[be]">&gt;&gt;</a>&nbsp;&nbsp;&nbsp;__aeabi_uldivmod
</UL>
<BR>[Called By]<UL><LI><a href="#[c4]">&gt;&gt;</a>&nbsp;&nbsp;&nbsp;xMBPortTimersInit
<LI><a href="#[e9]">&gt;&gt;</a>&nbsp;&nbsp;&nbsp;usart_init
</UL>

<P><STRONG><a name="[c0]"></a>crm_flag_get</STRONG> (Thumb, 44 bytes, Stack size 8 bytes, at32f435_437_crm.o(i.crm_flag_get))
<BR><BR>[Stack]<UL><LI>Max Depth = 8<LI>Call Chain = crm_flag_get
</UL>
<BR>[Called By]<UL><LI><a href="#[bf]">&gt;&gt;</a>&nbsp;&nbsp;&nbsp;crm_hext_stable_wait
<LI><a href="#[da]">&gt;&gt;</a>&nbsp;&nbsp;&nbsp;system_clock_config
</UL>

<P><STRONG><a name="[bf]"></a>crm_hext_stable_wait</STRONG> (Thumb, 46 bytes, Stack size 12 bytes, at32f435_437_crm.o(i.crm_hext_stable_wait))
<BR><BR>[Stack]<UL><LI>Max Depth = 20<LI>Call Chain = crm_hext_stable_wait &rArr; crm_flag_get
</UL>
<BR>[Calls]<UL><LI><a href="#[c0]">&gt;&gt;</a>&nbsp;&nbsp;&nbsp;crm_flag_get
</UL>
<BR>[Called By]<UL><LI><a href="#[da]">&gt;&gt;</a>&nbsp;&nbsp;&nbsp;system_clock_config
</UL>

<P><STRONG><a name="[b9]"></a>crm_periph_clock_enable</STRONG> (Thumb, 70 bytes, Stack size 8 bytes, at32f435_437_crm.o(i.crm_periph_clock_enable))
<BR><BR>[Stack]<UL><LI>Max Depth = 8<LI>Call Chain = crm_periph_clock_enable
</UL>
<BR>[Called By]<UL><LI><a href="#[c4]">&gt;&gt;</a>&nbsp;&nbsp;&nbsp;xMBPortTimersInit
<LI><a href="#[c3]">&gt;&gt;</a>&nbsp;&nbsp;&nbsp;xMBPortSerialInit
<LI><a href="#[db]">&gt;&gt;</a>&nbsp;&nbsp;&nbsp;uart_print_init
<LI><a href="#[da]">&gt;&gt;</a>&nbsp;&nbsp;&nbsp;system_clock_config
<LI><a href="#[b6]">&gt;&gt;</a>&nbsp;&nbsp;&nbsp;at32_led_init
<LI><a href="#[b8]">&gt;&gt;</a>&nbsp;&nbsp;&nbsp;at32_button_init
</UL>

<P><STRONG><a name="[e1]"></a>crm_pll_config</STRONG> (Thumb, 46 bytes, Stack size 12 bytes, at32f435_437_crm.o(i.crm_pll_config))
<BR><BR>[Stack]<UL><LI>Max Depth = 12<LI>Call Chain = crm_pll_config
</UL>
<BR>[Called By]<UL><LI><a href="#[da]">&gt;&gt;</a>&nbsp;&nbsp;&nbsp;system_clock_config
</UL>

<P><STRONG><a name="[df]"></a>crm_reset</STRONG> (Thumb, 106 bytes, Stack size 0 bytes, at32f435_437_crm.o(i.crm_reset))
<BR><BR>[Called By]<UL><LI><a href="#[da]">&gt;&gt;</a>&nbsp;&nbsp;&nbsp;system_clock_config
</UL>

<P><STRONG><a name="[e6]"></a>crm_sysclk_switch</STRONG> (Thumb, 14 bytes, Stack size 0 bytes, at32f435_437_crm.o(i.crm_sysclk_switch))
<BR><BR>[Called By]<UL><LI><a href="#[da]">&gt;&gt;</a>&nbsp;&nbsp;&nbsp;system_clock_config
</UL>

<P><STRONG><a name="[bd]"></a>crm_sysclk_switch_status_get</STRONG> (Thumb, 10 bytes, Stack size 0 bytes, at32f435_437_crm.o(i.crm_sysclk_switch_status_get))
<BR><BR>[Called By]<UL><LI><a href="#[e7]">&gt;&gt;</a>&nbsp;&nbsp;&nbsp;system_core_clock_update
<LI><a href="#[da]">&gt;&gt;</a>&nbsp;&nbsp;&nbsp;system_clock_config
<LI><a href="#[bc]">&gt;&gt;</a>&nbsp;&nbsp;&nbsp;crm_clocks_freq_get
</UL>

<P><STRONG><a name="[b5]"></a>delay_init</STRONG> (Thumb, 38 bytes, Stack size 8 bytes, at32f435_437_board.o(i.delay_init))
<BR><BR>[Stack]<UL><LI>Max Depth = 8<LI>Call Chain = delay_init
</UL>
<BR>[Calls]<UL><LI><a href="#[c1]">&gt;&gt;</a>&nbsp;&nbsp;&nbsp;systick_clock_source_config
</UL>
<BR>[Called By]<UL><LI><a href="#[b4]">&gt;&gt;</a>&nbsp;&nbsp;&nbsp;at32_board_init
</UL>

<P><STRONG><a name="[c2]"></a>eMBASCIIInit</STRONG> (Thumb, 64 bytes, Stack size 24 bytes, mbascii.o(i.eMBASCIIInit))
<BR><BR>[Stack]<UL><LI>Max Depth = 216<LI>Call Chain = eMBASCIIInit &rArr; xMBPortSerialInit &rArr; usart_init &rArr; crm_clocks_freq_get &rArr; __aeabi_uldivmod
</UL>
<BR>[Calls]<UL><LI><a href="#[c4]">&gt;&gt;</a>&nbsp;&nbsp;&nbsp;xMBPortTimersInit
<LI><a href="#[c3]">&gt;&gt;</a>&nbsp;&nbsp;&nbsp;xMBPortSerialInit
</UL>
<BR>[Called By]<UL><LI><a href="#[cf]">&gt;&gt;</a>&nbsp;&nbsp;&nbsp;eMBInit
</UL>

<P><STRONG><a name="[85]"></a>eMBASCIIReceive</STRONG> (Thumb, 92 bytes, Stack size 24 bytes, mbascii.o(i.eMBASCIIReceive))
<BR><BR>[Stack]<UL><LI>Max Depth = 80 + Unknown Stack Size
<LI>Call Chain = eMBASCIIReceive &rArr; __aeabi_assert &rArr; abort &rArr; __rt_SIGABRT &rArr; __rt_SIGABRT_inner &rArr; __default_signal_display
</UL>
<BR>[Calls]<UL><LI><a href="#[c5]">&gt;&gt;</a>&nbsp;&nbsp;&nbsp;prvucMBLRC
<LI><a href="#[a1]">&gt;&gt;</a>&nbsp;&nbsp;&nbsp;__aeabi_assert
</UL>
<BR>[Address Reference Count : 1]<UL><LI> mb.o(i.eMBInit)
</UL>
<P><STRONG><a name="[84]"></a>eMBASCIISend</STRONG> (Thumb, 106 bytes, Stack size 24 bytes, mbascii.o(i.eMBASCIISend))
<BR><BR>[Stack]<UL><LI>Max Depth = 52<LI>Call Chain = eMBASCIISend &rArr; vMBPortSerialEnable &rArr; usart_interrupt_enable
</UL>
<BR>[Calls]<UL><LI><a href="#[c6]">&gt;&gt;</a>&nbsp;&nbsp;&nbsp;vMBPortSerialEnable
<LI><a href="#[c5]">&gt;&gt;</a>&nbsp;&nbsp;&nbsp;prvucMBLRC
</UL>
<BR>[Address Reference Count : 1]<UL><LI> mb.o(i.eMBInit)
</UL>
<P><STRONG><a name="[82]"></a>eMBASCIIStart</STRONG> (Thumb, 28 bytes, Stack size 8 bytes, mbascii.o(i.eMBASCIIStart))
<BR><BR>[Stack]<UL><LI>Max Depth = 36<LI>Call Chain = eMBASCIIStart &rArr; vMBPortSerialEnable &rArr; usart_interrupt_enable
</UL>
<BR>[Calls]<UL><LI><a href="#[c7]">&gt;&gt;</a>&nbsp;&nbsp;&nbsp;xMBPortEventPost
<LI><a href="#[c6]">&gt;&gt;</a>&nbsp;&nbsp;&nbsp;vMBPortSerialEnable
</UL>
<BR>[Address Reference Count : 1]<UL><LI> mb.o(i.eMBInit)
</UL>
<P><STRONG><a name="[83]"></a>eMBASCIIStop</STRONG> (Thumb, 20 bytes, Stack size 8 bytes, mbascii.o(i.eMBASCIIStop))
<BR><BR>[Stack]<UL><LI>Max Depth = 36<LI>Call Chain = eMBASCIIStop &rArr; vMBPortSerialEnable &rArr; usart_interrupt_enable
</UL>
<BR>[Calls]<UL><LI><a href="#[c8]">&gt;&gt;</a>&nbsp;&nbsp;&nbsp;vMBPortTimersDisable
<LI><a href="#[c6]">&gt;&gt;</a>&nbsp;&nbsp;&nbsp;vMBPortSerialEnable
</UL>
<BR>[Address Reference Count : 1]<UL><LI> mb.o(i.eMBInit)
</UL>
<P><STRONG><a name="[dd]"></a>eMBEnable</STRONG> (Thumb, 32 bytes, Stack size 8 bytes, mb.o(i.eMBEnable))
<BR><BR>[Stack]<UL><LI>Max Depth = 8<LI>Call Chain = eMBEnable
</UL>
<BR>[Called By]<UL><LI><a href="#[dc]">&gt;&gt;</a>&nbsp;&nbsp;&nbsp;modbus_task
</UL>

<P><STRONG><a name="[9]"></a>eMBFuncReadCoils</STRONG> (Thumb, 174 bytes, Stack size 40 bytes, mbfunccoils.o(i.eMBFuncReadCoils))
<BR><BR>[Stack]<UL><LI>Max Depth = 184 + Unknown Stack Size
<LI>Call Chain = eMBFuncReadCoils &rArr; eMBRegCoilsCB &rArr; xMBUtilSetBits &rArr; __aeabi_assert &rArr; abort &rArr; __rt_SIGABRT &rArr; __rt_SIGABRT_inner &rArr; __default_signal_display
</UL>
<BR>[Calls]<UL><LI><a href="#[ca]">&gt;&gt;</a>&nbsp;&nbsp;&nbsp;prveMBError2Exception
<LI><a href="#[c9]">&gt;&gt;</a>&nbsp;&nbsp;&nbsp;eMBRegCoilsCB
</UL>
<BR>[Address Reference Count : 1]<UL><LI> mb.o(.data)
</UL>
<P><STRONG><a name="[c]"></a>eMBFuncReadDiscreteInputs</STRONG> (Thumb, 172 bytes, Stack size 40 bytes, mbfuncdisc.o(i.eMBFuncReadDiscreteInputs))
<BR><BR>[Stack]<UL><LI>Max Depth = 92<LI>Call Chain = eMBFuncReadDiscreteInputs &rArr; eMBRegDiscreteCB &rArr; xMBUtilGetBits
</UL>
<BR>[Calls]<UL><LI><a href="#[ca]">&gt;&gt;</a>&nbsp;&nbsp;&nbsp;prveMBError2Exception
<LI><a href="#[cb]">&gt;&gt;</a>&nbsp;&nbsp;&nbsp;eMBRegDiscreteCB
</UL>
<BR>[Address Reference Count : 1]<UL><LI> mb.o(.data)
</UL>
<P><STRONG><a name="[5]"></a>eMBFuncReadHoldingRegister</STRONG> (Thumb, 140 bytes, Stack size 32 bytes, mbfuncholding.o(i.eMBFuncReadHoldingRegister))
<BR><BR>[Stack]<UL><LI>Max Depth = 52<LI>Call Chain = eMBFuncReadHoldingRegister &rArr; eMBRegHoldingCB
</UL>
<BR>[Calls]<UL><LI><a href="#[ca]">&gt;&gt;</a>&nbsp;&nbsp;&nbsp;prveMBError2Exception
<LI><a href="#[cc]">&gt;&gt;</a>&nbsp;&nbsp;&nbsp;eMBRegHoldingCB
</UL>
<BR>[Address Reference Count : 1]<UL><LI> mb.o(.data)
</UL>
<P><STRONG><a name="[4]"></a>eMBFuncReadInputRegister</STRONG> (Thumb, 140 bytes, Stack size 32 bytes, mbfuncinput.o(i.eMBFuncReadInputRegister))
<BR><BR>[Stack]<UL><LI>Max Depth = 44<LI>Call Chain = eMBFuncReadInputRegister &rArr; eMBRegInputCB
</UL>
<BR>[Calls]<UL><LI><a href="#[ca]">&gt;&gt;</a>&nbsp;&nbsp;&nbsp;prveMBError2Exception
<LI><a href="#[cd]">&gt;&gt;</a>&nbsp;&nbsp;&nbsp;eMBRegInputCB
</UL>
<BR>[Address Reference Count : 1]<UL><LI> mb.o(.data)
</UL>
<P><STRONG><a name="[8]"></a>eMBFuncReadWriteMultipleHoldingRegister</STRONG> (Thumb, 212 bytes, Stack size 48 bytes, mbfuncholding.o(i.eMBFuncReadWriteMultipleHoldingRegister))
<BR><BR>[Stack]<UL><LI>Max Depth = 68<LI>Call Chain = eMBFuncReadWriteMultipleHoldingRegister &rArr; eMBRegHoldingCB
</UL>
<BR>[Calls]<UL><LI><a href="#[ca]">&gt;&gt;</a>&nbsp;&nbsp;&nbsp;prveMBError2Exception
<LI><a href="#[cc]">&gt;&gt;</a>&nbsp;&nbsp;&nbsp;eMBRegHoldingCB
</UL>
<BR>[Address Reference Count : 1]<UL><LI> mb.o(.data)
</UL>
<P><STRONG><a name="[3]"></a>eMBFuncReportSlaveID</STRONG> (Thumb, 30 bytes, Stack size 16 bytes, mbfuncother.o(i.eMBFuncReportSlaveID))
<BR><BR>[Stack]<UL><LI>Max Depth = 16<LI>Call Chain = eMBFuncReportSlaveID
</UL>
<BR>[Calls]<UL><LI><a href="#[ce]">&gt;&gt;</a>&nbsp;&nbsp;&nbsp;__aeabi_memcpy
</UL>
<BR>[Address Reference Count : 1]<UL><LI> mb.o(.data)
</UL>
<P><STRONG><a name="[a]"></a>eMBFuncWriteCoil</STRONG> (Thumb, 112 bytes, Stack size 32 bytes, mbfunccoils.o(i.eMBFuncWriteCoil))
<BR><BR>[Stack]<UL><LI>Max Depth = 176 + Unknown Stack Size
<LI>Call Chain = eMBFuncWriteCoil &rArr; eMBRegCoilsCB &rArr; xMBUtilSetBits &rArr; __aeabi_assert &rArr; abort &rArr; __rt_SIGABRT &rArr; __rt_SIGABRT_inner &rArr; __default_signal_display
</UL>
<BR>[Calls]<UL><LI><a href="#[ca]">&gt;&gt;</a>&nbsp;&nbsp;&nbsp;prveMBError2Exception
<LI><a href="#[c9]">&gt;&gt;</a>&nbsp;&nbsp;&nbsp;eMBRegCoilsCB
</UL>
<BR>[Address Reference Count : 1]<UL><LI> mb.o(.data)
</UL>
<P><STRONG><a name="[7]"></a>eMBFuncWriteHoldingRegister</STRONG> (Thumb, 66 bytes, Stack size 24 bytes, mbfuncholding.o(i.eMBFuncWriteHoldingRegister))
<BR><BR>[Stack]<UL><LI>Max Depth = 44<LI>Call Chain = eMBFuncWriteHoldingRegister &rArr; eMBRegHoldingCB
</UL>
<BR>[Calls]<UL><LI><a href="#[ca]">&gt;&gt;</a>&nbsp;&nbsp;&nbsp;prveMBError2Exception
<LI><a href="#[cc]">&gt;&gt;</a>&nbsp;&nbsp;&nbsp;eMBRegHoldingCB
</UL>
<BR>[Address Reference Count : 1]<UL><LI> mb.o(.data)
</UL>
<P><STRONG><a name="[b]"></a>eMBFuncWriteMultipleCoils</STRONG> (Thumb, 144 bytes, Stack size 40 bytes, mbfunccoils.o(i.eMBFuncWriteMultipleCoils))
<BR><BR>[Stack]<UL><LI>Max Depth = 184 + Unknown Stack Size
<LI>Call Chain = eMBFuncWriteMultipleCoils &rArr; eMBRegCoilsCB &rArr; xMBUtilSetBits &rArr; __aeabi_assert &rArr; abort &rArr; __rt_SIGABRT &rArr; __rt_SIGABRT_inner &rArr; __default_signal_display
</UL>
<BR>[Calls]<UL><LI><a href="#[ca]">&gt;&gt;</a>&nbsp;&nbsp;&nbsp;prveMBError2Exception
<LI><a href="#[c9]">&gt;&gt;</a>&nbsp;&nbsp;&nbsp;eMBRegCoilsCB
</UL>
<BR>[Address Reference Count : 1]<UL><LI> mb.o(.data)
</UL>
<P><STRONG><a name="[6]"></a>eMBFuncWriteMultipleHoldingRegister</STRONG> (Thumb, 110 bytes, Stack size 32 bytes, mbfuncholding.o(i.eMBFuncWriteMultipleHoldingRegister))
<BR><BR>[Stack]<UL><LI>Max Depth = 52<LI>Call Chain = eMBFuncWriteMultipleHoldingRegister &rArr; eMBRegHoldingCB
</UL>
<BR>[Calls]<UL><LI><a href="#[ca]">&gt;&gt;</a>&nbsp;&nbsp;&nbsp;prveMBError2Exception
<LI><a href="#[cc]">&gt;&gt;</a>&nbsp;&nbsp;&nbsp;eMBRegHoldingCB
</UL>
<BR>[Address Reference Count : 1]<UL><LI> mb.o(.data)
</UL>
<P><STRONG><a name="[cf]"></a>eMBInit</STRONG> (Thumb, 222 bytes, Stack size 32 bytes, mb.o(i.eMBInit))
<BR><BR>[Stack]<UL><LI>Max Depth = 256<LI>Call Chain = eMBInit &rArr; eMBRTUInit &rArr; xMBPortSerialInit &rArr; usart_init &rArr; crm_clocks_freq_get &rArr; __aeabi_uldivmod
</UL>
<BR>[Calls]<UL><LI><a href="#[c2]">&gt;&gt;</a>&nbsp;&nbsp;&nbsp;eMBASCIIInit
<LI><a href="#[d1]">&gt;&gt;</a>&nbsp;&nbsp;&nbsp;xMBPortEventInit
<LI><a href="#[d0]">&gt;&gt;</a>&nbsp;&nbsp;&nbsp;eMBRTUInit
</UL>
<BR>[Called By]<UL><LI><a href="#[dc]">&gt;&gt;</a>&nbsp;&nbsp;&nbsp;modbus_task
</UL>

<P><STRONG><a name="[d2]"></a>eMBPoll</STRONG> (Thumb, 268 bytes, Stack size 16 bytes, mb.o(i.eMBPoll))
<BR><BR>[Stack]<UL><LI>Max Depth = 16<LI>Call Chain = eMBPoll
</UL>
<BR>[Calls]<UL><LI><a href="#[c7]">&gt;&gt;</a>&nbsp;&nbsp;&nbsp;xMBPortEventPost
<LI><a href="#[d3]">&gt;&gt;</a>&nbsp;&nbsp;&nbsp;xMBPortEventGet
</UL>
<BR>[Called By]<UL><LI><a href="#[dc]">&gt;&gt;</a>&nbsp;&nbsp;&nbsp;modbus_task
</UL>

<P><STRONG><a name="[d0]"></a>eMBRTUInit</STRONG> (Thumb, 80 bytes, Stack size 32 bytes, mbrtu.o(i.eMBRTUInit))
<BR><BR>[Stack]<UL><LI>Max Depth = 224<LI>Call Chain = eMBRTUInit &rArr; xMBPortSerialInit &rArr; usart_init &rArr; crm_clocks_freq_get &rArr; __aeabi_uldivmod
</UL>
<BR>[Calls]<UL><LI><a href="#[c4]">&gt;&gt;</a>&nbsp;&nbsp;&nbsp;xMBPortTimersInit
<LI><a href="#[c3]">&gt;&gt;</a>&nbsp;&nbsp;&nbsp;xMBPortSerialInit
</UL>
<BR>[Called By]<UL><LI><a href="#[cf]">&gt;&gt;</a>&nbsp;&nbsp;&nbsp;eMBInit
</UL>

<P><STRONG><a name="[7e]"></a>eMBRTUReceive</STRONG> (Thumb, 94 bytes, Stack size 24 bytes, mbrtu.o(i.eMBRTUReceive))
<BR><BR>[Stack]<UL><LI>Max Depth = 80 + Unknown Stack Size
<LI>Call Chain = eMBRTUReceive &rArr; __aeabi_assert &rArr; abort &rArr; __rt_SIGABRT &rArr; __rt_SIGABRT_inner &rArr; __default_signal_display
</UL>
<BR>[Calls]<UL><LI><a href="#[d4]">&gt;&gt;</a>&nbsp;&nbsp;&nbsp;usMBCRC16
<LI><a href="#[a1]">&gt;&gt;</a>&nbsp;&nbsp;&nbsp;__aeabi_assert
</UL>
<BR>[Address Reference Count : 1]<UL><LI> mb.o(i.eMBInit)
</UL>
<P><STRONG><a name="[7d]"></a>eMBRTUSend</STRONG> (Thumb, 120 bytes, Stack size 24 bytes, mbrtu.o(i.eMBRTUSend))
<BR><BR>[Stack]<UL><LI>Max Depth = 52<LI>Call Chain = eMBRTUSend &rArr; vMBPortSerialEnable &rArr; usart_interrupt_enable
</UL>
<BR>[Calls]<UL><LI><a href="#[d4]">&gt;&gt;</a>&nbsp;&nbsp;&nbsp;usMBCRC16
<LI><a href="#[c6]">&gt;&gt;</a>&nbsp;&nbsp;&nbsp;vMBPortSerialEnable
</UL>
<BR>[Address Reference Count : 1]<UL><LI> mb.o(i.eMBInit)
</UL>
<P><STRONG><a name="[7b]"></a>eMBRTUStart</STRONG> (Thumb, 26 bytes, Stack size 8 bytes, mbrtu.o(i.eMBRTUStart))
<BR><BR>[Stack]<UL><LI>Max Depth = 36<LI>Call Chain = eMBRTUStart &rArr; vMBPortSerialEnable &rArr; usart_interrupt_enable
</UL>
<BR>[Calls]<UL><LI><a href="#[d5]">&gt;&gt;</a>&nbsp;&nbsp;&nbsp;vMBPortTimersEnable
<LI><a href="#[c6]">&gt;&gt;</a>&nbsp;&nbsp;&nbsp;vMBPortSerialEnable
</UL>
<BR>[Address Reference Count : 1]<UL><LI> mb.o(i.eMBInit)
</UL>
<P><STRONG><a name="[7c]"></a>eMBRTUStop</STRONG> (Thumb, 20 bytes, Stack size 8 bytes, mbrtu.o(i.eMBRTUStop))
<BR><BR>[Stack]<UL><LI>Max Depth = 36<LI>Call Chain = eMBRTUStop &rArr; vMBPortSerialEnable &rArr; usart_interrupt_enable
</UL>
<BR>[Calls]<UL><LI><a href="#[c8]">&gt;&gt;</a>&nbsp;&nbsp;&nbsp;vMBPortTimersDisable
<LI><a href="#[c6]">&gt;&gt;</a>&nbsp;&nbsp;&nbsp;vMBPortSerialEnable
</UL>
<BR>[Address Reference Count : 1]<UL><LI> mb.o(i.eMBInit)
</UL>
[...]
<BR><BR>[Stack]<UL><LI>Max Depth = 160<LI>Call Chain = uart_print_init &rArr; usart_init &rArr; crm_clocks_freq_get &rArr; __aeabi_uldivmod
</UL>
<BR>[Calls]<UL><LI><a href="#[b9]">&gt;&gt;</a>&nbsp;&nbsp;&nbsp;crm_periph_clock_enable
<LI><a href="#[ea]">&gt;&gt;</a>&nbsp;&nbsp;&nbsp;usart_transmitter_enable
<LI><a href="#[e9]">&gt;&gt;</a>&nbsp;&nbsp;&nbsp;usart_init
<LI><a href="#[eb]">&gt;&gt;</a>&nbsp;&nbsp;&nbsp;usart_enable
<LI><a href="#[e8]">&gt;&gt;</a>&nbsp;&nbsp;&nbsp;gpio_pin_mux_config
<LI><a href="#[bb]">&gt;&gt;</a>&nbsp;&nbsp;&nbsp;gpio_init
<LI><a href="#[ba]">&gt;&gt;</a>&nbsp;&nbsp;&nbsp;gpio_default_para_init
</UL>
<BR>[Called By]<UL><LI><a href="#[96]">&gt;&gt;</a>&nbsp;&nbsp;&nbsp;main
</UL>

<P><STRONG><a name="[d4]"></a>usMBCRC16</STRONG> (Thumb, 48 bytes, Stack size 16 bytes, mbcrc.o(i.usMBCRC16))
<BR><BR>[Stack]<UL><LI>Max Depth = 16<LI>Call Chain = usMBCRC16
</UL>
<BR>[Called By]<UL><LI><a href="#[7d]">&gt;&gt;</a>&nbsp;&nbsp;&nbsp;eMBRTUSend
<LI><a href="#[7e]">&gt;&gt;</a>&nbsp;&nbsp;&nbsp;eMBRTUReceive
</UL>

<P><STRONG><a name="[f5]"></a>usart_data_receive</STRONG> (Thumb, 8 bytes, Stack size 0 bytes, at32f435_437_usart.o(i.usart_data_receive))
<BR><BR>[Called By]<UL><LI><a href="#[f2]">&gt;&gt;</a>&nbsp;&nbsp;&nbsp;xMBPortSerialGetByte
</UL>

<P><STRONG><a name="[d9]"></a>usart_data_transmit</STRONG> (Thumb, 8 bytes, Stack size 0 bytes, at32f435_437_usart.o(i.usart_data_transmit))
<BR><BR>[Called By]<UL><LI><a href="#[f4]">&gt;&gt;</a>&nbsp;&nbsp;&nbsp;xMBPortSerialPutByte
<LI><a href="#[79]">&gt;&gt;</a>&nbsp;&nbsp;&nbsp;fputc
</UL>

<P><STRONG><a name="[f9]"></a>usart_de_polarity_set</STRONG> (Thumb, 10 bytes, Stack size 0 bytes, at32f435_437_usart.o(i.usart_de_polarity_set))
<BR><BR>[Called By]<UL><LI><a href="#[c3]">&gt;&gt;</a>&nbsp;&nbsp;&nbsp;xMBPortSerialInit
</UL>

<P><STRONG><a name="[eb]"></a>usart_enable</STRONG> (Thumb, 10 bytes, Stack size 0 bytes, at32f435_437_usart.o(i.usart_enable))
<BR><BR>[Called By]<UL><LI><a href="#[c3]">&gt;&gt;</a>&nbsp;&nbsp;&nbsp;xMBPortSerialInit
<LI><a href="#[db]">&gt;&gt;</a>&nbsp;&nbsp;&nbsp;uart_print_init
</UL>

<P><STRONG><a name="[d8]"></a>usart_flag_get</STRONG> (Thumb, 16 bytes, Stack size 0 bytes, at32f435_437_usart.o(i.usart_flag_get))
<BR><BR>[Called By]<UL><LI><a href="#[79]">&gt;&gt;</a>&nbsp;&nbsp;&nbsp;fputc
<LI><a href="#[b3]">&gt;&gt;</a>&nbsp;&nbsp;&nbsp;vUSARTHandler
</UL>

<P><STRONG><a name="[e9]"></a>usart_init</STRONG> (Thumb, 162 bytes, Stack size 48 bytes, at32f435_437_usart.o(i.usart_init))
<BR><BR>[Stack]<UL><LI>Max Depth = 144<LI>Call Chain = usart_init &rArr; crm_clocks_freq_get &rArr; __aeabi_uldivmod
</UL>
<BR>[Calls]<UL><LI><a href="#[bc]">&gt;&gt;</a>&nbsp;&nbsp;&nbsp;crm_clocks_freq_get
</UL>
<BR>[Called By]<UL><LI><a href="#[c3]">&gt;&gt;</a>&nbsp;&nbsp;&nbsp;xMBPortSerialInit
<LI><a href="#[db]">&gt;&gt;</a>&nbsp;&nbsp;&nbsp;uart_print_init
</UL>

<P><STRONG><a name="[ec]"></a>usart_interrupt_enable</STRONG> (Thumb, 54 bytes, Stack size 12 bytes, at32f435_437_usart.o(i.usart_interrupt_enable))
<BR><BR>[Stack]<UL><LI>Max Depth = 12<LI>Call Chain = usart_interrupt_enable
</UL>
<BR>[Called By]<UL><LI><a href="#[c6]">&gt;&gt;</a>&nbsp;&nbsp;&nbsp;vMBPortSerialEnable
</UL>

<P><STRONG><a name="[f7]"></a>usart_parity_selection_config</STRONG> (Thumb, 76 bytes, Stack size 0 bytes, at32f435_437_usart.o(i.usart_parity_selection_config))
<BR><BR>[Called By]<UL><LI><a href="#[c3]">&gt;&gt;</a>&nbsp;&nbsp;&nbsp;xMBPortSerialInit
</UL>

<P><STRONG><a name="[fb]"></a>usart_receiver_enable</STRONG> (Thumb, 10 bytes, Stack size 0 bytes, at32f435_437_usart.o(i.usart_receiver_enable))
<BR><BR>[Called By]<UL><LI><a href="#[c3]">&gt;&gt;</a>&nbsp;&nbsp;&nbsp;xMBPortSerialInit
</UL>

<P><STRONG><a name="[f8]"></a>usart_rs485_delay_time_config</STRONG> (Thumb, 18 bytes, Stack size 0 bytes, at32f435_437_usart.o(i.usart_rs485_delay_time_config))
<BR><BR>[Called By]<UL><LI><a href="#[c3]">&gt;&gt;</a>&nbsp;&nbsp;&nbsp;xMBPortSerialInit
</UL>

<P><STRONG><a name="[fa]"></a>usart_rs485_mode_enable</STRONG> (Thumb, 10 bytes, Stack size 0 bytes, at32f435_437_usart.o(i.usart_rs485_mode_enable))
<BR><BR>[Called By]<UL><LI><a href="#[c3]">&gt;&gt;</a>&nbsp;&nbsp;&nbsp;xMBPortSerialInit
</UL>

<P><STRONG><a name="[ea]"></a>usart_transmitter_enable</STRONG> (Thumb, 10 bytes, Stack size 0 bytes, at32f435_437_usart.o(i.usart_transmitter_enable))
<BR><BR>[Called By]<UL><LI><a href="#[c3]">&gt;&gt;</a>&nbsp;&nbsp;&nbsp;xMBPortSerialInit
<LI><a href="#[db]">&gt;&gt;</a>&nbsp;&nbsp;&nbsp;uart_print_init
</UL>

<P><STRONG><a name="[c6]"></a>vMBPortSerialEnable</STRONG> (Thumb, 72 bytes, Stack size 16 bytes, portserial.o(i.vMBPortSerialEnable))
<BR><BR>[Stack]<UL><LI>Max Depth = 28<LI>Call Chain = vMBPortSerialEnable &rArr; usart_interrupt_enable
</UL>
<BR>[Calls]<UL><LI><a href="#[ec]">&gt;&gt;</a>&nbsp;&nbsp;&nbsp;usart_interrupt_enable
</UL>
<BR>[Called By]<UL><LI><a href="#[87]">&gt;&gt;</a>&nbsp;&nbsp;&nbsp;xMBASCIITransmitFSM
<LI><a href="#[83]">&gt;&gt;</a>&nbsp;&nbsp;&nbsp;eMBASCIIStop
<LI><a href="#[82]">&gt;&gt;</a>&nbsp;&nbsp;&nbsp;eMBASCIIStart
<LI><a href="#[84]">&gt;&gt;</a>&nbsp;&nbsp;&nbsp;eMBASCIISend
<LI><a href="#[80]">&gt;&gt;</a>&nbsp;&nbsp;&nbsp;xMBRTUTransmitFSM
<LI><a href="#[7c]">&gt;&gt;</a>&nbsp;&nbsp;&nbsp;eMBRTUStop
<LI><a href="#[7b]">&gt;&gt;</a>&nbsp;&nbsp;&nbsp;eMBRTUStart
<LI><a href="#[7d]">&gt;&gt;</a>&nbsp;&nbsp;&nbsp;eMBRTUSend
</UL>

<P><STRONG><a name="[c8]"></a>vMBPortTimersDisable</STRONG> (Thumb, 42 bytes, Stack size 8 bytes, porttimer.o(i.vMBPortTimersDisable))
<BR><BR>[Stack]<UL><LI>Max Depth = 8<LI>Call Chain = vMBPortTimersDisable
</UL>
<BR>[Calls]<UL><LI><a href="#[ed]">&gt;&gt;</a>&nbsp;&nbsp;&nbsp;tmr_interrupt_enable
<LI><a href="#[b1]">&gt;&gt;</a>&nbsp;&nbsp;&nbsp;tmr_flag_clear
<LI><a href="#[ee]">&gt;&gt;</a>&nbsp;&nbsp;&nbsp;tmr_counter_value_set
<LI><a href="#[ef]">&gt;&gt;</a>&nbsp;&nbsp;&nbsp;tmr_counter_enable
</UL>
<BR>[Called By]<UL><LI><a href="#[88]">&gt;&gt;</a>&nbsp;&nbsp;&nbsp;xMBASCIITimerT1SExpired
<LI><a href="#[86]">&gt;&gt;</a>&nbsp;&nbsp;&nbsp;xMBASCIIReceiveFSM
<LI><a href="#[83]">&gt;&gt;</a>&nbsp;&nbsp;&nbsp;eMBASCIIStop
<LI><a href="#[81]">&gt;&gt;</a>&nbsp;&nbsp;&nbsp;xMBRTUTimerT35Expired
<LI><a href="#[7c]">&gt;&gt;</a>&nbsp;&nbsp;&nbsp;eMBRTUStop
</UL>

<P><STRONG><a name="[d5]"></a>vMBPortTimersEnable</STRONG> (Thumb, 40 bytes, Stack size 8 bytes, porttimer.o(i.vMBPortTimersEnable))
<BR><BR>[Stack]<UL><LI>Max Depth = 8<LI>Call Chain = vMBPortTimersEnable
</UL>
<BR>[Calls]<UL><LI><a href="#[ed]">&gt;&gt;</a>&nbsp;&nbsp;&nbsp;tmr_interrupt_enable
<LI><a href="#[b1]">&gt;&gt;</a>&nbsp;&nbsp;&nbsp;tmr_flag_clear
<LI><a href="#[ee]">&gt;&gt;</a>&nbsp;&nbsp;&nbsp;tmr_counter_value_set
<LI><a href="#[ef]">&gt;&gt;</a>&nbsp;&nbsp;&nbsp;tmr_counter_enable
</UL>
<BR>[Called By]<UL><LI><a href="#[86]">&gt;&gt;</a>&nbsp;&nbsp;&nbsp;xMBASCIIReceiveFSM
<LI><a href="#[7f]">&gt;&gt;</a>&nbsp;&nbsp;&nbsp;xMBRTUReceiveFSM
<LI><a href="#[7b]">&gt;&gt;</a>&nbsp;&nbsp;&nbsp;eMBRTUStart
</UL>

<P><STRONG><a name="[b3]"></a>vUSARTHandler</STRONG> (Thumb, 64 bytes, Stack size 8 bytes, portserial.o(i.vUSARTHandler))
<BR><BR>[Stack]<UL><LI>Max Depth = 16<LI>Call Chain = vUSARTHandler &rArr; prvvUARTTxReadyISR
</UL>
<BR>[Calls]<UL><LI><a href="#[d8]">&gt;&gt;</a>&nbsp;&nbsp;&nbsp;usart_flag_get
<LI><a href="#[f1]">&gt;&gt;</a>&nbsp;&nbsp;&nbsp;prvvUARTTxReadyISR
<LI><a href="#[f0]">&gt;&gt;</a>&nbsp;&nbsp;&nbsp;prvvUARTRxISR
</UL>
<BR>[Called By]<UL><LI><a href="#[3e]">&gt;&gt;</a>&nbsp;&nbsp;&nbsp;USART3_IRQHandler
<LI><a href="#[3d]">&gt;&gt;</a>&nbsp;&nbsp;&nbsp;USART2_IRQHandler
</UL>

<P><STRONG><a name="[86]"></a>xMBASCIIReceiveFSM</STRONG> (Thumb, 304 bytes, Stack size 16 bytes, mbascii.o(i.xMBASCIIReceiveFSM))
<BR><BR>[Stack]<UL><LI>Max Depth = 72 + Unknown Stack Size
<LI>Call Chain = xMBASCIIReceiveFSM &rArr; __aeabi_assert &rArr; abort &rArr; __rt_SIGABRT &rArr; __rt_SIGABRT_inner &rArr; __default_signal_display
</UL>
<BR>[Calls]<UL><LI><a href="#[f2]">&gt;&gt;</a>&nbsp;&nbsp;&nbsp;xMBPortSerialGetByte
<LI><a href="#[c7]">&gt;&gt;</a>&nbsp;&nbsp;&nbsp;xMBPortEventPost
<LI><a href="#[d5]">&gt;&gt;</a>&nbsp;&nbsp;&nbsp;vMBPortTimersEnable
<LI><a href="#[c8]">&gt;&gt;</a>&nbsp;&nbsp;&nbsp;vMBPortTimersDisable
<LI><a href="#[f3]">&gt;&gt;</a>&nbsp;&nbsp;&nbsp;prvucMBCHAR2BIN
<LI><a href="#[a1]">&gt;&gt;</a>&nbsp;&nbsp;&nbsp;__aeabi_assert
</UL>
<BR>[Address Reference Count : 1]<UL><LI> mb.o(i.eMBInit)
</UL>
<P><STRONG><a name="[88]"></a>xMBASCIITimerT1SExpired</STRONG> (Thumb, 68 bytes, Stack size 8 bytes, mbascii.o(i.xMBASCIITimerT1SExpired))
<BR><BR>[Stack]<UL><LI>Max Depth = 64 + Unknown Stack Size
<LI>Call Chain = xMBASCIITimerT1SExpired &rArr; __aeabi_assert &rArr; abort &rArr; __rt_SIGABRT &rArr; __rt_SIGABRT_inner &rArr; __default_signal_display
</UL>
<BR>[Calls]<UL><LI><a href="#[c8]">&gt;&gt;</a>&nbsp;&nbsp;&nbsp;vMBPortTimersDisable
<LI><a href="#[a1]">&gt;&gt;</a>&nbsp;&nbsp;&nbsp;__aeabi_assert
</UL>
<BR>[Address Reference Count : 1]<UL><LI> mb.o(i.eMBInit)
</UL>
<P><STRONG><a name="[87]"></a>xMBASCIITransmitFSM</STRONG> (Thumb, 240 bytes, Stack size 16 bytes, mbascii.o(i.xMBASCIITransmitFSM))
<BR><BR>[Stack]<UL><LI>Max Depth = 80 + Unknown Stack Size
<LI>Call Chain = xMBASCIITransmitFSM &rArr; prvucMBBIN2CHAR &rArr; __aeabi_assert &rArr; abort &rArr; __rt_SIGABRT &rArr; __rt_SIGABRT_inner &rArr; __default_signal_display
</UL>
<BR>[Calls]<UL><LI><a href="#[f4]">&gt;&gt;</a>&nbsp;&nbsp;&nbsp;xMBPortSerialPutByte
<LI><a href="#[c7]">&gt;&gt;</a>&nbsp;&nbsp;&nbsp;xMBPortEventPost
<LI><a href="#[c6]">&gt;&gt;</a>&nbsp;&nbsp;&nbsp;vMBPortSerialEnable
<LI><a href="#[de]">&gt;&gt;</a>&nbsp;&nbsp;&nbsp;prvucMBBIN2CHAR
<LI><a href="#[a1]">&gt;&gt;</a>&nbsp;&nbsp;&nbsp;__aeabi_assert
</UL>
<BR>[Address Reference Count : 1]<UL><LI> mb.o(i.eMBInit)
</UL>
<P><STRONG><a name="[d3]"></a>xMBPortEventGet</STRONG> (Thumb, 26 bytes, Stack size 0 bytes, portevent.o(i.xMBPortEventGet))
<BR><BR>[Called By]<UL><LI><a href="#[d2]">&gt;&gt;</a>&nbsp;&nbsp;&nbsp;eMBPoll
</UL>

<P><STRONG><a name="[d1]"></a>xMBPortEventInit</STRONG> (Thumb, 10 bytes, Stack size 0 bytes, portevent.o(i.xMBPortEventInit))
<BR><BR>[Called By]<UL><LI><a href="#[cf]">&gt;&gt;</a>&nbsp;&nbsp;&nbsp;eMBInit
</UL>

<P><STRONG><a name="[c7]"></a>xMBPortEventPost</STRONG> (Thumb, 16 bytes, Stack size 0 bytes, portevent.o(i.xMBPortEventPost))
<BR><BR>[Called By]<UL><LI><a href="#[87]">&gt;&gt;</a>&nbsp;&nbsp;&nbsp;xMBASCIITransmitFSM
<LI><a href="#[86]">&gt;&gt;</a>&nbsp;&nbsp;&nbsp;xMBASCIIReceiveFSM
<LI><a href="#[82]">&gt;&gt;</a>&nbsp;&nbsp;&nbsp;eMBASCIIStart
<LI><a href="#[d2]">&gt;&gt;</a>&nbsp;&nbsp;&nbsp;eMBPoll
<LI><a href="#[80]">&gt;&gt;</a>&nbsp;&nbsp;&nbsp;xMBRTUTransmitFSM
<LI><a href="#[81]">&gt;&gt;</a>&nbsp;&nbsp;&nbsp;xMBRTUTimerT35Expired
</UL>

<P><STRONG><a name="[f2]"></a>xMBPortSerialGetByte</STRONG> (Thumb, 18 bytes, Stack size 8 bytes, portserial.o(i.xMBPortSerialGetByte))
<BR><BR>[Stack]<UL><LI>Max Depth = 8<LI>Call Chain = xMBPortSerialGetByte
</UL>
<BR>[Calls]<UL><LI><a href="#[f5]">&gt;&gt;</a>&nbsp;&nbsp;&nbsp;usart_data_receive
</UL>
<BR>[Called By]<UL><LI><a href="#[86]">&gt;&gt;</a>&nbsp;&nbsp;&nbsp;xMBASCIIReceiveFSM
<LI><a href="#[7f]">&gt;&gt;</a>&nbsp;&nbsp;&nbsp;xMBRTUReceiveFSM
</UL>

<P><STRONG><a name="[c3]"></a>xMBPortSerialInit</STRONG> (Thumb, 528 bytes, Stack size 48 bytes, portserial.o(i.xMBPortSerialInit))
<BR><BR>[Stack]<UL><LI>Max Depth = 192<LI>Call Chain = xMBPortSerialInit &rArr; usart_init &rArr; crm_clocks_freq_get &rArr; __aeabi_uldivmod
</UL>
<BR>[Calls]<UL><LI><a href="#[b9]">&gt;&gt;</a>&nbsp;&nbsp;&nbsp;crm_periph_clock_enable
<LI><a href="#[ea]">&gt;&gt;</a>&nbsp;&nbsp;&nbsp;usart_transmitter_enable
<LI><a href="#[fa]">&gt;&gt;</a>&nbsp;&nbsp;&nbsp;usart_rs485_mode_enable
<LI><a href="#[f8]">&gt;&gt;</a>&nbsp;&nbsp;&nbsp;usart_rs485_delay_time_config
<LI><a href="#[fb]">&gt;&gt;</a>&nbsp;&nbsp;&nbsp;usart_receiver_enable
<LI><a href="#[f7]">&gt;&gt;</a>&nbsp;&nbsp;&nbsp;usart_parity_selection_config
<LI><a href="#[e9]">&gt;&gt;</a>&nbsp;&nbsp;&nbsp;usart_init
<LI><a href="#[eb]">&gt;&gt;</a>&nbsp;&nbsp;&nbsp;usart_enable
<LI><a href="#[f9]">&gt;&gt;</a>&nbsp;&nbsp;&nbsp;usart_de_polarity_set
<LI><a href="#[fd]">&gt;&gt;</a>&nbsp;&nbsp;&nbsp;nvic_irq_enable
<LI><a href="#[f6]">&gt;&gt;</a>&nbsp;&nbsp;&nbsp;nvic_irq_disable
<LI><a href="#[e8]">&gt;&gt;</a>&nbsp;&nbsp;&nbsp;gpio_pin_mux_config
<LI><a href="#[bb]">&gt;&gt;</a>&nbsp;&nbsp;&nbsp;gpio_init
<LI><a href="#[ba]">&gt;&gt;</a>&nbsp;&nbsp;&nbsp;gpio_default_para_init
<LI><a href="#[fc]">&gt;&gt;</a>&nbsp;&nbsp;&nbsp;__NVIC_ClearPendingIRQ
</UL>
<BR>[Called By]<UL><LI><a href="#[c2]">&gt;&gt;</a>&nbsp;&nbsp;&nbsp;eMBASCIIInit
<LI><a href="#[d0]">&gt;&gt;</a>&nbsp;&nbsp;&nbsp;eMBRTUInit
</UL>

<P><STRONG><a name="[f4]"></a>xMBPortSerialPutByte</STRONG> (Thumb, 18 bytes, Stack size 8 bytes, portserial.o(i.xMBPortSerialPutByte))
<BR><BR>[Stack]<UL><LI>Max Depth = 8<LI>Call Chain = xMBPortSerialPutByte
</UL>
<BR>[Calls]<UL><LI><a href="#[d9]">&gt;&gt;</a>&nbsp;&nbsp;&nbsp;usart_data_transmit
</UL>
<BR>[Called By]<UL><LI><a href="#[87]">&gt;&gt;</a>&nbsp;&nbsp;&nbsp;xMBASCIITransmitFSM
<LI><a href="#[80]">&gt;&gt;</a>&nbsp;&nbsp;&nbsp;xMBRTUTransmitFSM
</UL>

<P><STRONG><a name="[c4]"></a>xMBPortTimersInit</STRONG> (Thumb, 118 bytes, Stack size 32 bytes, porttimer.o(i.xMBPortTimersInit))
<BR><BR>[Stack]<UL><LI>Max Depth = 128<LI>Call Chain = xMBPortTimersInit &rArr; crm_clocks_freq_get &rArr; __aeabi_uldivmod
</UL>
<BR>[Calls]<UL><LI><a href="#[b9]">&gt;&gt;</a>&nbsp;&nbsp;&nbsp;crm_periph_clock_enable
<LI><a href="#[ff]">&gt;&gt;</a>&nbsp;&nbsp;&nbsp;tmr_cnt_dir_set
<LI><a href="#[fe]">&gt;&gt;</a>&nbsp;&nbsp;&nbsp;tmr_base_init
<LI><a href="#[bc]">&gt;&gt;</a>&nbsp;&nbsp;&nbsp;crm_clocks_freq_get
<LI><a href="#[fd]">&gt;&gt;</a>&nbsp;&nbsp;&nbsp;nvic_irq_enable
<LI><a href="#[f6]">&gt;&gt;</a>&nbsp;&nbsp;&nbsp;nvic_irq_disable
</UL>
<BR>[Called By]<UL><LI><a href="#[c2]">&gt;&gt;</a>&nbsp;&nbsp;&nbsp;eMBASCIIInit
<LI><a href="#[d0]">&gt;&gt;</a>&nbsp;&nbsp;&nbsp;eMBRTUInit
</UL>

<P><STRONG><a name="[7f]"></a>xMBRTUReceiveFSM</STRONG> (Thumb, 140 bytes, Stack size 16 bytes, mbrtu.o(i.xMBRTUReceiveFSM))
<BR><BR>[Stack]<UL><LI>Max Depth = 72 + Unknown Stack Size
<LI>Call Chain = xMBRTUReceiveFSM &rArr; __aeabi_assert &rArr; abort &rArr; __rt_SIGABRT &rArr; __rt_SIGABRT_inner &rArr; __default_signal_display
</UL>
<BR>[Calls]<UL><LI><a href="#[f2]">&gt;&gt;</a>&nbsp;&nbsp;&nbsp;xMBPortSerialGetByte
<LI><a href="#[d5]">&gt;&gt;</a>&nbsp;&nbsp;&nbsp;vMBPortTimersEnable
<LI><a href="#[a1]">&gt;&gt;</a>&nbsp;&nbsp;&nbsp;__aeabi_assert
</UL>
<BR>[Address Reference Count : 1]<UL><LI> mb.o(i.eMBInit)
</UL>
<P><STRONG><a name="[81]"></a>xMBRTUTimerT35Expired</STRONG> (Thumb, 96 bytes, Stack size 8 bytes, mbrtu.o(i.xMBRTUTimerT35Expired))
<BR><BR>[Stack]<UL><LI>Max Depth = 64 + Unknown Stack Size
<LI>Call Chain = xMBRTUTimerT35Expired &rArr; __aeabi_assert &rArr; abort &rArr; __rt_SIGABRT &rArr; __rt_SIGABRT_inner &rArr; __default_signal_display
</UL>
<BR>[Calls]<UL><LI><a href="#[c7]">&gt;&gt;</a>&nbsp;&nbsp;&nbsp;xMBPortEventPost
<LI><a href="#[c8]">&gt;&gt;</a>&nbsp;&nbsp;&nbsp;vMBPortTimersDisable
<LI><a href="#[a1]">&gt;&gt;</a>&nbsp;&nbsp;&nbsp;__aeabi_assert
</UL>
<BR>[Address Reference Count : 1]<UL><LI> mb.o(i.eMBInit)
</UL>
<P><STRONG><a name="[80]"></a>xMBRTUTransmitFSM</STRONG> (Thumb, 116 bytes, Stack size 8 bytes, mbrtu.o(i.xMBRTUTransmitFSM))
<BR><BR>[Stack]<UL><LI>Max Depth = 64 + Unknown Stack Size
<LI>Call Chain = xMBRTUTransmitFSM &rArr; __aeabi_assert &rArr; abort &rArr; __rt_SIGABRT &rArr; __rt_SIGABRT_inner &rArr; __default_signal_display
</UL>
<BR>[Calls]<UL><LI><a href="#[f4]">&gt;&gt;</a>&nbsp;&nbsp;&nbsp;xMBPortSerialPutByte
<LI><a href="#[c7]">&gt;&gt;</a>&nbsp;&nbsp;&nbsp;xMBPortEventPost
<LI><a href="#[c6]">&gt;&gt;</a>&nbsp;&nbsp;&nbsp;vMBPortSerialEnable
<LI><a href="#[a1]">&gt;&gt;</a>&nbsp;&nbsp;&nbsp;__aeabi_assert
</UL>
<BR>[Address Reference Count : 1]<UL><LI> mb.o(i.eMBInit)
</UL>
<P><STRONG><a name="[d6]"></a>xMBUtilGetBits</STRONG> (Thumb, 42 bytes, Stack size 20 bytes, mbutils.o(i.xMBUtilGetBits))
<BR><BR>[Stack]<UL><LI>Max Depth = 20<LI>Call Chain = xMBUtilGetBits
</UL>
<BR>[Called By]<UL><LI><a href="#[cb]">&gt;&gt;</a>&nbsp;&nbsp;&nbsp;eMBRegDiscreteCB
<LI><a href="#[c9]">&gt;&gt;</a>&nbsp;&nbsp;&nbsp;eMBRegCoilsCB
</UL>

<P><STRONG><a name="[d7]"></a>xMBUtilSetBits</STRONG> (Thumb, 104 bytes, Stack size 56 bytes, mbutils.o(i.xMBUtilSetBits))
<BR><BR>[Stack]<UL><LI>Max Depth = 112 + Unknown Stack Size
<LI>Call Chain = xMBUtilSetBits &rArr; __aeabi_assert &rArr; abort &rArr; __rt_SIGABRT &rArr; __rt_SIGABRT_inner &rArr; __default_signal_display
</UL>
<BR>[Calls]<UL><LI><a href="#[a1]">&gt;&gt;</a>&nbsp;&nbsp;&nbsp;__aeabi_assert
</UL>
<BR>[Called By]<UL><LI><a href="#[c9]">&gt;&gt;</a>&nbsp;&nbsp;&nbsp;eMBRegCoilsCB
</UL>

<P><STRONG><a name="[90]"></a>_fp_init</STRONG> (Thumb, 10 bytes, Stack size 0 bytes, fpinit.o(x$fpl$fpinit))
<BR><BR>[Called By]<UL><LI><a href="#[8f]">&gt;&gt;</a>&nbsp;&nbsp;&nbsp;__rt_lib_init_fp_1
</UL>

<P><STRONG><a name="[134]"></a>__fplib_config_fpu_vfp</STRONG> (Thumb, 0 bytes, Stack size unknown bytes, fpinit.o(x$fpl$fpinit), UNUSED)

<P><STRONG><a name="[135]"></a>__fplib_config_pureend_doubles</STRONG> (Thumb, 0 bytes, Stack size unknown bytes, fpinit.o(x$fpl$fpinit), UNUSED)
<P>
<H3>
Local Symbols
</H3>
<P><STRONG><a name="[de]"></a>prvucMBBIN2CHAR</STRONG> (Thumb, 44 bytes, Stack size 8 bytes, mbascii.o(i.prvucMBBIN2CHAR))
<BR><BR>[Stack]<UL><LI>Max Depth = 64 + Unknown Stack Size
<LI>Call Chain = prvucMBBIN2CHAR &rArr; __aeabi_assert &rArr; abort &rArr; __rt_SIGABRT &rArr; __rt_SIGABRT_inner &rArr; __default_signal_display
</UL>
<BR>[Calls]<UL><LI><a href="#[a1]">&gt;&gt;</a>&nbsp;&nbsp;&nbsp;__aeabi_assert
</UL>
<BR>[Called By]<UL><LI><a href="#[87]">&gt;&gt;</a>&nbsp;&nbsp;&nbsp;xMBASCIITransmitFSM
</UL>

<P><STRONG><a name="[f3]"></a>prvucMBCHAR2BIN</STRONG> (Thumb, 38 bytes, Stack size 0 bytes, mbascii.o(i.prvucMBCHAR2BIN))
<BR><BR>[Called By]<UL><LI><a href="#[86]">&gt;&gt;</a>&nbsp;&nbsp;&nbsp;xMBASCIIReceiveFSM
</UL>

<P><STRONG><a name="[c5]"></a>prvucMBLRC</STRONG> (Thumb, 32 bytes, Stack size 8 bytes, mbascii.o(i.prvucMBLRC))
<BR><BR>[Stack]<UL><LI>Max Depth = 8<LI>Call Chain = prvucMBLRC
</UL>
<BR>[Called By]<UL><LI><a href="#[84]">&gt;&gt;</a>&nbsp;&nbsp;&nbsp;eMBASCIISend
<LI><a href="#[85]">&gt;&gt;</a>&nbsp;&nbsp;&nbsp;eMBASCIIReceive
</UL>

<P><STRONG><a name="[fc]"></a>__NVIC_ClearPendingIRQ</STRONG> (Thumb, 22 bytes, Stack size 0 bytes, portserial.o(i.__NVIC_ClearPendingIRQ))
<BR><BR>[Called By]<UL><LI><a href="#[c3]">&gt;&gt;</a>&nbsp;&nbsp;&nbsp;xMBPortSerialInit
</UL>

<P><STRONG><a name="[f0]"></a>prvvUARTRxISR</STRONG> (Thumb, 10 bytes, Stack size 8 bytes, portserial.o(i.prvvUARTRxISR))
<BR><BR>[Stack]<UL><LI>Max Depth = 8<LI>Call Chain = prvvUARTRxISR
</UL>
<BR>[Called By]<UL><LI><a href="#[b3]">&gt;&gt;</a>&nbsp;&nbsp;&nbsp;vUSARTHandler
</UL>

<P><STRONG><a name="[f1]"></a>prvvUARTTxReadyISR</STRONG> (Thumb, 10 bytes, Stack size 8 bytes, portserial.o(i.prvvUARTTxReadyISR))
<BR><BR>[Stack]<UL><LI>Max Depth = 8<LI>Call Chain = prvvUARTTxReadyISR
</UL>
<BR>[Called By]<UL><LI><a href="#[b3]">&gt;&gt;</a>&nbsp;&nbsp;&nbsp;vUSARTHandler
</UL>

<P><STRONG><a name="[b2]"></a>prvvTIMERExpiredISR</STRONG> (Thumb, 10 bytes, Stack size 8 bytes, porttimer.o(i.prvvTIMERExpiredISR))
<BR><BR>[Stack]<UL><LI>Max Depth = 8<LI>Call Chain = prvvTIMERExpiredISR
</UL>
<BR>[Called By]<UL><LI><a href="#[33]">&gt;&gt;</a>&nbsp;&nbsp;&nbsp;TMR2_GLOBAL_IRQHandler
</UL>

<P><STRONG><a name="[7a]"></a>_printf_input_char</STRONG> (Thumb, 10 bytes, Stack size 0 bytes, _printf_char_common.o(.text))
<BR>[Address Reference Count : 1]<UL><LI> _printf_char_common.o(.text)
</UL><P>
<H3>
Undefined Global Symbols
</H3><HR></body></html>
