Component: ARM Compiler 6.16 Tool: armlink [5dfeaa00]

==============================================================================

Section Cross References

    main.o(.text.main) refers to at32f403a_407_wk_config.o(.text.wk_system_clock_config) for wk_system_clock_config
    main.o(.text.main) refers to at32f403a_407_wk_config.o(.text.wk_periph_clock_config) for wk_periph_clock_config
    main.o(.text.main) refers to wk_debug.o(.text.wk_debug_config) for wk_debug_config
    main.o(.text.main) refers to at32f403a_407_wk_config.o(.text.wk_nvic_config) for wk_nvic_config
    main.o(.text.main) refers to wk_system.o(.text.wk_timebase_init) for wk_timebase_init
    main.o(.text.main) refers to wk_gpio.o(.text.wk_gpio_config) for wk_gpio_config
    main.o(.text.main) refers to wk_usart.o(.text.wk_usart1_init) for wk_usart1_init
    main.o(.text.main) refers to wk_tmr.o(.text.wk_tmr6_init) for wk_tmr6_init
    main.o(.text.main) refers to mb_task.o(.text.modbus_build_init) for modbus_build_init
    main.o(.text.main) refers to mb.o(.text.eMBPoll) for eMBPoll
    main.o(.ARM.exidx.text.main) refers to main.o(.text.main) for [Anonymous Symbol]
    at32f403a_407_wk_config.o(.text.wk_system_clock_config) refers to at32f403a_407_crm.o(.text.crm_reset) for crm_reset
    at32f403a_407_wk_config.o(.text.wk_system_clock_config) refers to at32f403a_407_wk_config.o(.text.OUTLINED_FUNCTION_0) for OUTLINED_FUNCTION_0
    at32f403a_407_wk_config.o(.text.wk_system_clock_config) refers to at32f403a_407_crm.o(.text.crm_flag_get) for crm_flag_get
    at32f403a_407_wk_config.o(.text.wk_system_clock_config) refers to at32f403a_407_crm.o(.text.crm_hext_stable_wait) for crm_hext_stable_wait
    at32f403a_407_wk_config.o(.text.wk_system_clock_config) refers to at32f403a_407_crm.o(.text.crm_pll_config) for crm_pll_config
    at32f403a_407_wk_config.o(.text.wk_system_clock_config) refers to at32f403a_407_crm.o(.text.crm_ahb_div_set) for crm_ahb_div_set
    at32f403a_407_wk_config.o(.text.wk_system_clock_config) refers to at32f403a_407_crm.o(.text.crm_apb2_div_set) for crm_apb2_div_set
    at32f403a_407_wk_config.o(.text.wk_system_clock_config) refers to at32f403a_407_crm.o(.text.crm_apb1_div_set) for crm_apb1_div_set
    at32f403a_407_wk_config.o(.text.wk_system_clock_config) refers to at32f403a_407_crm.o(.text.crm_auto_step_mode_enable) for crm_auto_step_mode_enable
    at32f403a_407_wk_config.o(.text.wk_system_clock_config) refers to at32f403a_407_crm.o(.text.crm_sysclk_switch) for crm_sysclk_switch
    at32f403a_407_wk_config.o(.text.wk_system_clock_config) refers to at32f403a_407_crm.o(.text.crm_sysclk_switch_status_get) for crm_sysclk_switch_status_get
    at32f403a_407_wk_config.o(.text.wk_system_clock_config) refers to system_at32f403a_407.o(.text.system_core_clock_update) for system_core_clock_update
    at32f403a_407_wk_config.o(.ARM.exidx.text.wk_system_clock_config) refers to at32f403a_407_wk_config.o(.text.wk_system_clock_config) for [Anonymous Symbol]
    at32f403a_407_wk_config.o(.text.wk_periph_clock_config) refers to at32f403a_407_crm.o(.text.crm_periph_clock_enable) for crm_periph_clock_enable
    at32f403a_407_wk_config.o(.ARM.exidx.text.wk_periph_clock_config) refers to at32f403a_407_wk_config.o(.text.wk_periph_clock_config) for [Anonymous Symbol]
    at32f403a_407_wk_config.o(.text.wk_nvic_config) refers to at32f403a_407_misc.o(.text.nvic_priority_group_config) for nvic_priority_group_config
    at32f403a_407_wk_config.o(.text.wk_nvic_config) refers to at32f403a_407_misc.o(.text.nvic_irq_enable) for nvic_irq_enable
    at32f403a_407_wk_config.o(.ARM.exidx.text.wk_nvic_config) refers to at32f403a_407_wk_config.o(.text.wk_nvic_config) for [Anonymous Symbol]
    at32f403a_407_wk_config.o(.text.OUTLINED_FUNCTION_0) refers to at32f403a_407_crm.o(.text.crm_clock_source_enable) for crm_clock_source_enable
    at32f403a_407_wk_config.o(.ARM.exidx.text.OUTLINED_FUNCTION_0) refers to at32f403a_407_wk_config.o(.text.OUTLINED_FUNCTION_0) for [Anonymous Symbol]
    at32f403a_407_int.o(.ARM.exidx.text.NMI_Handler) refers to at32f403a_407_int.o(.text.NMI_Handler) for [Anonymous Symbol]
    at32f403a_407_int.o(.ARM.exidx.text.HardFault_Handler) refers to at32f403a_407_int.o(.text.HardFault_Handler) for [Anonymous Symbol]
    at32f403a_407_int.o(.ARM.exidx.text.MemManage_Handler) refers to at32f403a_407_int.o(.text.MemManage_Handler) for [Anonymous Symbol]
    at32f403a_407_int.o(.ARM.exidx.text.BusFault_Handler) refers to at32f403a_407_int.o(.text.BusFault_Handler) for [Anonymous Symbol]
    at32f403a_407_int.o(.ARM.exidx.text.UsageFault_Handler) refers to at32f403a_407_int.o(.text.UsageFault_Handler) for [Anonymous Symbol]
    at32f403a_407_int.o(.ARM.exidx.text.SVC_Handler) refers to at32f403a_407_int.o(.text.SVC_Handler) for [Anonymous Symbol]
    at32f403a_407_int.o(.ARM.exidx.text.DebugMon_Handler) refers to at32f403a_407_int.o(.text.DebugMon_Handler) for [Anonymous Symbol]
[...]
    .bss                                     0x200000b8   Section       84  stdio_streams.o(.bss)
    .bss                                     0x2000010c   Section       84  stdio_streams.o(.bss)
    .bss                                     0x20000160   Section       84  stdio_streams.o(.bss)
    .bss                                     0x200001b4   Section       96  libspace.o(.bss)
    ucMBLFCharacter                          0x20000214   Data           1  mbascii.o(.bss..L_MergedGlobals)
    [Anonymous Symbol]                       0x20000214   Section        0  mbascii.o(.bss..L_MergedGlobals)
    eRcvState                                0x20000215   Data           1  mbascii.o(.bss..L_MergedGlobals)
    eSndState                                0x20000216   Data           1  mbascii.o(.bss..L_MergedGlobals)
    eBytePos                                 0x20000217   Data           1  mbascii.o(.bss..L_MergedGlobals)
    usRcvBufferPos                           0x20000218   Data           2  mbascii.o(.bss..L_MergedGlobals)
    usSndBufferCount                         0x2000021a   Data           2  mbascii.o(.bss..L_MergedGlobals)
    pucSndBufferCur                          0x2000021c   Data           4  mbascii.o(.bss..L_MergedGlobals)
    usMBSlaveIDLen                           0x20000220   Data           2  mbfuncother.o(.bss..L_MergedGlobals)
    [Anonymous Symbol]                       0x20000220   Section        0  mbfuncother.o(.bss..L_MergedGlobals)
    ucMBSlaveID                              0x20000222   Data          32  mbfuncother.o(.bss..L_MergedGlobals)
    eRcvState                                0x20000244   Data           1  mbrtu.o(.bss..L_MergedGlobals)
    [Anonymous Symbol]                       0x20000244   Section        0  mbrtu.o(.bss..L_MergedGlobals)
    eSndState                                0x20000245   Data           1  mbrtu.o(.bss..L_MergedGlobals)
    usRcvBufferPos                           0x20000246   Data           2  mbrtu.o(.bss..L_MergedGlobals)
    usSndBufferCount                         0x20000248   Data           2  mbrtu.o(.bss..L_MergedGlobals)
    pucSndBufferCur                          0x2000024c   Data           4  mbrtu.o(.bss..L_MergedGlobals)
    ucMBAddress                              0x20000250   Data           1  mb.o(.bss..L_MergedGlobals)
    [Anonymous Symbol]                       0x20000250   Section        0  mb.o(.bss..L_MergedGlobals)
    eMBPoll.ucRcvAddress                     0x20000251   Data           1  mb.o(.bss..L_MergedGlobals)
    eMBPoll.ucFunctionCode                   0x20000252   Data           1  mb.o(.bss..L_MergedGlobals)
    eMBPoll.usLength                         0x20000254   Data           2  mb.o(.bss..L_MergedGlobals)
    pvMBFrameStartCur                        0x20000258   Data           4  mb.o(.bss..L_MergedGlobals)
    pvMBFrameStopCur                         0x2000025c   Data           4  mb.o(.bss..L_MergedGlobals)
    peMBFrameSendCur                         0x20000260   Data           4  mb.o(.bss..L_MergedGlobals)
    peMBFrameReceiveCur                      0x20000264   Data           4  mb.o(.bss..L_MergedGlobals)
    eMBPoll.ucMBFrame                        0x20000274   Data           4  mb.o(.bss..L_MergedGlobals)
    xEventInQueue                            0x20000278   Data           1  portevent.o(.bss..L_MergedGlobals)
    [Anonymous Symbol]                       0x20000278   Section        0  portevent.o(.bss..L_MergedGlobals)
    eQueuedEvent                             0x20000279   Data           1  portevent.o(.bss..L_MergedGlobals)
    Heap_Mem                                 0x20000390   Data        1024  startup_at32f403a_407.o(HEAP)
    HEAP                                     0x20000390   Section     1024  startup_at32f403a_407.o(HEAP)
    Stack_Mem                                0x20000790   Data        2048  startup_at32f403a_407.o(STACK)
    STACK                                    0x20000790   Section     2048  startup_at32f403a_407.o(STACK)
    __initial_sp                             0x20000f90   Data           0  startup_at32f403a_407.o(STACK)

    Global Symbols

    Symbol Name                              Value     Ov Type        Size  Object(Section)

    BuildAttributes$$THM_ISAv4$E$P$D$K$B$S$7EM$VFPi3$EXTD16$VFPS$VFMA$PE$A:L22UL41UL21$X:L11$S22US41US21$IEEE1$IW$~IW$USESV6$~STKCKD$USESV7$~SHL$OTIME$ROPI$EBA8$UX$STANDARDLIB$REQ8$PRES8$EABIv2 0x00000000   Number         0  anon$$obj.o ABSOLUTE
    _printf_flags                            0x00000000   Number         0  printf_stubs.o ABSOLUTE
    _printf_return_value                     0x00000000   Number         0  printf_stubs.o ABSOLUTE
    _printf_sizespec                         0x00000000   Number         0  printf_stubs.o ABSOLUTE
    _printf_widthprec                        0x00000000   Number         0  printf_stubs.o ABSOLUTE
    __ARM_exceptions_init                     - Undefined Weak Reference
    __alloca_initialize                       - Undefined Weak Reference
    __arm_preinit_                            - Undefined Weak Reference
    __cpp_initialize__aeabi_                  - Undefined Weak Reference
    __cxa_finalize                            - Undefined Weak Reference
    __sigvec_lookup                           - Undefined Weak Reference
    __user_heap_extent                        - Undefined Weak Reference
    _atexit_init                              - Undefined Weak Reference
    _call_atexit_fns                          - Undefined Weak Reference
    _clock_init                               - Undefined Weak Reference
    _fp_trap_init                             - Undefined Weak Reference
    _fp_trap_shutdown                         - Undefined Weak Reference
    _get_lc_collate                           - Undefined Weak Reference
    _get_lc_monetary                          - Undefined Weak Reference
    _get_lc_numeric                           - Undefined Weak Reference
    _get_lc_time                              - Undefined Weak Reference
    _getenv_init                              - Undefined Weak Reference
    _handle_redirection                       - Undefined Weak Reference
    _mutex_acquire                            - Undefined Weak Reference
    _mutex_free                               - Undefined Weak Reference
    _mutex_release                            - Undefined Weak Reference
    _printf_mbtowc                            - Undefined Weak Reference
    _printf_wc                                - Undefined Weak Reference
    _rand_init                                - Undefined Weak Reference
    _signal_finish                            - Undefined Weak Reference
    _signal_init                              - Undefined Weak Reference
    __Vectors_Size                           0x00000184   Number         0  startup_at32f403a_407.o ABSOLUTE
    __Vectors                                0x08000000   Data           4  startup_at32f403a_407.o(RESET)
    __Vectors_End                            0x08000184   Data           0  startup_at32f403a_407.o(RESET)
    __main                                   0x08000185   Thumb Code     8  __main.o(!!!main)
    __scatterload                            0x0800018d   Thumb Code     0  __scatter.o(!!!scatter)
    __scatterload_rt2                        0x0800018d   Thumb Code    44  __scatter.o(!!!scatter)
    __scatterload_rt2_thumb_only             0x0800018d   Thumb Code     0  __scatter.o(!!!scatter)
    __scatterload_null                       0x0800019b   Thumb Code     0  __scatter.o(!!!scatter)
    __scatterload_copy                       0x080001c1   Thumb Code    26  __scatter_copy.o(!!handler_copy)
    __scatterload_zeroinit                   0x080001dd   Thumb Code    28  __scatter_zi.o(!!handler_zi)
    _printf_i                                0x080001f9   Thumb Code     0  _printf_i.o(.ARM.Collect$$_printf_percent$$00000008)
    _printf_percent                          0x080001f9   Thumb Code     0  _printf_percent.o(.ARM.Collect$$_printf_percent$$00000000)
    _printf_d                                0x080001ff   Thumb Code     0  _printf_d.o(.ARM.Collect$$_printf_percent$$00000009)
    _printf_u                                0x08000205   Thumb Code     0  _printf_u.o(.ARM.Collect$$_printf_percent$$0000000A)
    _printf_o                                0x0800020b   Thumb Code     0  _printf_o.o(.ARM.Collect$$_printf_percent$$0000000B)
    _printf_x                                0x08000211   Thumb Code     0  _printf_x.o(.ARM.Collect$$_printf_percent$$0000000C)
    _printf_l                                0x08000217   Thumb Code     0  _printf_l.o(.ARM.Collect$$_printf_percent$$00000012)
    _printf_c                                0x08000221   Thumb Code     0  _printf_c.o(.ARM.Collect$$_printf_percent$$00000013)
    _printf_lc                               0x08000227   Thumb Code     0  _printf_lc.o(.ARM.Collect$$_printf_percent$$00000015)
    _printf_percent_end                      0x0800022d   Thumb Code     0  _printf_percent_end.o(.ARM.Collect$$_printf_percent$$00000017)
    __rt_lib_init                            0x08000231   Thumb Code     0  libinit.o(.ARM.Collect$$libinit$$00000000)
    __rt_lib_init_fp_1                       0x08000233   Thumb Code     0  libinit2.o(.ARM.Collect$$libinit$$00000001)
    __rt_lib_init_heap_2                     0x08000237   Thumb Code     0  libinit2.o(.ARM.Collect$$libinit$$00000005)
    __rt_lib_init_preinit_1                  0x08000237   Thumb Code     0  libinit2.o(.ARM.Collect$$libinit$$00000004)
    __rt_lib_init_heap_1                     0x0800023f   Thumb Code     0  libinit2.o(.ARM.Collect$$libinit$$0000000A)
    __rt_lib_init_lc_common                  0x0800023f   Thumb Code     0  libinit2.o(.ARM.Collect$$libinit$$0000000F)
    __rt_lib_init_rand_1                     0x0800023f   Thumb Code     0  libinit2.o(.ARM.Collect$$libinit$$0000000E)
    __rt_lib_init_user_alloc_1               0x0800023f   Thumb Code     0  libinit2.o(.ARM.Collect$$libinit$$0000000C)
    __rt_lib_init_lc_collate_1               0x08000245   Thumb Code     0  libinit2.o(.ARM.Collect$$libinit$$00000011)
    __rt_lib_init_lc_ctype_2                 0x08000245   Thumb Code     0  libinit2.o(.ARM.Collect$$libinit$$00000012)
    __rt_lib_init_atexit_1                   0x08000251   Thumb Code     0  libinit2.o(.ARM.Collect$$libinit$$0000001B)
    __rt_lib_init_clock_1                    0x08000251   Thumb Code     0  libinit2.o(.ARM.Collect$$libinit$$00000021)
    __rt_lib_init_fp_trap_1                  0x08000251   Thumb Code     0  libinit2.o(.ARM.Collect$$libinit$$0000001F)
    __rt_lib_init_getenv_1                   0x08000251   Thumb Code     0  libinit2.o(.ARM.Collect$$libinit$$00000023)
    __rt_lib_init_lc_ctype_1                 0x08000251   Thumb Code     0  libinit2.o(.ARM.Collect$$libinit$$00000013)
    __rt_lib_init_lc_monetary_1              0x08000251   Thumb Code     0  libinit2.o(.ARM.Collect$$libinit$$00000015)
    __rt_lib_init_lc_numeric_1               0x08000251   Thumb Code     0  libinit2.o(.ARM.Collect$$libinit$$00000017)
    __rt_lib_init_lc_time_1                  0x08000251   Thumb Code     0  libinit2.o(.ARM.Collect$$libinit$$00000019)
    __rt_lib_init_signal_1                   0x08000251   Thumb Code     0  libinit2.o(.ARM.Collect$$libinit$$0000001D)
    __rt_lib_init_stdio_2                    0x08000251   Thumb Code     0  libinit2.o(.ARM.Collect$$libinit$$00000024)
    __rt_lib_init_alloca_1                   0x08000255   Thumb Code     0  libinit2.o(.ARM.Collect$$libinit$$0000002E)
    __rt_lib_init_argv_1                     0x08000255   Thumb Code     0  libinit2.o(.ARM.Collect$$libinit$$0000002C)
    __rt_lib_init_cpp_1                      0x08000255   Thumb Code     0  libinit2.o(.ARM.Collect$$libinit$$00000032)
    __rt_lib_init_exceptions_1               0x08000255   Thumb Code     0  libinit2.o(.ARM.Collect$$libinit$$00000030)
    __rt_lib_init_return                     0x08000255   Thumb Code     0  libinit2.o(.ARM.Collect$$libinit$$00000033)
    __rt_lib_init_stdio_1                    0x08000255   Thumb Code     0  libinit2.o(.ARM.Collect$$libinit$$00000025)
    __rt_lib_shutdown                        0x08000257   Thumb Code     0  libshutdown.o(.ARM.Collect$$libshutdown$$00000000)
    __rt_lib_shutdown_cpp_1                  0x08000259   Thumb Code     0  libshutdown2.o(.ARM.Collect$$libshutdown$$00000002)
    __rt_lib_shutdown_stdio_2                0x08000259   Thumb Code     0  libshutdown2.o(.ARM.Collect$$libshutdown$$00000003)
    __rt_lib_shutdown_fp_trap_1              0x0800025d   Thumb Code     0  libshutdown2.o(.ARM.Collect$$libshutdown$$00000007)
    __rt_lib_shutdown_heap_1                 0x0800025d   Thumb Code     0  libshutdown2.o(.ARM.Collect$$libshutdown$$0000000F)
    __rt_lib_shutdown_return                 0x0800025d   Thumb Code     0  libshutdown2.o(.ARM.Collect$$libshutdown$$00000010)
    __rt_lib_shutdown_signal_1               0x0800025d   Thumb Code     0  libshutdown2.o(.ARM.Collect$$libshutdown$$0000000A)
    __rt_lib_shutdown_stdio_1                0x0800025d   Thumb Code     0  libshutdown2.o(.ARM.Collect$$libshutdown$$00000004)
    __rt_lib_shutdown_user_alloc_1           0x0800025d   Thumb Code     0  libshutdown2.o(.ARM.Collect$$libshutdown$$0000000C)
    __rt_entry                               0x0800025f   Thumb Code     0  __rtentry.o(.ARM.Collect$$rtentry$$00000000)
    __rt_entry_presh_1                       0x0800025f   Thumb Code     0  __rtentry2.o(.ARM.Collect$$rtentry$$00000002)
    __rt_entry_sh                            0x0800025f   Thumb Code     0  __rtentry4.o(.ARM.Collect$$rtentry$$00000004)
    __rt_entry_li                            0x08000265   Thumb Code     0  __rtentry2.o(.ARM.Collect$$rtentry$$0000000A)
    __rt_entry_postsh_1                      0x08000265   Thumb Code     0  __rtentry2.o(.ARM.Collect$$rtentry$$00000009)
    __rt_entry_main                          0x08000269   Thumb Code     0  __rtentry2.o(.ARM.Collect$$rtentry$$0000000D)
    __rt_entry_postli_1                      0x08000269   Thumb Code     0  __rtentry2.o(.ARM.Collect$$rtentry$$0000000C)
    __rt_exit                                0x08000271   Thumb Code     0  rtexit.o(.ARM.Collect$$rtexit$$00000000)
    __rt_exit_ls                             0x08000273   Thumb Code     0  rtexit2.o(.ARM.Collect$$rtexit$$00000003)
    __rt_exit_prels_1                        0x08000273   Thumb Code     0  rtexit2.o(.ARM.Collect$$rtexit$$00000002)
    __rt_exit_exit                           0x08000277   Thumb Code     0  rtexit2.o(.ARM.Collect$$rtexit$$00000004)
    Reset_Handler                            0x0800027d   Thumb Code     8  startup_at32f403a_407.o(.text)
    ACC_IRQHandler                           0x08000297   Thumb Code     0  startup_at32f403a_407.o(.text)
    ADC1_2_IRQHandler                        0x08000297   Thumb Code     0  startup_at32f403a_407.o(.text)
    ADC3_IRQHandler                          0x08000297   Thumb Code     0  startup_at32f403a_407.o(.text)
    CAN1_RX1_IRQHandler                      0x08000297   Thumb Code     0  startup_at32f403a_407.o(.text)
    CAN1_SE_IRQHandler                       0x08000297   Thumb Code     0  startup_at32f403a_407.o(.text)
    CAN2_RX0_IRQHandler                      0x08000297   Thumb Code     0  startup_at32f403a_407.o(.text)
    CAN2_RX1_IRQHandler                      0x08000297   Thumb Code     0  startup_at32f403a_407.o(.text)
    CAN2_SE_IRQHandler                       0x08000297   Thumb Code     0  startup_at32f403a_407.o(.text)
    CAN2_TX_IRQHandler                       0x08000297   Thumb Code     0  startup_at32f403a_407.o(.text)
    CRM_IRQHandler                           0x08000297   Thumb Code     0  startup_at32f403a_407.o(.text)
    DMA1_Channel1_IRQHandler                 0x08000297   Thumb Code     0  startup_at32f403a_407.o(.text)
    DMA1_Channel2_IRQHandler                 0x08000297   Thumb Code     0  startup_at32f403a_407.o(.text)
    DMA1_Channel3_IRQHandler                 0x08000297   Thumb Code     0  startup_at32f403a_407.o(.text)
    DMA1_Channel4_IRQHandler                 0x08000297   Thumb Code     0  startup_at32f403a_407.o(.text)
    DMA1_Channel5_IRQHandler                 0x08000297   Thumb Code     0  startup_at32f403a_407.o(.text)
    DMA1_Channel6_IRQHandler                 0x08000297   Thumb Code     0  startup_at32f403a_407.o(.text)
    DMA1_Channel7_IRQHandler                 0x08000297   Thumb Code     0  startup_at32f403a_407.o(.text)
    DMA2_Channel1_IRQHandler                 0x08000297   Thumb Code     0  startup_at32f403a_407.o(.text)
    DMA2_Channel2_IRQHandler                 0x08000297   Thumb Code     0  startup_at32f403a_407.o(.text)
    DMA2_Channel3_IRQHandler                 0x08000297   Thumb Code     0  startup_at32f403a_407.o(.text)
    DMA2_Channel4_5_IRQHandler               0x08000297   Thumb Code     0  startup_at32f403a_407.o(.text)
    DMA2_Channel6_7_IRQHandler               0x08000297   Thumb Code     0  startup_at32f403a_407.o(.text)
    EMAC_IRQHandler                          0x08000297   Thumb Code     0  startup_at32f403a_407.o(.text)
    EMAC_WKUP_IRQHandler                     0x08000297   Thumb Code     0  startup_at32f403a_407.o(.text)
    EXINT0_IRQHandler                        0x08000297   Thumb Code     0  startup_at32f403a_407.o(.text)
    EXINT15_10_IRQHandler                    0x08000297   Thumb Code     0  startup_at32f403a_407.o(.text)
    EXINT1_IRQHandler                        0x08000297   Thumb Code     0  startup_at32f403a_407.o(.text)
    EXINT2_IRQHandler                        0x08000297   Thumb Code     0  startup_at32f403a_407.o(.text)
    EXINT3_IRQHandler                        0x08000297   Thumb Code     0  startup_at32f403a_407.o(.text)
    EXINT4_IRQHandler                        0x08000297   Thumb Code     0  startup_at32f403a_407.o(.text)
    EXINT9_5_IRQHandler                      0x08000297   Thumb Code     0  startup_at32f403a_407.o(.text)
    FLASH_IRQHandler                         0x08000297   Thumb Code     0  startup_at32f403a_407.o(.text)
    I2C1_ERR_IRQHandler                      0x08000297   Thumb Code     0  startup_at32f403a_407.o(.text)
    I2C1_EVT_IRQHandler                      0x08000297   Thumb Code     0  startup_at32f403a_407.o(.text)
    I2C2_ERR_IRQHandler                      0x08000297   Thumb Code     0  startup_at32f403a_407.o(.text)
    I2C2_EVT_IRQHandler                      0x08000297   Thumb Code     0  startup_at32f403a_407.o(.text)
    I2C3_ERR_IRQHandler                      0x08000297   Thumb Code     0  startup_at32f403a_407.o(.text)
    I2C3_EVT_IRQHandler                      0x08000297   Thumb Code     0  startup_at32f403a_407.o(.text)
    PVM_IRQHandler                           0x08000297   Thumb Code     0  startup_at32f403a_407.o(.text)
    RTCAlarm_IRQHandler                      0x08000297   Thumb Code     0  startup_at32f403a_407.o(.text)
    RTC_IRQHandler                           0x08000297   Thumb Code     0  startup_at32f403a_407.o(.text)
    SDIO1_IRQHandler                         0x08000297   Thumb Code     0  startup_at32f403a_407.o(.text)
    SDIO2_IRQHandler                         0x08000297   Thumb Code     0  startup_at32f403a_407.o(.text)
    SPI1_IRQHandler                          0x08000297   Thumb Code     0  startup_at32f403a_407.o(.text)
    SPI2_I2S2EXT_IRQHandler                  0x08000297   Thumb Code     0  startup_at32f403a_407.o(.text)
    SPI3_I2S3EXT_IRQHandler                  0x08000297   Thumb Code     0  startup_at32f403a_407.o(.text)
    SPI4_IRQHandler                          0x08000297   Thumb Code     0  startup_at32f403a_407.o(.text)
    TAMPER_IRQHandler                        0x08000297   Thumb Code     0  startup_at32f403a_407.o(.text)
    TMR1_BRK_TMR9_IRQHandler                 0x08000297   Thumb Code     0  startup_at32f403a_407.o(.text)
    TMR1_CH_IRQHandler                       0x08000297   Thumb Code     0  startup_at32f403a_407.o(.text)
    TMR1_OVF_TMR10_IRQHandler                0x08000297   Thumb Code     0  startup_at32f403a_407.o(.text)
    TMR1_TRG_HALL_TMR11_IRQHandler           0x08000297   Thumb Code     0  startup_at32f403a_407.o(.text)
    TMR3_GLOBAL_IRQHandler                   0x08000297   Thumb Code     0  startup_at32f403a_407.o(.text)
    TMR4_GLOBAL_IRQHandler                   0x08000297   Thumb Code     0  startup_at32f403a_407.o(.text)
    TMR5_GLOBAL_IRQHandler                   0x08000297   Thumb Code     0  startup_at32f403a_407.o(.text)
    TMR7_GLOBAL_IRQHandler                   0x08000297   Thumb Code     0  startup_at32f403a_407.o(.text)
    TMR8_BRK_TMR12_IRQHandler                0x08000297   Thumb Code     0  startup_at32f403a_407.o(.text)
    TMR8_CH_IRQHandler                       0x08000297   Thumb Code     0  startup_at32f403a_407.o(.text)
    TMR8_OVF_TMR13_IRQHandler                0x08000297   Thumb Code     0  startup_at32f403a_407.o(.text)
    TMR8_TRG_HALL_TMR14_IRQHandler           0x08000297   Thumb Code     0  startup_at32f403a_407.o(.text)
    UART4_IRQHandler                         0x08000297   Thumb Code     0  startup_at32f403a_407.o(.text)
    UART5_IRQHandler                         0x08000297   Thumb Code     0  startup_at32f403a_407.o(.text)
    UART7_IRQHandler                         0x08000297   Thumb Code     0  startup_at32f403a_407.o(.text)
    UART8_IRQHandler                         0x08000297   Thumb Code     0  startup_at32f403a_407.o(.text)
    USART2_IRQHandler                        0x08000297   Thumb Code     0  startup_at32f403a_407.o(.text)
    USART3_IRQHandler                        0x08000297   Thumb Code     0  startup_at32f403a_407.o(.text)
    USART6_IRQHandler                        0x08000297   Thumb Code     0  startup_at32f403a_407.o(.text)
    USBFSWakeUp_IRQHandler                   0x08000297   Thumb Code     0  startup_at32f403a_407.o(.text)
    USBFS_H_CAN1_TX_IRQHandler               0x08000297   Thumb Code     0  startup_at32f403a_407.o(.text)
    USBFS_L_CAN1_RX0_IRQHandler              0x08000297   Thumb Code     0  startup_at32f403a_407.o(.text)
    USBFS_MAPH_IRQHandler                    0x08000297   Thumb Code     0  startup_at32f403a_407.o(.text)
    USBFS_MAPL_IRQHandler                    0x08000297   Thumb Code     0  startup_at32f403a_407.o(.text)
    WWDT_IRQHandler                          0x08000297   Thumb Code     0  startup_at32f403a_407.o(.text)
    XMC_IRQHandler                           0x08000297   Thumb Code     0  startup_at32f403a_407.o(.text)
    __user_initial_stackheap                 0x08000299   Thumb Code     0  startup_at32f403a_407.o(.text)
    __2printf                                0x080002bd   Thumb Code    20  noretval__2printf.o(.text)
    _printf_pre_padding                      0x080002d5   Thumb Code    44  _printf_pad.o(.text)
    _printf_post_padding                     0x08000301   Thumb Code    34  _printf_pad.o(.text)
    _printf_truncate_signed                  0x08000323   Thumb Code    18  _printf_truncate.o(.text)
    _printf_truncate_unsigned                0x08000335   Thumb Code    18  _printf_truncate.o(.text)
    _printf_str                              0x08000347   Thumb Code    82  _printf_str.o(.text)
    _printf_int_dec                          0x08000399   Thumb Code   104  _printf_dec.o(.text)
    _printf_wctomb                           0x08000411   Thumb Code   182  _printf_wctomb.o(.text)
    _printf_int_oct                          0x080004cd   Thumb Code    74  _printf_oct_int.o(.text)
    _printf_longlong_oct                     0x080004cd   Thumb Code     0  _printf_oct_int.o(.text)
    _printf_int_hex                          0x08000521   Thumb Code    84  _printf_hex_int.o(.text)
    _printf_longlong_hex                     0x08000521   Thumb Code     0  _printf_hex_int.o(.text)
    __printf                                 0x08000579   Thumb Code   388  __printf_flags_ss_wp.o(.text)
    puts                                     0x08000701   Thumb Code    40  puts.o(.text)
    __aeabi_assert                           0x0800072d   Thumb Code    86  assert.o(.text)
    __assert                                 0x0800072d   Thumb Code     0  assert.o(.text)
    __aeabi_memcpy                           0x080007ad   Thumb Code     0  rt_memcpy_v6.o(.text)
    __rt_memcpy                              0x080007ad   Thumb Code   138  rt_memcpy_v6.o(.text)
    _memcpy_lastbytes                        0x08000813   Thumb Code     0  rt_memcpy_v6.o(.text)
    __aeabi_memclr4                          0x08000837   Thumb Code     0  rt_memclr_w.o(.text)
    __aeabi_memclr8                          0x08000837   Thumb Code     0  rt_memclr_w.o(.text)
    __rt_memclr_w                            0x08000837   Thumb Code     0  rt_memclr_w.o(.text)
    _memset_w                                0x0800083b   Thumb Code    74  rt_memclr_w.o(.text)
    strcmp                                   0x08000889   Thumb Code   124  strcmpv7em.o(.text)
    __use_two_region_memory                  0x08000905   Thumb Code     2  heapauxi.o(.text)
    __rt_heap_escrow                         0x08000907   Thumb Code     2  heapauxi.o(.text)
    __rt_heap_expand                         0x08000909   Thumb Code     2  heapauxi.o(.text)
    _printf_int_common                       0x0800090b   Thumb Code   178  _printf_intcommon.o(.text)
    _printf_cs_common                        0x080009bd   Thumb Code    20  _printf_char.o(.text)
    _printf_char                             0x080009d1   Thumb Code    16  _printf_char.o(.text)
    _printf_string                           0x080009e1   Thumb Code     8  _printf_char.o(.text)
    _printf_char_file                        0x080009e9   Thumb Code    32  _printf_char_file.o(.text)
    _printf_lcs_common                       0x08000a0d   Thumb Code    20  _printf_wchar.o(.text)
    _printf_wchar                            0x08000a21   Thumb Code    16  _printf_wchar.o(.text)
    _printf_wstring                          0x08000a31   Thumb Code     8  _printf_wchar.o(.text)
    _c16rtomb                                0x08000a39   Thumb Code    72  _c16rtomb.o(.text)
    _wcrtomb                                 0x08000a39   Thumb Code     0  _c16rtomb.o(.text)
    abort                                    0x08000a81   Thumb Code    22  abort.o(.text)
    __assert_puts                            0x08000a97   Thumb Code    20  assert_puts.o(.text)
    __aeabi_memcpy4                          0x08000aab   Thumb Code     0  rt_memcpy_w.o(.text)
    __aeabi_memcpy8                          0x08000aab   Thumb Code     0  rt_memcpy_w.o(.text)
    __rt_memcpy_w                            0x08000aab   Thumb Code   100  rt_memcpy_w.o(.text)
    _memcpy_lastbytes_aligned                0x08000af3   Thumb Code     0  rt_memcpy_w.o(.text)
    _ttywrch                                 0x08000b0f   Thumb Code    14  sys_wrch.o(.text)
    _sys_exit                                0x08000b1d   Thumb Code     8  sys_exit.o(.text)
    __rt_ctype_table                         0x08000b29   Thumb Code    16  rt_ctype_table.o(.text)
    _printf_char_common                      0x08000b43   Thumb Code    32  _printf_char_common.o(.text)
    ferror                                   0x08000b69   Thumb Code     8  ferror.o(.text)
    _initio                                  0x08000b71   Thumb Code   210  initio.o(.text)
    _terminateio                             0x08000c43   Thumb Code    56  initio.o(.text)
    __rt_SIGABRT                             0x08000ca9   Thumb Code    14  defsig_abrt_outer.o(.text)
    __I$use$semihosting                      0x08000cb7   Thumb Code     0  use_no_semi.o(.text)
    __use_no_semihosting_swi                 0x08000cb7   Thumb Code     2  use_no_semi.o(.text)
    __semihosting_library_function           0x08000cb9   Thumb Code     0  indicate_semi.o(.text)
    __user_setup_stackheap                   0x08000cb9   Thumb Code    74  sys_stackheap_outer.o(.text)
    __rt_locale                              0x08000d05   Thumb Code     8  rt_locale_intlibspace.o(.text)
    free                                     0x08000d0d   Thumb Code    78  h1_free.o(.text)
    setvbuf                                  0x08000d5b   Thumb Code    70  setvbuf.o(.text)
    freopen                                  0x08000da1   Thumb Code   160  fopen.o(.text)
    fopen                                    0x08000e41   Thumb Code    74  fopen.o(.text)
    _fclose_internal                         0x08000e91   Thumb Code    76  fclose.o(.text)
    fclose                                   0x08000e91   Thumb Code     0  fclose.o(.text)
    exit                                     0x08000edd   Thumb Code    18  exit.o(.text)
    __sig_exit                               0x08000eef   Thumb Code    10  defsig_exit.o(.text)
    __rt_SIGABRT_inner                       0x08000ef9   Thumb Code    14  defsig_abrt_inner.o(.text)
    __rt_SIGRTRED                            0x08000f29   Thumb Code    14  defsig_rtred_outer.o(.text)
    _sys_open                                0x08000f37   Thumb Code    20  sys_io.o(.text)
    _sys_close                               0x08000f4b   Thumb Code    12  sys_io.o(.text)
    _sys_write                               0x08000f57   Thumb Code    16  sys_io.o(.text)
    _sys_read                                0x08000f67   Thumb Code    14  sys_io.o(.text)
    _sys_istty                               0x08000f75   Thumb Code    12  sys_io.o(.text)
    _sys_seek                                0x08000f81   Thumb Code    14  sys_io.o(.text)
    _sys_ensure                              0x08000f8f   Thumb Code     2  sys_io.o(.text)
    _sys_flen                                0x08000f91   Thumb Code    12  sys_io.o(.text)
    __user_libspace                          0x08000f9d   Thumb Code     8  libspace.o(.text)
    __user_perproc_libspace                  0x08000f9d   Thumb Code     0  libspace.o(.text)
    __user_perthread_libspace                0x08000f9d   Thumb Code     0  libspace.o(.text)
    __rt_heap_descriptor                     0x08000fa5   Thumb Code     8  rt_heap_descriptor_intlibspace.o(.text)
    __use_no_heap                            0x08000fad   Thumb Code     2  hguard.o(.text)
    __heap$guard                             0x08000faf   Thumb Code     2  hguard.o(.text)
    _terminate_user_alloc                    0x08000fb1   Thumb Code     2  init_alloc.o(.text)
    _init_user_alloc                         0x08000fb3   Thumb Code     2  init_alloc.o(.text)
    __Heap_Full                              0x08000fb5   Thumb Code    34  init_alloc.o(.text)
    __Heap_Broken                            0x08000fd7   Thumb Code     6  init_alloc.o(.text)
    _init_alloc                              0x08000fdd   Thumb Code    94  init_alloc.o(.text)
    malloc                                   0x0800103b   Thumb Code    94  h1_alloc.o(.text)
    _fseek                                   0x08001099   Thumb Code   242  fseek.o(.text)
    fseek                                    0x08001099   Thumb Code     0  fseek.o(.text)
    _seterr                                  0x08001191   Thumb Code    20  stdio.o(.text)
    _writebuf                                0x080011a5   Thumb Code    84  stdio.o(.text)
    _fflush                                  0x080011f9   Thumb Code    70  stdio.o(.text)
    _deferredlazyseek                        0x0800123f   Thumb Code    60  stdio.o(.text)
    __default_signal_display                 0x08001281   Thumb Code    50  defsig_general.o(.text)
    __rt_SIGRTRED_inner                      0x080012b5   Thumb Code    14  defsig_rtred_inner.o(.text)
    __Heap_Initialize                        0x080012e9   Thumb Code    10  h1_init.o(.text)
    _maybe_terminate_alloc                   0x080012e9   Thumb Code     0  maybetermalloc1.o(.text)
    __Heap_DescSize                          0x080012f3   Thumb Code     4  h1_init.o(.text)
    __Heap_ProvideMemory                     0x080012f7   Thumb Code    52  h1_extend.o(.text)
    _ftell_internal                          0x0800132b   Thumb Code    66  ftell.o(.text)
    ftell                                    0x0800132b   Thumb Code     0  ftell.o(.text)
    __rt_SIGRTMEM                            0x0800136d   Thumb Code    14  defsig_rtmem_outer.o(.text)
    strlen                                   0x0800137b   Thumb Code    62  strlen.o(.text)
    __aeabi_errno_addr                       0x080013b9   Thumb Code     8  rt_errno_addr_intlibspace.o(.text)
    __errno$intlibspace                      0x080013b9   Thumb Code     0  rt_errno_addr_intlibspace.o(.text)
    __rt_errno_addr$intlibspace              0x080013b9   Thumb Code     0  rt_errno_addr_intlibspace.o(.text)
    __rt_SIGRTMEM_inner                      0x080013c1   Thumb Code    22  defsig_rtmem_inner.o(.text)
    BusFault_Handler                         0x08001411   Thumb Code     2  at32f403a_407_int.o(.text.BusFault_Handler)
    DebugMon_Handler                         0x08001413   Thumb Code     2  at32f403a_407_int.o(.text.DebugMon_Handler)
    HardFault_Handler                        0x08001415   Thumb Code     2  at32f403a_407_int.o(.text.HardFault_Handler)
    MemManage_Handler                        0x08001417   Thumb Code     2  at32f403a_407_int.o(.text.MemManage_Handler)
    NMI_Handler                              0x08001419   Thumb Code     2  at32f403a_407_int.o(.text.NMI_Handler)
    PendSV_Handler                           0x08001447   Thumb Code     2  at32f403a_407_int.o(.text.PendSV_Handler)
    SVC_Handler                              0x08001449   Thumb Code     2  at32f403a_407_int.o(.text.SVC_Handler)
    SysTick_Handler                          0x0800144b   Thumb Code     2  at32f403a_407_int.o(.text.SysTick_Handler)
    SystemInit                               0x0800144d   Thumb Code    76  system_at32f403a_407.o(.text.SystemInit)
    TMR2_GLOBAL_IRQHandler                   0x0800149d   Thumb Code    32  porttimer.o(.text.TMR2_GLOBAL_IRQHandler)
    TMR6_GLOBAL_IRQHandler                   0x080014c1   Thumb Code    56  drv_uart.o(.text.TMR6_GLOBAL_IRQHandler)
    USART1_IRQHandler                        0x08001501   Thumb Code     4  portserial.o(.text.USART1_IRQHandler)
    UsageFault_Handler                       0x08001505   Thumb Code     2  at32f403a_407_int.o(.text.UsageFault_Handler)
    crm_ahb_div_set                          0x08001509   Thumb Code    20  at32f403a_407_crm.o(.text.crm_ahb_div_set)
    crm_apb1_div_set                         0x0800151d   Thumb Code    20  at32f403a_407_crm.o(.text.crm_apb1_div_set)
    crm_apb2_div_set                         0x08001531   Thumb Code    20  at32f403a_407_crm.o(.text.crm_apb2_div_set)
    crm_auto_step_mode_enable                0x08001545   Thumb Code    20  at32f403a_407_crm.o(.text.crm_auto_step_mode_enable)
    crm_clock_source_enable                  0x0800155d   Thumb Code    88  at32f403a_407_crm.o(.text.crm_clock_source_enable)
    crm_clocks_freq_get                      0x080015b5   Thumb Code   164  at32f403a_407_crm.o(.text.crm_clocks_freq_get)
    crm_flag_get                             0x08001685   Thumb Code    20  at32f403a_407_crm.o(.text.crm_flag_get)
    crm_hext_stable_wait                     0x08001699   Thumb Code    28  at32f403a_407_crm.o(.text.crm_hext_stable_wait)
    crm_periph_clock_enable                  0x080016b5   Thumb Code    28  at32f403a_407_crm.o(.text.crm_periph_clock_enable)
    crm_pll_config                           0x080016d1   Thumb Code    80  at32f403a_407_crm.o(.text.crm_pll_config)
    crm_reset                                0x08001721   Thumb Code    56  at32f403a_407_crm.o(.text.crm_reset)
    crm_sysclk_switch                        0x08001761   Thumb Code    52  at32f403a_407_crm.o(.text.crm_sysclk_switch)
    crm_sysclk_switch_status_get             0x08001795   Thumb Code    12  at32f403a_407_crm.o(.text.crm_sysclk_switch_status_get)
    eMBASCIIInit                             0x080017a5   Thumb Code    48  mbascii.o(.text.eMBASCIIInit)
    eMBASCIIReceive                          0x080017d5   Thumb Code    80  mbascii.o(.text.eMBASCIIReceive)
    eMBASCIISend                             0x08001855   Thumb Code    68  mbascii.o(.text.eMBASCIISend)
    eMBASCIIStart                            0x0800189d   Thumb Code    32  mbascii.o(.text.eMBASCIIStart)
    eMBASCIIStop                             0x080018c1   Thumb Code    20  mbascii.o(.text.eMBASCIIStop)
    eMBEnable                                0x080018d5   Thumb Code    28  mb.o(.text.eMBEnable)
    eMBFuncReadCoils                         0x080018f9   Thumb Code   112  mbfunccoils.o(.text.eMBFuncReadCoils)
    eMBFuncReadDiscreteInputs                0x08001969   Thumb Code   112  mbfuncdisc.o(.text.eMBFuncReadDiscreteInputs)
    eMBFuncReadHoldingRegister               0x080019d9   Thumb Code    92  mbfuncholding.o(.text.eMBFuncReadHoldingRegister)
    eMBFuncReadInputRegister                 0x08001a35   Thumb Code   102  mbfuncinput.o(.text.eMBFuncReadInputRegister)
    eMBFuncReadWriteMultipleHoldingRegister  0x08001a9b   Thumb Code   164  mbfuncholding.o(.text.eMBFuncReadWriteMultipleHoldingRegister)
    eMBFuncReportSlaveID                     0x08001b41   Thumb Code    28  mbfuncother.o(.text.eMBFuncReportSlaveID)
    eMBFuncWriteCoil                         0x08001b61   Thumb Code    84  mbfunccoils.o(.text.eMBFuncWriteCoil)
    eMBFuncWriteHoldingRegister              0x08001bb5   Thumb Code    50  mbfuncholding.o(.text.eMBFuncWriteHoldingRegister)
    eMBFuncWriteMultipleCoils                0x08001be7   Thumb Code   100  mbfunccoils.o(.text.eMBFuncWriteMultipleCoils)
    eMBFuncWriteMultipleHoldingRegister      0x08001c4b   Thumb Code    88  mbfuncholding.o(.text.eMBFuncWriteMultipleHoldingRegister)
    eMBInit                                  0x08001ca5   Thumb Code   160  mb.o(.text.eMBInit)
    eMBPoll                                  0x08001d7d   Thumb Code   160  mb.o(.text.eMBPoll)
    eMBRTUInit                               0x08001e29   Thumb Code    60  mbrtu.o(.text.eMBRTUInit)
    eMBRTUReceive                            0x08001e69   Thumb Code    80  mbrtu.o(.text.eMBRTUReceive)
    eMBRTUSend                               0x08001ee9   Thumb Code    80  mbrtu.o(.text.eMBRTUSend)
    eMBRTUStart                              0x08001f3d   Thumb Code    28  mbrtu.o(.text.eMBRTUStart)
    eMBRTUStop                               0x08001f5d   Thumb Code    20  mbrtu.o(.text.eMBRTUStop)
    eMBRegCoilsCB                            0x08001f71   Thumb Code   108  mb_task.o(.text.eMBRegCoilsCB)
    eMBRegDiscreteCB                         0x08001fe1   Thumb Code    64  mb_task.o(.text.eMBRegDiscreteCB)
    eMBRegHoldingCB                          0x08002025   Thumb Code    80  mb_task.o(.text.eMBRegHoldingCB)
    eMBRegInputCB                            0x08002079   Thumb Code    44  mb_task.o(.text.eMBRegInputCB)
    fputc                                    0x080020a9   Thumb Code    20  drv_uart.o(.text.fputc)
    gpio_bits_reset                          0x080020c1   Thumb Code     4  at32f403a_407_gpio.o(.text.gpio_bits_reset)
    gpio_default_para_init                   0x080020c5   Thumb Code    12  at32f403a_407_gpio.o(.text.gpio_default_para_init)
    gpio_init                                0x080020d5   Thumb Code   168  at32f403a_407_gpio.o(.text.gpio_init)
    gpio_pin_remap_config                    0x0800217d   Thumb Code    56  at32f403a_407_gpio.o(.text.gpio_pin_remap_config)
    main                                     0x080021b9   Thumb Code    42  main.o(.text.main)
    modbus_build_init                        0x080021e5   Thumb Code    44  mb_task.o(.text.modbus_build_init)
    nvic_irq_disable                         0x08002221   Thumb Code    32  at32f403a_407_misc.o(.text.nvic_irq_disable)
    nvic_irq_enable                          0x08002245   Thumb Code    92  at32f403a_407_misc.o(.text.nvic_irq_enable)
    nvic_priority_group_config               0x080022a5   Thumb Code    24  at32f403a_407_misc.o(.text.nvic_priority_group_config)
    prveMBError2Exception                    0x080022c5   Thumb Code    22  mbutils.o(.text.prveMBError2Exception)
    system_core_clock_update                 0x0800231d   Thumb Code   124  system_at32f403a_407.o(.text.system_core_clock_update)
    systick_clock_source_config              0x080023bd   Thumb Code    20  at32f403a_407_misc.o(.text.systick_clock_source_config)
    tmr_base_init                            0x080023d5   Thumb Code    14  at32f403a_407_tmr.o(.text.tmr_base_init)
    tmr_cnt_dir_set                          0x080023e3   Thumb Code    18  at32f403a_407_tmr.o(.text.tmr_cnt_dir_set)
    tmr_counter_enable                       0x080023f5   Thumb Code    10  at32f403a_407_tmr.o(.text.tmr_counter_enable)
    tmr_counter_value_set                    0x080023ff   Thumb Code     4  at32f403a_407_tmr.o(.text.tmr_counter_value_set)
    tmr_flag_clear                           0x08002403   Thumb Code     6  at32f403a_407_tmr.o(.text.tmr_flag_clear)
    tmr_flag_get                             0x08002409   Thumb Code    10  at32f403a_407_tmr.o(.text.tmr_flag_get)
    tmr_interrupt_enable                     0x08002413   Thumb Code    22  at32f403a_407_tmr.o(.text.tmr_interrupt_enable)
    tmr_interrupt_flag_get                   0x08002429   Thumb Code    20  at32f403a_407_tmr.o(.text.tmr_interrupt_flag_get)
    tmr_period_buffer_enable                 0x0800243d   Thumb Code    18  at32f403a_407_tmr.o(.text.tmr_period_buffer_enable)
    tmr_primary_mode_select                  0x0800244f   Thumb Code    18  at32f403a_407_tmr.o(.text.tmr_primary_mode_select)
    usMBCRC16                                0x08002461   Thumb Code    40  mbcrc.o(.text.usMBCRC16)
    usart_data_receive                       0x08002491   Thumb Code     6  at32f403a_407_usart.o(.text.usart_data_receive)
    usart_data_transmit                      0x08002497   Thumb Code     8  at32f403a_407_usart.o(.text.usart_data_transmit)
    usart_enable                             0x0800249f   Thumb Code    18  at32f403a_407_usart.o(.text.usart_enable)
    usart_flag_clear                         0x080024b1   Thumb Code    14  at32f403a_407_usart.o(.text.usart_flag_clear)
    usart_flag_get                           0x080024bf   Thumb Code    10  at32f403a_407_usart.o(.text.usart_flag_get)
    usart_hardware_flow_control_set          0x080024c9   Thumb Code    62  at32f403a_407_usart.o(.text.usart_hardware_flow_control_set)
    usart_init                               0x08002509   Thumb Code   128  at32f403a_407_usart.o(.text.usart_init)
    usart_interrupt_enable                   0x08002591   Thumb Code    28  at32f403a_407_usart.o(.text.usart_interrupt_enable)
    usart_interrupt_flag_get                 0x080025ad   Thumb Code   112  at32f403a_407_usart.o(.text.usart_interrupt_flag_get)
    usart_parity_selection_config            0x0800261d   Thumb Code    52  at32f403a_407_usart.o(.text.usart_parity_selection_config)
    usart_receiver_enable                    0x08002651   Thumb Code    18  at32f403a_407_usart.o(.text.usart_receiver_enable)
    usart_transmitter_enable                 0x08002663   Thumb Code    18  at32f403a_407_usart.o(.text.usart_transmitter_enable)
    usart_write_block                        0x08002675   Thumb Code    68  drv_uart.o(.text.usart_write_block)
    vMBPortSerialEnable                      0x080026b9   Thumb Code    44  portserial.o(.text.vMBPortSerialEnable)
    vMBPortTimersDisable                     0x080026e5   Thumb Code    36  porttimer.o(.text.vMBPortTimersDisable)
    vMBPortTimersEnable                      0x08002709   Thumb Code    36  porttimer.o(.text.vMBPortTimersEnable)
    vUSARTHandler                            0x0800272d   Thumb Code    60  portserial.o(.text.vUSARTHandler)
    wk_debug_config                          0x08002775   Thumb Code     8  wk_debug.o(.text.wk_debug_config)
    wk_gpio_config                           0x08002781   Thumb Code    76  wk_gpio.o(.text.wk_gpio_config)
    wk_nvic_config                           0x080027d5   Thumb Code   104  at32f403a_407_wk_config.o(.text.wk_nvic_config)
    wk_periph_clock_config                   0x08002841   Thumb Code    52  at32f403a_407_wk_config.o(.text.wk_periph_clock_config)
    wk_system_clock_config                   0x08002881   Thumb Code   132  at32f403a_407_wk_config.o(.text.wk_system_clock_config)
    wk_timebase_init                         0x08002909   Thumb Code    52  wk_system.o(.text.wk_timebase_init)
    wk_tmr6_init                             0x08002949   Thumb Code    64  wk_tmr.o(.text.wk_tmr6_init)
    wk_usart1_init                           0x0800298d   Thumb Code   120  wk_usart.o(.text.wk_usart1_init)
    xMBASCIIReceiveFSM                       0x08002a0d   Thumb Code   244  mbascii.o(.text.xMBASCIIReceiveFSM)
    xMBASCIITimerT1SExpired                  0x08002b21   Thumb Code    52  mbascii.o(.text.xMBASCIITimerT1SExpired)
    xMBASCIITransmitFSM                      0x08002b59   Thumb Code   180  mbascii.o(.text.xMBASCIITransmitFSM)
    xMBPortEventGet                          0x08002c31   Thumb Code    24  portevent.o(.text.xMBPortEventGet)
    xMBPortEventInit                         0x08002c49   Thumb Code    12  portevent.o(.text.xMBPortEventInit)
    xMBPortEventPost                         0x08002c55   Thumb Code    12  portevent.o(.text.xMBPortEventPost)
    xMBPortSerialGetByte                     0x08002c65   Thumb Code    16  portserial.o(.text.xMBPortSerialGetByte)
    xMBPortSerialInit                        0x08002c75   Thumb Code   140  portserial.o(.text.xMBPortSerialInit)
    xMBPortSerialPutByte                     0x08002d11   Thumb Code    16  portserial.o(.text.xMBPortSerialPutByte)
    xMBPortTimersInit                        0x08002d25   Thumb Code    96  porttimer.o(.text.xMBPortTimersInit)
    xMBRTUReceiveFSM                         0x08002d8d   Thumb Code    96  mbrtu.o(.text.xMBRTUReceiveFSM)
    xMBRTUTimerT35Expired                    0x08002e11   Thumb Code    72  mbrtu.o(.text.xMBRTUTimerT35Expired)
    xMBRTUTransmitFSM                        0x08002e5d   Thumb Code    92  mbrtu.o(.text.xMBRTUTransmitFSM)
    xMBUtilGetBits                           0x08002edd   Thumb Code    24  mbutils.o(.text.xMBUtilGetBits)
    xMBUtilSetBits                           0x08002ef5   Thumb Code    64  mbutils.o(.text.xMBUtilSetBits)
    _is_digit                                0x08002f79   Thumb Code    14  __printf_wp.o(i._is_digit)
    _get_lc_ctype                            0x08002f89   Thumb Code    44  lc_ctype_c.o(locale$$code)
    _fp_init                                 0x08002fb5   Thumb Code    26  fpinit.o(x$fpl$fpinit)
    __fplib_config_fpu_vfp                   0x08002fcd   Thumb Code     0  fpinit.o(x$fpl$fpinit)
    __fplib_config_pureend_doubles           0x08002fcd   Thumb Code     0  fpinit.o(x$fpl$fpinit)
    __stdin_name                             0x08003011   Data           4  sys_io_names.o(.constdata)
    __stdout_name                            0x08003015   Data           4  sys_io_names.o(.constdata)
    __stderr_name                            0x08003019   Data           4  sys_io_names.o(.constdata)
    Region$$Table$$Base                      0x080033b0   Number         0  anon$$obj.o(Region$$Table)
    Region$$Table$$Limit                     0x080033d0   Number         0  anon$$obj.o(Region$$Table)
    __ctype                                  0x080033dd   Data           0  lc_ctype_c.o(locale$$data)
    __aeabi_stdin                            0x20000000   Data           4  stdio_streams.o(.data)
    __aeabi_stdout                           0x20000004   Data           4  stdio_streams.o(.data)
    __aeabi_stderr                           0x20000008   Data           4  stdio_streams.o(.data)
    system_core_clock                        0x20000010   Data           4  system_at32f403a_407.o(.data.system_core_clock)
    __stdin                                  0x200000b8   Data          84  stdio_streams.o(.bss)
    __stdout                                 0x2000010c   Data          84  stdio_streams.o(.bss)
    __stderr                                 0x20000160   Data          84  stdio_streams.o(.bss)
    __libspace_start                         0x200001b4   Data          96  libspace.o(.bss)
    __temporary_stack_top$libspace           0x20000214   Data           0  libspace.o(.bss)
    pxMBFrameCBByteReceived                  0x20000268   Data           4  mb.o(.bss..L_MergedGlobals)
    pxMBFrameCBTransmitterEmpty              0x2000026c   Data           4  mb.o(.bss..L_MergedGlobals)
    pxMBPortCBTimerExpired                   0x20000270   Data           4  mb.o(.bss..L_MergedGlobals)
    serial_1_rx_handler                      0x2000027c   Data          16  drv_uart.o(.bss.serial_1_rx_handler)
    ticks_count_us                           0x2000028c   Data           4  wk_system.o(.bss.ticks_count_us)
    ucRTUBuf                                 0x20000290   Data         256  mbrtu.o(.bss.ucRTUBuf)



==============================================================================

Memory Map of the image

  Image Entry point : 0x08000185

  Load Region LR_IROM1 (Base: 0x08000000, Size: 0x00003598, Max: 0x00100000, ABSOLUTE)

    Execution Region ER_IROM1 (Exec base: 0x08000000, Load base: 0x08000000, Size: 0x000034e0, Max: 0x00100000, ABSOLUTE)

    Exec Addr    Load Addr    Size         Type   Attr      Idx    E Section Name        Object

    0x08000000   0x08000000   0x00000184   Data   RO         1373    RESET               startup_at32f403a_407.o
    0x08000184   0x08000184   0x00000008   Code   RO         1777  * !!!main             c_w.l(__main.o)
    0x0800018c   0x0800018c   0x00000034   Code   RO         2129    !!!scatter          c_w.l(__scatter.o)
    0x080001c0   0x080001c0   0x0000001a   Code   RO         2131    !!handler_copy      c_w.l(__scatter_copy.o)
    0x080001da   0x080001da   0x00000002   PAD
    0x080001dc   0x080001dc   0x0000001c   Code   RO         2133    !!handler_zi        c_w.l(__scatter_zi.o)
    0x080001f8   0x080001f8   0x00000000   Code   RO         1763    .ARM.Collect$$_printf_percent$$00000000  c_w.l(_printf_percent.o)
    0x080001f8   0x080001f8   0x00000006   Code   RO         1760    .ARM.Collect$$_printf_percent$$00000008  c_w.l(_printf_i.o)
    0x080001fe   0x080001fe   0x00000006   Code   RO         1761    .ARM.Collect$$_printf_percent$$00000009  c_w.l(_printf_d.o)
    0x08000204   0x08000204   0x00000006   Code   RO         1762    .ARM.Collect$$_printf_percent$$0000000A  c_w.l(_printf_u.o)
    0x0800020a   0x0800020a   0x00000006   Code   RO         1759    .ARM.Collect$$_printf_percent$$0000000B  c_w.l(_printf_o.o)
    0x08000210   0x08000210   0x00000006   Code   RO         1758    .ARM.Collect$$_printf_percent$$0000000C  c_w.l(_printf_x.o)
    0x08000216   0x08000216   0x0000000a   Code   RO         1789    .ARM.Collect$$_printf_percent$$00000012  c_w.l(_printf_l.o)
    0x08000220   0x08000220   0x00000006   Code   RO         1757    .ARM.Collect$$_printf_percent$$00000013  c_w.l(_printf_c.o)
    0x08000226   0x08000226   0x00000006   Code   RO         1764    .ARM.Collect$$_printf_percent$$00000015  c_w.l(_printf_lc.o)
    0x0800022c   0x0800022c   0x00000004   Code   RO         1788    .ARM.Collect$$_printf_percent$$00000017  c_w.l(_printf_percent_end.o)
    0x08000230   0x08000230   0x00000002   Code   RO         1947    .ARM.Collect$$libinit$$00000000  c_w.l(libinit.o)
    0x08000232   0x08000232   0x00000004   Code   RO         1948    .ARM.Collect$$libinit$$00000001  c_w.l(libinit2.o)
    0x08000236   0x08000236   0x00000000   Code   RO         1951    .ARM.Collect$$libinit$$00000004  c_w.l(libinit2.o)
    0x08000236   0x08000236   0x00000008   Code   RO         1952    .ARM.Collect$$libinit$$00000005  c_w.l(libinit2.o)
    0x0800023e   0x0800023e   0x00000000   Code   RO         1954    .ARM.Collect$$libinit$$0000000A  c_w.l(libinit2.o)
    0x0800023e   0x0800023e   0x00000000   Code   RO         1956    .ARM.Collect$$libinit$$0000000C  c_w.l(libinit2.o)
    0x0800023e   0x0800023e   0x00000000   Code   RO         1958    .ARM.Collect$$libinit$$0000000E  c_w.l(libinit2.o)
    0x0800023e   0x0800023e   0x00000006   Code   RO         1959    .ARM.Collect$$libinit$$0000000F  c_w.l(libinit2.o)
    0x08000244   0x08000244   0x00000000   Code   RO         1961    .ARM.Collect$$libinit$$00000011  c_w.l(libinit2.o)
    0x08000244   0x08000244   0x0000000c   Code   RO         1962    .ARM.Collect$$libinit$$00000012  c_w.l(libinit2.o)
    0x08000250   0x08000250   0x00000000   Code   RO         1963    .ARM.Collect$$libinit$$00000013  c_w.l(libinit2.o)
    0x08000250   0x08000250   0x00000000   Code   RO         1965    .ARM.Collect$$libinit$$00000015  c_w.l(libinit2.o)
    0x08000250   0x08000250   0x00000000   Code   RO         1967    .ARM.Collect$$libinit$$00000017  c_w.l(libinit2.o)
    0x08000250   0x08000250   0x00000000   Code   RO         1969    .ARM.Collect$$libinit$$00000019  c_w.l(libinit2.o)
    0x08000250   0x08000250   0x00000000   Code   RO         1971    .ARM.Collect$$libinit$$0000001B  c_w.l(libinit2.o)
    0x08000250   0x08000250   0x00000000   Code   RO         1973    .ARM.Collect$$libinit$$0000001D  c_w.l(libinit2.o)
    0x08000250   0x08000250   0x00000000   Code   RO         1975    .ARM.Collect$$libinit$$0000001F  c_w.l(libinit2.o)
    0x08000250   0x08000250   0x00000000   Code   RO         1977    .ARM.Collect$$libinit$$00000021  c_w.l(libinit2.o)
    0x08000250   0x08000250   0x00000000   Code   RO         1979    .ARM.Collect$$libinit$$00000023  c_w.l(libinit2.o)
    0x08000250   0x08000250   0x00000004   Code   RO         1980    .ARM.Collect$$libinit$$00000024  c_w.l(libinit2.o)
    0x08000254   0x08000254   0x00000000   Code   RO         1981    .ARM.Collect$$libinit$$00000025  c_w.l(libinit2.o)
    0x08000254   0x08000254   0x00000000   Code   RO         1985    .ARM.Collect$$libinit$$0000002C  c_w.l(libinit2.o)
    0x08000254   0x08000254   0x00000000   Code   RO         1987    .ARM.Collect$$libinit$$0000002E  c_w.l(libinit2.o)
    0x08000254   0x08000254   0x00000000   Code   RO         1989    .ARM.Collect$$libinit$$00000030  c_w.l(libinit2.o)
    0x08000254   0x08000254   0x00000000   Code   RO         1991    .ARM.Collect$$libinit$$00000032  c_w.l(libinit2.o)
    0x08000254   0x08000254   0x00000002   Code   RO         1992    .ARM.Collect$$libinit$$00000033  c_w.l(libinit2.o)
    0x08000256   0x08000256   0x00000002   Code   RO         2122    .ARM.Collect$$libshutdown$$00000000  c_w.l(libshutdown.o)
    0x08000258   0x08000258   0x00000000   Code   RO         1994    .ARM.Collect$$libshutdown$$00000002  c_w.l(libshutdown2.o)
    0x08000258   0x08000258   0x00000004   Code   RO         1995    .ARM.Collect$$libshutdown$$00000003  c_w.l(libshutdown2.o)
    0x0800025c   0x0800025c   0x00000000   Code   RO         1996    .ARM.Collect$$libshutdown$$00000004  c_w.l(libshutdown2.o)
    0x0800025c   0x0800025c   0x00000000   Code   RO         1999    .ARM.Collect$$libshutdown$$00000007  c_w.l(libshutdown2.o)
    0x0800025c   0x0800025c   0x00000000   Code   RO         2002    .ARM.Collect$$libshutdown$$0000000A  c_w.l(libshutdown2.o)
    0x0800025c   0x0800025c   0x00000000   Code   RO         2004    .ARM.Collect$$libshutdown$$0000000C  c_w.l(libshutdown2.o)
    0x0800025c   0x0800025c   0x00000000   Code   RO         2007    .ARM.Collect$$libshutdown$$0000000F  c_w.l(libshutdown2.o)
    0x0800025c   0x0800025c   0x00000002   Code   RO         2008    .ARM.Collect$$libshutdown$$00000010  c_w.l(libshutdown2.o)
    0x0800025e   0x0800025e   0x00000000   Code   RO         1779    .ARM.Collect$$rtentry$$00000000  c_w.l(__rtentry.o)
    0x0800025e   0x0800025e   0x00000000   Code   RO         1813    .ARM.Collect$$rtentry$$00000002  c_w.l(__rtentry2.o)
    0x0800025e   0x0800025e   0x00000006   Code   RO         1825    .ARM.Collect$$rtentry$$00000004  c_w.l(__rtentry4.o)
    0x08000264   0x08000264   0x00000000   Code   RO         1815    .ARM.Collect$$rtentry$$00000009  c_w.l(__rtentry2.o)
    0x08000264   0x08000264   0x00000004   Code   RO         1816    .ARM.Collect$$rtentry$$0000000A  c_w.l(__rtentry2.o)
    0x08000268   0x08000268   0x00000000   Code   RO         1818    .ARM.Collect$$rtentry$$0000000C  c_w.l(__rtentry2.o)
    0x08000268   0x08000268   0x00000008   Code   RO         1819    .ARM.Collect$$rtentry$$0000000D  c_w.l(__rtentry2.o)
    0x08000270   0x08000270   0x00000002   Code   RO         2016    .ARM.Collect$$rtexit$$00000000  c_w.l(rtexit.o)
    0x08000272   0x08000272   0x00000000   Code   RO         2058    .ARM.Collect$$rtexit$$00000002  c_w.l(rtexit2.o)
    0x08000272   0x08000272   0x00000004   Code   RO         2059    .ARM.Collect$$rtexit$$00000003  c_w.l(rtexit2.o)
    0x08000276   0x08000276   0x00000006   Code   RO         2060    .ARM.Collect$$rtexit$$00000004  c_w.l(rtexit2.o)
    0x0800027c   0x0800027c   0x00000040   Code   RO         1374    .text               startup_at32f403a_407.o
    0x080002bc   0x080002bc   0x00000018   Code   RO         1695    .text               c_w.l(noretval__2printf.o)
    0x080002d4   0x080002d4   0x0000004e   Code   RO         1699    .text               c_w.l(_printf_pad.o)
    0x08000322   0x08000322   0x00000024   Code   RO         1701    .text               c_w.l(_printf_truncate.o)
    0x08000346   0x08000346   0x00000052   Code   RO         1703    .text               c_w.l(_printf_str.o)
    0x08000398   0x08000398   0x00000078   Code   RO         1705    .text               c_w.l(_printf_dec.o)
    0x08000410   0x08000410   0x000000bc   Code   RO         1707    .text               c_w.l(_printf_wctomb.o)
    0x080004cc   0x080004cc   0x00000054   Code   RO         1712    .text               c_w.l(_printf_oct_int.o)
    0x08000520   0x08000520   0x00000058   Code   RO         1719    .text               c_w.l(_printf_hex_int.o)
    0x08000578   0x08000578   0x00000188   Code   RO         1754    .text               c_w.l(__printf_flags_ss_wp.o)
    0x08000700   0x08000700   0x0000002c   Code   RO         1765    .text               c_w.l(puts.o)
    0x0800072c   0x0800072c   0x00000080   Code   RO         1767    .text               c_w.l(assert.o)
    0x080007ac   0x080007ac   0x0000008a   Code   RO         1769    .text               c_w.l(rt_memcpy_v6.o)
    0x08000836   0x08000836   0x0000004e   Code   RO         1771    .text               c_w.l(rt_memclr_w.o)
    0x08000884   0x08000884   0x00000004   PAD
    0x08000888   0x08000888   0x0000007c   Code   RO         1773    .text               c_w.l(strcmpv7em.o)
    0x08000904   0x08000904   0x00000006   Code   RO         1775    .text               c_w.l(heapauxi.o)
    0x0800090a   0x0800090a   0x000000b2   Code   RO         1780    .text               c_w.l(_printf_intcommon.o)
    0x080009bc   0x080009bc   0x0000002c   Code   RO         1782    .text               c_w.l(_printf_char.o)
    0x080009e8   0x080009e8   0x00000024   Code   RO         1784    .text               c_w.l(_printf_char_file.o)
    0x08000a0c   0x08000a0c   0x0000002c   Code   RO         1786    .text               c_w.l(_printf_wchar.o)
    0x08000a38   0x08000a38   0x00000048   Code   RO         1796    .text               c_w.l(_c16rtomb.o)
    0x08000a80   0x08000a80   0x00000016   Code   RO         1798    .text               c_w.l(abort.o)
    0x08000a96   0x08000a96   0x00000014   Code   RO         1800    .text               c_w.l(assert_puts.o)
    0x08000aaa   0x08000aaa   0x00000064   Code   RO         1802    .text               c_w.l(rt_memcpy_w.o)
    0x08000b0e   0x08000b0e   0x0000000e   Code   RO         1804    .text               c_w.l(sys_wrch.o)
    0x08000b1c   0x08000b1c   0x0000000c   Code   RO         1806    .text               c_w.l(sys_exit.o)
    0x08000b28   0x08000b28   0x00000010   Code   RO         1827    .text               c_w.l(rt_ctype_table.o)
    0x08000b38   0x08000b38   0x00000030   Code   RO         1829    .text               c_w.l(_printf_char_common.o)
    0x08000b68   0x08000b68   0x00000008   Code   RO         1831    .text               c_w.l(ferror.o)
    0x08000b70   0x08000b70   0x00000138   Code   RO         1833    .text               c_w.l(initio.o)
    0x08000ca8   0x08000ca8   0x0000000e   Code   RO         1839    .text               c_w.l(defsig_abrt_outer.o)
    0x08000cb6   0x08000cb6   0x00000002   Code   RO         1846    .text               c_w.l(use_no_semi.o)
    0x08000cb8   0x08000cb8   0x00000000   Code   RO         1850    .text               c_w.l(indicate_semi.o)
    0x08000cb8   0x08000cb8   0x0000004a   Code   RO         1851    .text               c_w.l(sys_stackheap_outer.o)
    0x08000d02   0x08000d02   0x00000002   PAD
    0x08000d04   0x08000d04   0x00000008   Code   RO         1858    .text               c_w.l(rt_locale_intlibspace.o)
    0x08000d0c   0x08000d0c   0x0000004e   Code   RO         1862    .text               c_w.l(h1_free.o)
    0x08000d5a   0x08000d5a   0x00000046   Code   RO         1918    .text               c_w.l(setvbuf.o)
    0x08000da0   0x08000da0   0x000000f0   Code   RO         1921    .text               c_w.l(fopen.o)
    0x08000e90   0x08000e90   0x0000004c   Code   RO         1923    .text               c_w.l(fclose.o)
    0x08000edc   0x08000edc   0x00000012   Code   RO         1932    .text               c_w.l(exit.o)
    0x08000eee   0x08000eee   0x0000000a   Code   RO         1934    .text               c_w.l(defsig_exit.o)
    0x08000ef8   0x08000ef8   0x00000030   Code   RO         1936    .text               c_w.l(defsig_abrt_inner.o)
    0x08000f28   0x08000f28   0x0000000e   Code   RO         1938    .text               c_w.l(defsig_rtred_outer.o)
    0x08000f36   0x08000f36   0x00000066   Code   RO         2009    .text               c_w.l(sys_io.o)
    0x08000f9c   0x08000f9c   0x00000008   Code   RO         2013    .text               c_w.l(libspace.o)
    0x08000fa4   0x08000fa4   0x00000008   Code   RO         2021    .text               c_w.l(rt_heap_descriptor_intlibspace.o)
    0x08000fac   0x08000fac   0x00000004   Code   RO         2023    .text               c_w.l(hguard.o)
    0x08000fb0   0x08000fb0   0x0000008a   Code   RO         2025    .text               c_w.l(init_alloc.o)
    0x0800103a   0x0800103a   0x0000005e   Code   RO         2031    .text               c_w.l(h1_alloc.o)
    0x08001098   0x08001098   0x000000f8   Code   RO         2043    .text               c_w.l(fseek.o)
    0x08001190   0x08001190   0x000000f0   Code   RO         2045    .text               c_w.l(stdio.o)
    0x08001280   0x08001280   0x00000032   Code   RO         2049    .text               c_w.l(defsig_general.o)
    0x080012b2   0x080012b2   0x00000002   PAD
    0x080012b4   0x080012b4   0x00000034   Code   RO         2051    .text               c_w.l(defsig_rtred_inner.o)
    0x080012e8   0x080012e8   0x00000000   Code   RO         2064    .text               c_w.l(maybetermalloc1.o)
    0x080012e8   0x080012e8   0x0000000e   Code   RO         2066    .text               c_w.l(h1_init.o)
    0x080012f6   0x080012f6   0x00000034   Code   RO         2068    .text               c_w.l(h1_extend.o)
    0x0800132a   0x0800132a   0x00000042   Code   RO         2074    .text               c_w.l(ftell.o)
    0x0800136c   0x0800136c   0x0000000e   Code   RO         2076    .text               c_w.l(defsig_rtmem_outer.o)
    0x0800137a   0x0800137a   0x0000003e   Code   RO         2082    .text               c_w.l(strlen.o)
    0x080013b8   0x080013b8   0x00000008   Code   RO         2100    .text               c_w.l(rt_errno_addr_intlibspace.o)
    0x080013c0   0x080013c0   0x00000050   Code   RO         2108    .text               c_w.l(defsig_rtmem_inner.o)
    0x08001410   0x08001410   0x00000002   Code   RO           33    .text.BusFault_Handler  at32f403a_407_int.o
    0x08001412   0x08001412   0x00000002   Code   RO           39    .text.DebugMon_Handler  at32f403a_407_int.o
    0x08001414   0x08001414   0x00000002   Code   RO           29    .text.HardFault_Handler  at32f403a_407_int.o
    0x08001416   0x08001416   0x00000002   Code   RO           31    .text.MemManage_Handler  at32f403a_407_int.o
    0x08001418   0x08001418   0x00000002   Code   RO           27    .text.NMI_Handler   at32f403a_407_int.o
    0x0800141a   0x0800141a   0x00000006   Code   RO           17    .text.OUTLINED_FUNCTION_0  at32f403a_407_wk_config.o
    0x08001420   0x08001420   0x00000012   Code   RO         1453    .text.OUTLINED_FUNCTION_0  mb_task.o
    0x08001432   0x08001432   0x0000000a   Code   RO         1680    .text.OUTLINED_FUNCTION_0  porttimer.o
    0x0800143c   0x0800143c   0x0000000a   Code   RO         1682    .text.OUTLINED_FUNCTION_1  porttimer.o
    0x08001446   0x08001446   0x00000002   Code   RO           41    .text.PendSV_Handler  at32f403a_407_int.o
    0x08001448   0x08001448   0x00000002   Code   RO           37    .text.SVC_Handler   at32f403a_407_int.o
    0x0800144a   0x0800144a   0x00000002   Code   RO           43    .text.SysTick_Handler  at32f403a_407_int.o
    0x0800144c   0x0800144c   0x00000050   Code   RO         1381    .text.SystemInit    system_at32f403a_407.o
    0x0800149c   0x0800149c   0x00000024   Code   RO         1678    .text.TMR2_GLOBAL_IRQHandler  porttimer.o
    0x080014c0   0x080014c0   0x00000040   Code   RO         1394    .text.TMR6_GLOBAL_IRQHandler  drv_uart.o
    0x08001500   0x08001500   0x00000004   Code   RO         1662    .text.USART1_IRQHandler  portserial.o
    0x08001504   0x08001504   0x00000002   Code   RO           35    .text.UsageFault_Handler  at32f403a_407_int.o
    0x08001506   0x08001506   0x00000002   PAD
    0x08001508   0x08001508   0x00000014   Code   RO          160    .text.crm_ahb_div_set  at32f403a_407_crm.o
    0x0800151c   0x0800151c   0x00000014   Code   RO          162    .text.crm_apb1_div_set  at32f403a_407_crm.o
    0x08001530   0x08001530   0x00000014   Code   RO          164    .text.crm_apb2_div_set  at32f403a_407_crm.o
    0x08001544   0x08001544   0x00000018   Code   RO          186    .text.crm_auto_step_mode_enable  at32f403a_407_crm.o
    0x0800155c   0x0800155c   0x00000058   Code   RO          152    .text.crm_clock_source_enable  at32f403a_407_crm.o
    0x080015b4   0x080015b4   0x000000d0   Code   RO          180    .text.crm_clocks_freq_get  at32f403a_407_crm.o
    0x08001684   0x08001684   0x00000014   Code   RO          136    .text.crm_flag_get  at32f403a_407_crm.o
    0x08001698   0x08001698   0x0000001c   Code   RO          140    .text.crm_hext_stable_wait  at32f403a_407_crm.o
    0x080016b4   0x080016b4   0x0000001c   Code   RO          146    .text.crm_periph_clock_enable  at32f403a_407_crm.o
    0x080016d0   0x080016d0   0x00000050   Code   RO          174    .text.crm_pll_config  at32f403a_407_crm.o
    0x08001720   0x08001720   0x00000040   Code   RO          130    .text.crm_reset     at32f403a_407_crm.o
    0x08001760   0x08001760   0x00000034   Code   RO          176    .text.crm_sysclk_switch  at32f403a_407_crm.o
    0x08001794   0x08001794   0x00000010   Code   RO          178    .text.crm_sysclk_switch_status_get  at32f403a_407_crm.o
    0x080017a4   0x080017a4   0x00000030   Code   RO         1468    .text.eMBASCIIInit  mbascii.o
    0x080017d4   0x080017d4   0x00000080   Code   RO         1474    .text.eMBASCIIReceive  mbascii.o
    0x08001854   0x08001854   0x00000048   Code   RO         1478    .text.eMBASCIISend  mbascii.o
    0x0800189c   0x0800189c   0x00000024   Code   RO         1470    .text.eMBASCIIStart  mbascii.o
    0x080018c0   0x080018c0   0x00000014   Code   RO         1472    .text.eMBASCIIStop  mbascii.o
    0x080018d4   0x080018d4   0x00000024   Code   RO         1618    .text.eMBEnable     mb.o
    0x080018f8   0x080018f8   0x00000070   Code   RO         1498    .text.eMBFuncReadCoils  mbfunccoils.o
    0x08001968   0x08001968   0x00000070   Code   RO         1513    .text.eMBFuncReadDiscreteInputs  mbfuncdisc.o
    0x080019d8   0x080019d8   0x0000005c   Code   RO         1526    .text.eMBFuncReadHoldingRegister  mbfuncholding.o
    0x08001a34   0x08001a34   0x00000066   Code   RO         1538    .text.eMBFuncReadInputRegister  mbfuncinput.o
    0x08001a9a   0x08001a9a   0x000000a4   Code   RO         1528    .text.eMBFuncReadWriteMultipleHoldingRegister  mbfuncholding.o
    0x08001b3e   0x08001b3e   0x00000002   PAD
    0x08001b40   0x08001b40   0x00000020   Code   RO         1549    .text.eMBFuncReportSlaveID  mbfuncother.o
    0x08001b60   0x08001b60   0x00000054   Code   RO         1500    .text.eMBFuncWriteCoil  mbfunccoils.o
    0x08001bb4   0x08001bb4   0x00000032   Code   RO         1522    .text.eMBFuncWriteHoldingRegister  mbfuncholding.o
    0x08001be6   0x08001be6   0x00000064   Code   RO         1502    .text.eMBFuncWriteMultipleCoils  mbfunccoils.o
    0x08001c4a   0x08001c4a   0x00000058   Code   RO         1524    .text.eMBFuncWriteMultipleHoldingRegister  mbfuncholding.o
    0x08001ca2   0x08001ca2   0x00000002   PAD
    0x08001ca4   0x08001ca4   0x000000d8   Code   RO         1612    .text.eMBInit       mb.o
    0x08001d7c   0x08001d7c   0x000000ac   Code   RO         1622    .text.eMBPoll       mb.o
    0x08001e28   0x08001e28   0x00000040   Code   RO         1585    .text.eMBRTUInit    mbrtu.o
    0x08001e68   0x08001e68   0x00000080   Code   RO         1591    .text.eMBRTUReceive  mbrtu.o
    0x08001ee8   0x08001ee8   0x00000054   Code   RO         1593    .text.eMBRTUSend    mbrtu.o
    0x08001f3c   0x08001f3c   0x00000020   Code   RO         1587    .text.eMBRTUStart   mbrtu.o
    0x08001f5c   0x08001f5c   0x00000014   Code   RO         1589    .text.eMBRTUStop    mbrtu.o
    0x08001f70   0x08001f70   0x00000070   Code   RO         1449    .text.eMBRegCoilsCB  mb_task.o
    0x08001fe0   0x08001fe0   0x00000044   Code   RO         1451    .text.eMBRegDiscreteCB  mb_task.o
    0x08002024   0x08002024   0x00000054   Code   RO         1447    .text.eMBRegHoldingCB  mb_task.o
    0x08002078   0x08002078   0x00000030   Code   RO         1445    .text.eMBRegInputCB  mb_task.o
    0x080020a8   0x080020a8   0x00000018   Code   RO         1412    .text.fputc         drv_uart.o
    0x080020c0   0x080020c0   0x00000004   Code   RO          389    .text.gpio_bits_reset  at32f403a_407_gpio.o
    0x080020c4   0x080020c4   0x00000010   Code   RO          377    .text.gpio_default_para_init  at32f403a_407_gpio.o
    0x080020d4   0x080020d4   0x000000a8   Code   RO          375    .text.gpio_init     at32f403a_407_gpio.o
    0x0800217c   0x0800217c   0x0000003c   Code   RO          403    .text.gpio_pin_remap_config  at32f403a_407_gpio.o
    0x080021b8   0x080021b8   0x0000002a   Code   RO            2    .text.main          main.o
    0x080021e2   0x080021e2   0x00000002   PAD
    0x080021e4   0x080021e4   0x0000003c   Code   RO         1441    .text.modbus_build_init  mb_task.o
    0x08002220   0x08002220   0x00000024   Code   RO         1001    .text.nvic_irq_disable  at32f403a_407_misc.o
    0x08002244   0x08002244   0x00000060   Code   RO          999    .text.nvic_irq_enable  at32f403a_407_misc.o
    0x080022a4   0x080022a4   0x00000020   Code   RO         1003    .text.nvic_priority_group_config  at32f403a_407_misc.o
    0x080022c4   0x080022c4   0x00000016   Code   RO         1564    .text.prveMBError2Exception  mbutils.o
    0x080022da   0x080022da   0x00000002   PAD
    0x080022dc   0x080022dc   0x00000028   Code   RO         1484    .text.prvucMBBIN2CHAR  mbascii.o
    0x08002304   0x08002304   0x00000018   Code   RO         1476    .text.prvucMBLRC    mbascii.o
    0x0800231c   0x0800231c   0x000000a0   Code   RO         1383    .text.system_core_clock_update  system_at32f403a_407.o
    0x080023bc   0x080023bc   0x00000018   Code   RO         1009    .text.systick_clock_source_config  at32f403a_407_misc.o
    0x080023d4   0x080023d4   0x0000000e   Code   RO          223    .text.tmr_base_init  at32f403a_407_tmr.o
    0x080023e2   0x080023e2   0x00000012   Code   RO          227    .text.tmr_cnt_dir_set  at32f403a_407_tmr.o
    0x080023f4   0x080023f4   0x0000000a   Code   RO          215    .text.tmr_counter_enable  at32f403a_407_tmr.o
    0x080023fe   0x080023fe   0x00000004   Code   RO          231    .text.tmr_counter_value_set  at32f403a_407_tmr.o
    0x08002402   0x08002402   0x00000006   Code   RO          301    .text.tmr_flag_clear  at32f403a_407_tmr.o
    0x08002408   0x08002408   0x0000000a   Code   RO          299    .text.tmr_flag_get  at32f403a_407_tmr.o
    0x08002412   0x08002412   0x00000016   Code   RO          295    .text.tmr_interrupt_enable  at32f403a_407_tmr.o
    0x08002428   0x08002428   0x00000014   Code   RO          297    .text.tmr_interrupt_flag_get  at32f403a_407_tmr.o
    0x0800243c   0x0800243c   0x00000012   Code   RO          251    .text.tmr_period_buffer_enable  at32f403a_407_tmr.o
    0x0800244e   0x0800244e   0x00000012   Code   RO          279    .text.tmr_primary_mode_select  at32f403a_407_tmr.o
    0x08002460   0x08002460   0x00000030   Code   RO         1574    .text.usMBCRC16     mbcrc.o
    0x08002490   0x08002490   0x00000006   Code   RO          521    .text.usart_data_receive  at32f403a_407_usart.o
    0x08002496   0x08002496   0x00000008   Code   RO          519    .text.usart_data_transmit  at32f403a_407_usart.o
    0x0800249e   0x0800249e   0x00000012   Code   RO          493    .text.usart_enable  at32f403a_407_usart.o
    0x080024b0   0x080024b0   0x0000000e   Code   RO          545    .text.usart_flag_clear  at32f403a_407_usart.o
    0x080024be   0x080024be   0x0000000a   Code   RO          541    .text.usart_flag_get  at32f403a_407_usart.o
    0x080024c8   0x080024c8   0x0000003e   Code   RO          539    .text.usart_hardware_flow_control_set  at32f403a_407_usart.o
    0x08002506   0x08002506   0x00000002   PAD
    0x08002508   0x08002508   0x00000088   Code   RO          489    .text.usart_init    at32f403a_407_usart.o
    0x08002590   0x08002590   0x0000001c   Code   RO          503    .text.usart_interrupt_enable  at32f403a_407_usart.o
    0x080025ac   0x080025ac   0x00000070   Code   RO          543    .text.usart_interrupt_flag_get  at32f403a_407_usart.o
    0x0800261c   0x0800261c   0x00000034   Code   RO          491    .text.usart_parity_selection_config  at32f403a_407_usart.o
    0x08002650   0x08002650   0x00000012   Code   RO          497    .text.usart_receiver_enable  at32f403a_407_usart.o
    0x08002662   0x08002662   0x00000012   Code   RO          495    .text.usart_transmitter_enable  at32f403a_407_usart.o
    0x08002674   0x08002674   0x00000044   Code   RO         1402    .text.usart_write_block  drv_uart.o
    0x080026b8   0x080026b8   0x0000002c   Code   RO         1652    .text.vMBPortSerialEnable  portserial.o
    0x080026e4   0x080026e4   0x00000024   Code   RO         1676    .text.vMBPortTimersDisable  porttimer.o
    0x08002708   0x08002708   0x00000024   Code   RO         1674    .text.vMBPortTimersEnable  porttimer.o
    0x0800272c   0x0800272c   0x00000048   Code   RO         1660    .text.vUSARTHandler  portserial.o
    0x08002774   0x08002774   0x0000000c   Code   RO           67    .text.wk_debug_config  wk_debug.o
    0x08002780   0x08002780   0x00000054   Code   RO           83    .text.wk_gpio_config  wk_gpio.o
    0x080027d4   0x080027d4   0x0000006c   Code   RO           15    .text.wk_nvic_config  at32f403a_407_wk_config.o
    0x08002840   0x08002840   0x00000040   Code   RO           13    .text.wk_periph_clock_config  at32f403a_407_wk_config.o
    0x08002880   0x08002880   0x00000088   Code   RO           11    .text.wk_system_clock_config  at32f403a_407_wk_config.o
    0x08002908   0x08002908   0x00000040   Code   RO           56    .text.wk_timebase_init  wk_system.o
    0x08002948   0x08002948   0x00000044   Code   RO          122    .text.wk_tmr6_init  wk_tmr.o
    0x0800298c   0x0800298c   0x00000080   Code   RO           75    .text.wk_usart1_init  wk_usart.o
    0x08002a0c   0x08002a0c   0x00000114   Code   RO         1480    .text.xMBASCIIReceiveFSM  mbascii.o
    0x08002b20   0x08002b20   0x00000038   Code   RO         1486    .text.xMBASCIITimerT1SExpired  mbascii.o
    0x08002b58   0x08002b58   0x000000d8   Code   RO         1482    .text.xMBASCIITransmitFSM  mbascii.o
    0x08002c30   0x08002c30   0x00000018   Code   RO         1641    .text.xMBPortEventGet  portevent.o
    0x08002c48   0x08002c48   0x0000000c   Code   RO         1637    .text.xMBPortEventInit  portevent.o
    0x08002c54   0x08002c54   0x00000010   Code   RO         1639    .text.xMBPortEventPost  portevent.o
    0x08002c64   0x08002c64   0x00000010   Code   RO         1658    .text.xMBPortSerialGetByte  portserial.o
    0x08002c74   0x08002c74   0x0000009c   Code   RO         1654    .text.xMBPortSerialInit  portserial.o
    0x08002d10   0x08002d10   0x00000014   Code   RO         1656    .text.xMBPortSerialPutByte  portserial.o
    0x08002d24   0x08002d24   0x00000068   Code   RO         1672    .text.xMBPortTimersInit  porttimer.o
    0x08002d8c   0x08002d8c   0x00000084   Code   RO         1595    .text.xMBRTUReceiveFSM  mbrtu.o
    0x08002e10   0x08002e10   0x0000004c   Code   RO         1599    .text.xMBRTUTimerT35Expired  mbrtu.o
    0x08002e5c   0x08002e5c   0x00000080   Code   RO         1597    .text.xMBRTUTransmitFSM  mbrtu.o
    0x08002edc   0x08002edc   0x00000018   Code   RO         1562    .text.xMBUtilGetBits  mbutils.o
    0x08002ef4   0x08002ef4   0x00000084   Code   RO         1560    .text.xMBUtilSetBits  mbutils.o
    0x08002f78   0x08002f78   0x0000000e   Code   RO         1747    i._is_digit         c_w.l(__printf_wp.o)
    0x08002f86   0x08002f86   0x00000002   PAD
    0x08002f88   0x08002f88   0x0000002c   Code   RO         1930    locale$$code        c_w.l(lc_ctype_c.o)
    0x08002fb4   0x08002fb4   0x0000001a   Code   RO         2055    x$fpl$fpinit        fz_wm.l(fpinit.o)
    0x08002fce   0x08002fce   0x00000002   PAD
    0x08002fd0   0x08002fd0   0x00000008   Data   RO         1708    .constdata          c_w.l(_printf_wctomb.o)
    0x08002fd8   0x08002fd8   0x00000028   Data   RO         1720    .constdata          c_w.l(_printf_hex_int.o)
    0x08003000   0x08003000   0x00000011   Data   RO         1755    .constdata          c_w.l(__printf_flags_ss_wp.o)
    0x08003011   0x08003011   0x00000004   Data   RO         1843    .constdata          c_w.l(sys_io_names.o)
    0x08003015   0x08003015   0x00000004   Data   RO         1844    .constdata          c_w.l(sys_io_names.o)
    0x08003019   0x08003019   0x00000004   Data   RO         1845    .constdata          c_w.l(sys_io_names.o)
    0x0800301d   0x0800301d   0x00000100   Data   RO         1576    .rodata.aucCRCHi    mbcrc.o
    0x0800311d   0x0800311d   0x00000100   Data   RO         1577    .rodata.aucCRCLo    mbcrc.o
    0x0800321d   0x0800321d   0x00000001   PAD
    0x0800321e   0x0800321e   0x00000020   Data   RO         1459    .rodata.cst32       mb_task.o
    0x0800323e   0x0800323e   0x00000008   Data   RO          204    .rodata.cst8        at32f403a_407_crm.o
    0x08003246   0x08003246   0x0000006d   Data   RO         1455    .rodata.str1.1      mb_task.o
    0x080032b3   0x080032b3   0x00000071   Data   RO         1488    .rodata.str1.1      mbascii.o
    0x08003324   0x08003324   0x0000008c   Data   RO         1601    .rodata.str1.1      mbrtu.o
    0x080033b0   0x080033b0   0x00000020   Data   RO         2128    Region$$Table       anon$$obj.o
    0x080033d0   0x080033d0   0x00000110   Data   RO         1929    locale$$data        c_w.l(lc_ctype_c.o)


    Execution Region RW_IRAM1 (Exec base: 0x20000000, Load base: 0x080034e0, Size: 0x00000f90, Max: 0x00018000, ABSOLUTE)

    Exec Addr    Load Addr    Size         Type   Attr      Idx    E Section Name        Object

    0x20000000   0x080034e0   0x00000004   Data   RW         1793    .data               c_w.l(stdio_streams.o)
    0x20000004   0x080034e4   0x00000004   Data   RW         1794    .data               c_w.l(stdio_streams.o)
    0x20000008   0x080034e8   0x00000004   Data   RW         1795    .data               c_w.l(stdio_streams.o)
    0x2000000c   0x080034ec   0x00000001   Data   RW         1624    .data.eMBState      mb.o
    0x2000000d   0x080034ed   0x00000003   PAD
    0x20000010   0x080034f0   0x00000004   Data   RW         1385    .data.system_core_clock  system_at32f403a_407.o
    0x20000014   0x080034f4   0x00000002   Data   RW         1457    .data.ucRegCoilsBuf  mb_task.o
    0x20000016   0x080034f6   0x00000002   Data   RW         1458    .data.ucRegDiscreteBuf  mb_task.o
    0x20000018   0x080034f8   0x00000020   Data   RW         1456    .data.usRegHoldingBuf  mb_task.o
    0x20000038   0x08003518   0x00000080   Data   RW         1625    .data.xFuncHandlers  mb.o
    0x200000b8        -       0x00000054   Zero   RW         1790    .bss                c_w.l(stdio_streams.o)
    0x2000010c        -       0x00000054   Zero   RW         1791    .bss                c_w.l(stdio_streams.o)
    0x20000160        -       0x00000054   Zero   RW         1792    .bss                c_w.l(stdio_streams.o)
    0x200001b4        -       0x00000060   Zero   RW         2014    .bss                c_w.l(libspace.o)
    0x20000214        -       0x0000000c   Zero   RW         1489    .bss..L_MergedGlobals  mbascii.o
    0x20000220        -       0x00000022   Zero   RW         1551    .bss..L_MergedGlobals  mbfuncother.o
    0x20000242   0x08003598   0x00000002   PAD
    0x20000244        -       0x0000000c   Zero   RW         1603    .bss..L_MergedGlobals  mbrtu.o
    0x20000250        -       0x00000028   Zero   RW         1628    .bss..L_MergedGlobals  mb.o
    0x20000278        -       0x00000002   Zero   RW         1643    .bss..L_MergedGlobals  portevent.o
    0x2000027a   0x08003598   0x00000002   PAD
    0x2000027c        -       0x00000010   Zero   RW         1414    .bss.serial_1_rx_handler  drv_uart.o
    0x2000028c        -       0x00000004   Zero   RW           58    .bss.ticks_count_us  wk_system.o
    0x20000290        -       0x00000100   Zero   RW         1602    .bss.ucRTUBuf       mbrtu.o
    0x20000390        -       0x00000400   Zero   RW         1372    HEAP                startup_at32f403a_407.o
    0x20000790        -       0x00000800   Zero   RW         1371    STACK               startup_at32f403a_407.o


==============================================================================

Image component sizes


      Code (inc. data)   RO Data    RW Data    ZI Data      Debug   Object Name

       668         66          8          0          0      22795   at32f403a_407_crm.o
       248          8          0          0          0      15504   at32f403a_407_gpio.o
        18          0          0          0          0       1020   at32f403a_407_int.o
       188         20          0          0          0       7184   at32f403a_407_misc.o
       140          0          0          0          0      29971   at32f403a_407_tmr.o
       482         20          0          0          0      11793   at32f403a_407_usart.o
       314         20          0          0          0       9539   at32f403a_407_wk_config.o
       156         12          0          0         16      17716   drv_uart.o
        42          0          0          0          0        623   main.o
       424         76          0        129         40       5430   mb.o
       390         32        141         36          0       4286   mb_task.o
       916        142        113          0         12       5917   mbascii.o
        48          8        512          0          0       1159   mbcrc.o
       296          0          0          0          0       3226   mbfunccoils.o
       112          0          0          0          0       1965   mbfuncdisc.o
       394          0          0          0          0       3841   mbfuncholding.o
       102          0          0          0          0       1902   mbfuncinput.o
        32          4          0          0         34       2227   mbfuncother.o
       664        140        140          0        268       4861   mbrtu.o
       178         68          0          0          0       2587   mbutils.o
        52          4          0          0          2       1427   portevent.o
       312         32          0          0          0      12677   portserial.o
       232         12          0          0          0      10719   porttimer.o
        64         26        388          0       3072        856   startup_at32f403a_407.o
       240         40          0          4          0       8375   system_at32f403a_407.o
        12          4          0          0          0        765   wk_debug.o
        84          8          0          0          0       5167   wk_gpio.o
        64         12          0          0          4       1917   wk_system.o
        68          4          0          0          0       5650   wk_tmr.o
       128          8          0          0          0       7373   wk_usart.o

    ----------------------------------------------------------------------
      7080        766       1335        172       3452     208472   Object Totals
         0          0         32          0          0          0   (incl. Generated)
        12          0          1          3          4          0   (incl. Padding)

    ----------------------------------------------------------------------

      Code (inc. data)   RO Data    RW Data    ZI Data      Debug   Library Member Name

         8          0          0          0          0         68   __main.o
       392          4         17          0          0         92   __printf_flags_ss_wp.o
        14          0          0          0          0         68   __printf_wp.o
         0          0          0          0          0          0   __rtentry.o
        12          0          0          0          0          0   __rtentry2.o
         6          0          0          0          0          0   __rtentry4.o
        52          8          0          0          0          0   __scatter.o
        26          0          0          0          0          0   __scatter_copy.o
        28          0          0          0          0          0   __scatter_zi.o
        72          0          0          0          0         96   _c16rtomb.o
         6          0          0          0          0          0   _printf_c.o
        44          0          0          0          0        108   _printf_char.o
        48          6          0          0          0         96   _printf_char_common.o
        36          4          0          0          0         80   _printf_char_file.o
         6          0          0          0          0          0   _printf_d.o
       120         16          0          0          0         92   _printf_dec.o
        88          4         40          0          0         88   _printf_hex_int.o
         6          0          0          0          0          0   _printf_i.o
       178          0          0          0          0         88   _printf_intcommon.o
        10          0          0          0          0          0   _printf_l.o
         6          0          0          0          0          0   _printf_lc.o
         6          0          0          0          0          0   _printf_o.o
        84         10          0          0          0         88   _printf_oct_int.o
        78          0          0          0          0        108   _printf_pad.o
         0          0          0          0          0          0   _printf_percent.o
         4          0          0          0          0          0   _printf_percent_end.o
        82          0          0          0          0         80   _printf_str.o
        36          0          0          0          0         84   _printf_truncate.o
         6          0          0          0          0          0   _printf_u.o
        44          0          0          0          0        108   _printf_wchar.o
       188          6          8          0          0         92   _printf_wctomb.o
         6          0          0          0          0          0   _printf_x.o
        22          0          0          0          0         80   abort.o
       128         42          0          0          0         76   assert.o
        20          0          0          0          0         76   assert_puts.o
        48         34          0          0          0         76   defsig_abrt_inner.o
        14          0          0          0          0         80   defsig_abrt_outer.o
        10          0          0          0          0         68   defsig_exit.o
        50          0          0          0          0         88   defsig_general.o
        80         58          0          0          0         76   defsig_rtmem_inner.o
        14          0          0          0          0         80   defsig_rtmem_outer.o
        52         38          0          0          0         76   defsig_rtred_inner.o
        14          0          0          0          0         80   defsig_rtred_outer.o
        18          0          0          0          0         80   exit.o
        76          0          0          0          0         88   fclose.o
         8          0          0          0          0         68   ferror.o
       240          6          0          0          0        128   fopen.o
       248          6          0          0          0         84   fseek.o
        66          0          0          0          0         76   ftell.o
        94          0          0          0          0         80   h1_alloc.o
        52          0          0          0          0         68   h1_extend.o
        78          0          0          0          0         80   h1_free.o
        14          0          0          0          0         84   h1_init.o
         6          0          0          0          0        152   heapauxi.o
         4          0          0          0          0        136   hguard.o
         0          0          0          0          0          0   indicate_semi.o
       138          0          0          0          0        168   init_alloc.o
       312         46          0          0          0        112   initio.o
        44         10        272          0          0         76   lc_ctype_c.o
         2          0          0          0          0          0   libinit.o
        36          0          0          0          0          0   libinit2.o
         2          0          0          0          0          0   libshutdown.o
         6          0          0          0          0          0   libshutdown2.o
         8          4          0          0         96         68   libspace.o
         0          0          0          0          0          0   maybetermalloc1.o
        24          4          0          0          0         84   noretval__2printf.o
        44          4          0          0          0         84   puts.o
        16          4          0          0          0         76   rt_ctype_table.o
         8          4          0          0          0         68   rt_errno_addr_intlibspace.o
         8          4          0          0          0         68   rt_heap_descriptor_intlibspace.o
         8          4          0          0          0         68   rt_locale_intlibspace.o
        78          0          0          0          0         80   rt_memclr_w.o
       138          0          0          0          0         68   rt_memcpy_v6.o
       100          0          0          0          0         80   rt_memcpy_w.o
         2          0          0          0          0          0   rtexit.o
        10          0          0          0          0          0   rtexit2.o
        70          0          0          0          0         80   setvbuf.o
       240          6          0          0          0        156   stdio.o
         0          0          0         12        252          0   stdio_streams.o
       124          0          0          0          0         88   strcmpv7em.o
        62          0          0          0          0         76   strlen.o
        12          4          0          0          0         68   sys_exit.o
       102          0          0          0          0        240   sys_io.o
         0          0         12          0          0          0   sys_io_names.o
        74          0          0          0          0         80   sys_stackheap_outer.o
        14          0          0          0          0         76   sys_wrch.o
         2          0          0          0          0         68   use_no_semi.o
        26          0          0          0          0        116   fpinit.o

    ----------------------------------------------------------------------
      4772        336        349         12        348       5564   Library Totals
        14          0          0          0          0          0   (incl. Padding)

    ----------------------------------------------------------------------

      Code (inc. data)   RO Data    RW Data    ZI Data      Debug   Library Name

      4732        336        349         12        348       5448   c_w.l
        26          0          0          0          0        116   fz_wm.l

    ----------------------------------------------------------------------
      4772        336        349         12        348       5564   Library Totals

    ----------------------------------------------------------------------

==============================================================================


      Code (inc. data)   RO Data    RW Data    ZI Data      Debug   

     11852       1102       1684        184       3800     210460   Grand Totals
     11852       1102       1684        184       3800     210460   ELF Image Totals
     11852       1102       1684        184          0          0   ROM Totals

==============================================================================

    Total RO  Size (Code + RO Data)                13536 (  13.22kB)
    Total RW  Size (RW Data + ZI Data)              3984 (   3.89kB)
    Total ROM Size (Code + RO Data + RW Data)      13720 (  13.40kB)

==============================================================================

