<html>
<body>
<pre>
<h1>礦ision Build Log</h1>
<h2>Tool Versions:</h2>
IDE-Version: μVision V5.36.0.0
Copyright (C) 2021 ARM Ltd and ARM Germany GmbH. All rights reserved.
License Information: 1111 Ultrareef, 11111, LIC=9N0AE-5XK7B-MSTYP-MPY2Z-FS84W-Z7Y2U
 
Tool Versions:
Toolchain:       MDK-ARM Professional  Version: 5.36.0.0
Toolchain Path:  D:\Keil_v5\ARM\ARMCC\Bin
C Compiler:      Armcc.exe V5.06 update 7 (build 960)
Assembler:       Armasm.exe V5.06 update 7 (build 960)
Linker/Locator:  ArmLink.exe V5.06 update 7 (build 960)
Library Manager: ArmAr.exe V5.06 update 7 (build 960)
Hex Converter:   FromElf.exe V5.06 update 7 (build 960)
CPU DLL:         SARMCM3.DLL V5.36.0.0
Dialog DLL:      DCM.DLL V1.17.3.0
Target DLL:      CMSIS_AGDI.dll V1.33.0.0
Dialog DLL:      TCM.DLL V1.53.0.0
 
<h2>Project:</h2>
E:\开发板教程\STM32-V7资料盘\01.配套例程\24.Modbus RTU主从，含视频教程\V7-083_Modbus RTU从站例程\Project\MDK-ARM(AC5)\project.uvprojx
Project File Date:  11/05/2025

<h2>Output:</h2>
*** Using Compiler 'V5.06 update 7 (build 960)', folder: 'D:\Keil_v5\ARM\ARMCC\Bin'
Build target 'Flash'
compiling bsp_beep.c...
compiling bsp_timer.c...
assembling startup_stm32h743xx.s...
compiling bsp_led.c...
compiling main.c...
compiling bsp.c...
compiling bsp_dwt.c...
compiling bsp_user_lib.c...
compiling bsp_msg.c...
compiling bsp_key.c...
compiling bsp_uart_fifo.c...
compiling stm32h7xx_it.c...
compiling bsp_fmc_io.c...
compiling bsp_tim_pwm.c...
compiling stm32h7xx_ll_fmc.c...
compiling stm32h7xx_hal_tim_ex.c...
compiling modbus_slave.c...
compiling stm32h7xx_hal_gpio.c...
compiling stm32h7xx_hal_uart.c...
compiling stm32h7xx_hal.c...
compiling stm32h7xx_hal_uart_ex.c...
compiling stm32h7xx_hal_cortex.c...
compiling stm32h7xx_hal_tim.c...
compiling stm32h7xx_hal_rcc.c...
compiling stm32h7xx_hal_dma_ex.c...
assembling HardFaultHandler.S...
compiling stm32h7xx_hal_rcc_ex.c...
compiling stm32h7xx_hal_dma.c...
compiling stm32h7xx_ll_sdmmc.c...
compiling stm32h7xx_hal_crc_ex.c...
compiling stm32h7xx_hal_sram.c...
compiling stm32h7xx_hal_flash.c...
compiling stm32h7xx_hal_flash_ex.c...
compiling stm32h7xx_ll_delayblock.c...
compiling stm32h7xx_hal_crc.c...
compiling system_stm32h7xx.c...
compiling stm32h7xx_hal_mdma.c...
compiling SEGGER_HardFaultHandler.c...
compiling stm32h7xx_hal_sd.c...
linking...
Program Size: Code=23056 RO-data=1424 RW-data=68 ZI-data=9076  
FromELF: creating hex file...
After Build - User command #1: CopyHex_Flash.bat
E:\开发板教程\STM32-V7资料盘\01.配套例程\24.Modbus RTU主从，含视频教程\V7-083_Modbus RTU从站例程\Project\MDK-ARM(AC5)>copy Objects\output.hex ..\output(ac5).hex 
已复制         1 个文件。
".\Objects\output.axf" - 0 Error(s), 0 Warning(s).

<h2>Software Packages used:</h2>

Package Vendor: Keil
                http://www.keil.com/pack/Keil.STM32H7xx_DFP.2.7.0.pack
                Keil.STM32H7xx_DFP.2.7.0
                STMicroelectronics STM32H7 Series Device Support and Examples

<h2>Collection of Component include folders:</h2>
  D:\Arm\Packs\Keil\STM32H7xx_DFP\2.7.0\Drivers\CMSIS\Device\ST\STM32H7xx\Include

<h2>Collection of Component Files used:</h2>
Build Time Elapsed:  00:00:49
</pre>
</body>
</html>
