Component: ARM Compiler 5.06 update 7 (build 960) Tool: armlink [4d3601]

==============================================================================

Section Cross References

    at32f435_437_clock.o(i.system_clock_config) refers to at32f435_437_crm.o(i.crm_periph_clock_enable) for crm_periph_clock_enable
    at32f435_437_clock.o(i.system_clock_config) refers to at32f435_437_crm.o(i.crm_reset) for crm_reset
    at32f435_437_clock.o(i.system_clock_config) refers to at32f435_437_crm.o(i.crm_clock_source_enable) for crm_clock_source_enable
    at32f435_437_clock.o(i.system_clock_config) refers to at32f435_437_crm.o(i.crm_hext_stable_wait) for crm_hext_stable_wait
    at32f435_437_clock.o(i.system_clock_config) refers to at32f435_437_crm.o(i.crm_pll_config) for crm_pll_config
    at32f435_437_clock.o(i.system_clock_config) refers to at32f435_437_crm.o(i.crm_flag_get) for crm_flag_get
    at32f435_437_clock.o(i.system_clock_config) refers to at32f435_437_crm.o(i.crm_ahb_div_set) for crm_ahb_div_set
    at32f435_437_clock.o(i.system_clock_config) refers to at32f435_437_crm.o(i.crm_apb2_div_set) for crm_apb2_div_set
    at32f435_437_clock.o(i.system_clock_config) refers to at32f435_437_crm.o(i.crm_apb1_div_set) for crm_apb1_div_set
    at32f435_437_clock.o(i.system_clock_config) refers to at32f435_437_crm.o(i.crm_auto_step_mode_enable) for crm_auto_step_mode_enable
    at32f435_437_clock.o(i.system_clock_config) refers to at32f435_437_crm.o(i.crm_sysclk_switch) for crm_sysclk_switch
    at32f435_437_clock.o(i.system_clock_config) refers to at32f435_437_crm.o(i.crm_sysclk_switch_status_get) for crm_sysclk_switch_status_get
    at32f435_437_clock.o(i.system_clock_config) refers to system_at32f435_437.o(i.system_core_clock_update) for system_core_clock_update
    main.o(i.main) refers to at32f435_437_clock.o(i.system_clock_config) for system_clock_config
    main.o(i.main) refers to at32f435_437_board.o(i.at32_board_init) for at32_board_init
    main.o(i.main) refers to at32f435_437_board.o(i.uart_print_init) for uart_print_init
    main.o(i.main) refers to noretval__2printf.o(.text) for __2printf
    main.o(i.main) refers to mbtask.o(i.modbus_task) for modbus_task
    mbtask.o(i.eMBRegCoilsCB) refers to mbutils.o(i.xMBUtilGetBits) for xMBUtilGetBits
    mbtask.o(i.eMBRegCoilsCB) refers to mbutils.o(i.xMBUtilSetBits) for xMBUtilSetBits
    mbtask.o(i.eMBRegCoilsCB) refers to mbtask.o(.data) for ucRegCoilsBuf
    mbtask.o(i.eMBRegDiscreteCB) refers to mbutils.o(i.xMBUtilGetBits) for xMBUtilGetBits
    mbtask.o(i.eMBRegDiscreteCB) refers to mbtask.o(.data) for ucRegDiscreteBuf
    mbtask.o(i.eMBRegHoldingCB) refers to mbtask.o(.data) for usRegHoldingStart
    mbtask.o(i.eMBRegInputCB) refers to mbtask.o(.data) for usRegInputStart
    mbtask.o(i.modbus_task) refers to _printf_percent.o(.ARM.Collect$$_printf_percent$$00000000) for _printf_percent
    mbtask.o(i.modbus_task) refers to _printf_u.o(.ARM.Collect$$_printf_percent$$0000000A) for _printf_u
    mbtask.o(i.modbus_task) refers to _printf_dec.o(.text) for _printf_int_dec
    mbtask.o(i.modbus_task) refers to mb.o(i.eMBInit) for eMBInit
    mbtask.o(i.modbus_task) refers to noretval__2printf.o(.text) for __2printf
    mbtask.o(i.modbus_task) refers to mb.o(i.eMBEnable) for eMBEnable
    mbtask.o(i.modbus_task) refers to mb.o(i.eMBPoll) for eMBPoll
    mbascii.o(i.eMBASCIIInit) refers to portserial.o(i.xMBPortSerialInit) for xMBPortSerialInit
    mbascii.o(i.eMBASCIIInit) refers to porttimer.o(i.xMBPortTimersInit) for xMBPortTimersInit
    mbascii.o(i.eMBASCIIInit) refers to mbascii.o(.data) for ucMBLFCharacter
    mbascii.o(i.eMBASCIIReceive) refers to assert.o(.text) for __aeabi_assert
    mbascii.o(i.eMBASCIIReceive) refers to mbascii.o(i.prvucMBLRC) for prvucMBLRC
    mbascii.o(i.eMBASCIIReceive) refers to mbascii.o(.data) for usRcvBufferPos
    mbascii.o(i.eMBASCIISend) refers to mbascii.o(i.prvucMBLRC) for prvucMBLRC
    mbascii.o(i.eMBASCIISend) refers to portserial.o(i.vMBPortSerialEnable) for vMBPortSerialEnable
    mbascii.o(i.eMBASCIISend) refers to mbascii.o(.data) for eRcvState
    mbascii.o(i.eMBASCIIStart) refers to portserial.o(i.vMBPortSerialEnable) for vMBPortSerialEnable
    mbascii.o(i.eMBASCIIStart) refers to portevent.o(i.xMBPortEventPost) for xMBPortEventPost
    mbascii.o(i.eMBASCIIStart) refers to mbascii.o(.data) for eRcvState
    mbascii.o(i.eMBASCIIStop) refers to portserial.o(i.vMBPortSerialEnable) for vMBPortSerialEnable
    mbascii.o(i.eMBASCIIStop) refers to porttimer.o(i.vMBPortTimersDisable) for vMBPortTimersDisable
    mbascii.o(i.prvucMBBIN2CHAR) refers to assert.o(.text) for __aeabi_assert
    mbascii.o(i.xMBASCIIReceiveFSM) refers to assert.o(.text) for __aeabi_assert
    mbascii.o(i.xMBASCIIReceiveFSM) refers to portserial.o(i.xMBPortSerialGetByte) for xMBPortSerialGetByte
    mbascii.o(i.xMBASCIIReceiveFSM) refers to porttimer.o(i.vMBPortTimersEnable) for vMBPortTimersEnable
[...]
    .ARM.Collect$$rtentry$$00000009          0x080002dc   Section        0  __rtentry2.o(.ARM.Collect$$rtentry$$00000009)
    .ARM.Collect$$rtentry$$0000000A          0x080002dc   Section        4  __rtentry2.o(.ARM.Collect$$rtentry$$0000000A)
    .ARM.Collect$$rtentry$$0000000C          0x080002e0   Section        0  __rtentry2.o(.ARM.Collect$$rtentry$$0000000C)
    .ARM.Collect$$rtentry$$0000000D          0x080002e0   Section        8  __rtentry2.o(.ARM.Collect$$rtentry$$0000000D)
    .ARM.Collect$$rtexit$$00000000           0x080002e8   Section        2  rtexit.o(.ARM.Collect$$rtexit$$00000000)
    .ARM.Collect$$rtexit$$00000002           0x080002ea   Section        0  rtexit2.o(.ARM.Collect$$rtexit$$00000002)
    .ARM.Collect$$rtexit$$00000003           0x080002ea   Section        4  rtexit2.o(.ARM.Collect$$rtexit$$00000003)
    .ARM.Collect$$rtexit$$00000004           0x080002ee   Section        6  rtexit2.o(.ARM.Collect$$rtexit$$00000004)
    .text                                    0x080002f4   Section       64  startup_at32f435_437.o(.text)
    $v0                                      0x080002f4   Number         0  startup_at32f435_437.o(.text)
    .text                                    0x08000334   Section        2  use_no_semi_2.o(.text)
    .text                                    0x08000336   Section      238  lludivv7m.o(.text)
    .text                                    0x08000424   Section        0  noretval__2printf.o(.text)
    .text                                    0x0800043c   Section        0  __printf.o(.text)
    .text                                    0x080004a4   Section        0  _printf_dec.o(.text)
    .text                                    0x0800051c   Section        0  assert.o(.text)
    .text                                    0x0800059c   Section      138  rt_memcpy_v6.o(.text)
    .text                                    0x08000626   Section        0  heapauxi.o(.text)
    .text                                    0x0800062c   Section        2  use_no_semi.o(.text)
    .text                                    0x0800062e   Section        0  _printf_intcommon.o(.text)
    .text                                    0x080006e0   Section        0  _printf_char_file.o(.text)
    .text                                    0x08000704   Section        0  abort.o(.text)
    .text                                    0x0800071a   Section        0  assert_puts.o(.text)
    .text                                    0x0800072e   Section      100  rt_memcpy_w.o(.text)
    .text                                    0x08000794   Section        0  _printf_char_common.o(.text)
    _printf_input_char                       0x08000795   Thumb Code    10  _printf_char_common.o(.text)
    .text                                    0x080007c4   Section        0  ferror.o(.text)
    .text                                    0x080007cc   Section        0  defsig_abrt_outer.o(.text)
    .text                                    0x080007da   Section       74  sys_stackheap_outer.o(.text)
    .text                                    0x08000824   Section        0  exit.o(.text)
    .text                                    0x08000836   Section        0  defsig_exit.o(.text)
    .text                                    0x08000840   Section        0  defsig_abrt_inner.o(.text)
    .text                                    0x08000870   Section        8  libspace.o(.text)
    .text                                    0x08000878   Section        0  defsig_general.o(.text)
    i.BusFault_Handler                       0x080008aa   Section        0  at32f435_437_int.o(i.BusFault_Handler)
    i.DebugMon_Handler                       0x080008ae   Section        0  at32f435_437_int.o(i.DebugMon_Handler)
    i.HardFault_Handler                      0x080008b0   Section        0  at32f435_437_int.o(i.HardFault_Handler)
    i.MemManage_Handler                      0x080008b4   Section        0  at32f435_437_int.o(i.MemManage_Handler)
    i.NMI_Handler                            0x080008b8   Section        0  at32f435_437_int.o(i.NMI_Handler)
    i.PendSV_Handler                         0x080008ba   Section        0  at32f435_437_int.o(i.PendSV_Handler)
    i.SVC_Handler                            0x080008bc   Section        0  at32f435_437_int.o(i.SVC_Handler)
    i.SysTick_Handler                        0x080008be   Section        0  at32f435_437_int.o(i.SysTick_Handler)
    i.SystemInit                             0x080008c0   Section        0  system_at32f435_437.o(i.SystemInit)
    i.TMR2_GLOBAL_IRQHandler                 0x08000950   Section        0  porttimer.o(i.TMR2_GLOBAL_IRQHandler)
    i.USART2_IRQHandler                      0x0800096a   Section        0  portserial.o(i.USART2_IRQHandler)
    i.USART3_IRQHandler                      0x08000972   Section        0  portserial.o(i.USART3_IRQHandler)
    i.UsageFault_Handler                     0x0800097a   Section        0  at32f435_437_int.o(i.UsageFault_Handler)
    i.__NVIC_ClearPendingIRQ                 0x08000980   Section        0  portserial.o(i.__NVIC_ClearPendingIRQ)
    __NVIC_ClearPendingIRQ                   0x08000981   Thumb Code    22  portserial.o(i.__NVIC_ClearPendingIRQ)
    i._sys_exit                              0x0800099c   Section        0  at32f435_437_board.o(i._sys_exit)
    i._ttywrch                               0x080009a0   Section        0  at32f435_437_board.o(i._ttywrch)
    i.at32_board_init                        0x080009a4   Section        0  at32f435_437_board.o(i.at32_board_init)
    i.at32_button_init                       0x080009d4   Section        0  at32f435_437_board.o(i.at32_button_init)
    i.at32_led_init                          0x08000a10   Section        0  at32f435_437_board.o(i.at32_led_init)
    i.at32_led_off                           0x08000a60   Section        0  at32f435_437_board.o(i.at32_led_off)
    i.crm_ahb_div_set                        0x08000a88   Section        0  at32f435_437_crm.o(i.crm_ahb_div_set)
    i.crm_apb1_div_set                       0x08000a9c   Section        0  at32f435_437_crm.o(i.crm_apb1_div_set)
    i.crm_apb2_div_set                       0x08000ab0   Section        0  at32f435_437_crm.o(i.crm_apb2_div_set)
    i.crm_auto_step_mode_enable              0x08000ac4   Section        0  at32f435_437_crm.o(i.crm_auto_step_mode_enable)
    i.crm_clock_source_enable                0x08000aec   Section        0  at32f435_437_crm.o(i.crm_clock_source_enable)
    i.crm_clocks_freq_get                    0x08000b54   Section        0  at32f435_437_crm.o(i.crm_clocks_freq_get)
    i.crm_flag_get                           0x08000c64   Section        0  at32f435_437_crm.o(i.crm_flag_get)
    i.crm_hext_stable_wait                   0x08000c94   Section        0  at32f435_437_crm.o(i.crm_hext_stable_wait)
    i.crm_periph_clock_enable                0x08000cc4   Section        0  at32f435_437_crm.o(i.crm_periph_clock_enable)
    i.crm_pll_config                         0x08000d10   Section        0  at32f435_437_crm.o(i.crm_pll_config)
    i.crm_reset                              0x08000d44   Section        0  at32f435_437_crm.o(i.crm_reset)
    i.crm_sysclk_switch                      0x08000dbc   Section        0  at32f435_437_crm.o(i.crm_sysclk_switch)
    i.crm_sysclk_switch_status_get           0x08000dd0   Section        0  at32f435_437_crm.o(i.crm_sysclk_switch_status_get)
    i.delay_init                             0x08000de0   Section        0  at32f435_437_board.o(i.delay_init)
    i.eMBASCIIInit                           0x08000e18   Section        0  mbascii.o(i.eMBASCIIInit)
    i.eMBASCIIReceive                        0x08000e5c   Section        0  mbascii.o(i.eMBASCIIReceive)
    i.eMBASCIISend                           0x08000f04   Section        0  mbascii.o(i.eMBASCIISend)
    i.eMBASCIIStart                          0x08000f84   Section        0  mbascii.o(i.eMBASCIIStart)
    i.eMBASCIIStop                           0x08000fa4   Section        0  mbascii.o(i.eMBASCIIStop)
    i.eMBEnable                              0x08000fb8   Section        0  mb.o(i.eMBEnable)
    i.eMBFuncReadCoils                       0x08000fe0   Section        0  mbfunccoils.o(i.eMBFuncReadCoils)
    i.eMBFuncReadDiscreteInputs              0x0800108e   Section        0  mbfuncdisc.o(i.eMBFuncReadDiscreteInputs)
    i.eMBFuncReadHoldingRegister             0x0800113a   Section        0  mbfuncholding.o(i.eMBFuncReadHoldingRegister)
    i.eMBFuncReadInputRegister               0x080011c6   Section        0  mbfuncinput.o(i.eMBFuncReadInputRegister)
    i.eMBFuncReadWriteMultipleHoldingRegister 0x08001252   Section        0  mbfuncholding.o(i.eMBFuncReadWriteMultipleHoldingRegister)
    i.eMBFuncReportSlaveID                   0x08001328   Section        0  mbfuncother.o(i.eMBFuncReportSlaveID)
    i.eMBFuncWriteCoil                       0x08001350   Section        0  mbfunccoils.o(i.eMBFuncWriteCoil)
    i.eMBFuncWriteHoldingRegister            0x080013c0   Section        0  mbfuncholding.o(i.eMBFuncWriteHoldingRegister)
    i.eMBFuncWriteMultipleCoils              0x08001402   Section        0  mbfunccoils.o(i.eMBFuncWriteMultipleCoils)
    i.eMBFuncWriteMultipleHoldingRegister    0x08001492   Section        0  mbfuncholding.o(i.eMBFuncWriteMultipleHoldingRegister)
    i.eMBInit                                0x08001500   Section        0  mb.o(i.eMBInit)
    i.eMBPoll                                0x08001644   Section        0  mb.o(i.eMBPoll)
    i.eMBRTUInit                             0x0800177c   Section        0  mbrtu.o(i.eMBRTUInit)
    i.eMBRTUReceive                          0x080017d0   Section        0  mbrtu.o(i.eMBRTUReceive)
    i.eMBRTUSend                             0x08001878   Section        0  mbrtu.o(i.eMBRTUSend)
    i.eMBRTUStart                            0x08001904   Section        0  mbrtu.o(i.eMBRTUStart)
    i.eMBRTUStop                             0x08001924   Section        0  mbrtu.o(i.eMBRTUStop)
    i.eMBRegCoilsCB                          0x08001938   Section        0  mbtask.o(i.eMBRegCoilsCB)
    i.eMBRegDiscreteCB                       0x080019d0   Section        0  mbtask.o(i.eMBRegDiscreteCB)
    i.eMBRegHoldingCB                        0x08001a30   Section        0  mbtask.o(i.eMBRegHoldingCB)
    i.eMBRegInputCB                          0x08001aac   Section        0  mbtask.o(i.eMBRegInputCB)
    i.fputc                                  0x08001af4   Section        0  at32f435_437_board.o(i.fputc)
    i.gpio_default_para_init                 0x08001b18   Section        0  at32f435_437_gpio.o(i.gpio_default_para_init)
    i.gpio_init                              0x08001b2c   Section        0  at32f435_437_gpio.o(i.gpio_init)
    i.gpio_pin_mux_config                    0x08001ba6   Section        0  at32f435_437_gpio.o(i.gpio_pin_mux_config)
    i.main                                   0x08001be8   Section        0  main.o(i.main)
    i.modbus_task                            0x08001c20   Section        0  mbtask.o(i.modbus_task)
    i.nvic_irq_disable                       0x08001d1c   Section        0  at32f435_437_misc.o(i.nvic_irq_disable)
    i.nvic_irq_enable                        0x08001d48   Section        0  at32f435_437_misc.o(i.nvic_irq_enable)
    i.prveMBError2Exception                  0x08001e10   Section        0  mbutils.o(i.prveMBError2Exception)
    i.prvucMBBIN2CHAR                        0x08001e34   Section        0  mbascii.o(i.prvucMBBIN2CHAR)
    prvucMBBIN2CHAR                          0x08001e35   Thumb Code    44  mbascii.o(i.prvucMBBIN2CHAR)
    i.prvucMBCHAR2BIN                        0x08001e80   Section        0  mbascii.o(i.prvucMBCHAR2BIN)
    prvucMBCHAR2BIN                          0x08001e81   Thumb Code    38  mbascii.o(i.prvucMBCHAR2BIN)
    i.prvucMBLRC                             0x08001ea6   Section        0  mbascii.o(i.prvucMBLRC)
    prvucMBLRC                               0x08001ea7   Thumb Code    32  mbascii.o(i.prvucMBLRC)
    i.prvvTIMERExpiredISR                    0x08001ec8   Section        0  porttimer.o(i.prvvTIMERExpiredISR)
    prvvTIMERExpiredISR                      0x08001ec9   Thumb Code    10  porttimer.o(i.prvvTIMERExpiredISR)
    i.prvvUARTRxISR                          0x08001ed8   Section        0  portserial.o(i.prvvUARTRxISR)
    prvvUARTRxISR                            0x08001ed9   Thumb Code    10  portserial.o(i.prvvUARTRxISR)
    i.prvvUARTTxReadyISR                     0x08001ee8   Section        0  portserial.o(i.prvvUARTTxReadyISR)
    prvvUARTTxReadyISR                       0x08001ee9   Thumb Code    10  portserial.o(i.prvvUARTTxReadyISR)
    i.system_clock_config                    0x08001ef8   Section        0  at32f435_437_clock.o(i.system_clock_config)
    i.system_core_clock_update               0x08001f94   Section        0  system_at32f435_437.o(i.system_core_clock_update)
    i.systick_clock_source_config            0x08002084   Section        0  at32f435_437_misc.o(i.systick_clock_source_config)
    i.tmr_base_init                          0x080020ac   Section        0  at32f435_437_tmr.o(i.tmr_base_init)
    i.tmr_cnt_dir_set                        0x080020bc   Section        0  at32f435_437_tmr.o(i.tmr_cnt_dir_set)
    i.tmr_counter_enable                     0x080020c6   Section        0  at32f435_437_tmr.o(i.tmr_counter_enable)
    i.tmr_counter_value_set                  0x080020d0   Section        0  at32f435_437_tmr.o(i.tmr_counter_value_set)
    i.tmr_flag_clear                         0x080020d4   Section        0  at32f435_437_tmr.o(i.tmr_flag_clear)
    i.tmr_flag_get                           0x080020da   Section        0  at32f435_437_tmr.o(i.tmr_flag_get)
    i.tmr_interrupt_enable                   0x080020ec   Section        0  at32f435_437_tmr.o(i.tmr_interrupt_enable)
    i.uart_print_init                        0x08002104   Section        0  at32f435_437_board.o(i.uart_print_init)
    i.usMBCRC16                              0x08002178   Section        0  mbcrc.o(i.usMBCRC16)
    i.usart_data_receive                     0x080021b0   Section        0  at32f435_437_usart.o(i.usart_data_receive)
    i.usart_data_transmit                    0x080021b8   Section        0  at32f435_437_usart.o(i.usart_data_transmit)
    i.usart_de_polarity_set                  0x080021c0   Section        0  at32f435_437_usart.o(i.usart_de_polarity_set)
    i.usart_enable                           0x080021ca   Section        0  at32f435_437_usart.o(i.usart_enable)
    i.usart_flag_get                         0x080021d4   Section        0  at32f435_437_usart.o(i.usart_flag_get)
    i.usart_init                             0x080021e4   Section        0  at32f435_437_usart.o(i.usart_init)
    i.usart_interrupt_enable                 0x08002290   Section        0  at32f435_437_usart.o(i.usart_interrupt_enable)
    i.usart_parity_selection_config          0x080022c6   Section        0  at32f435_437_usart.o(i.usart_parity_selection_config)
    i.usart_receiver_enable                  0x08002312   Section        0  at32f435_437_usart.o(i.usart_receiver_enable)
    i.usart_rs485_delay_time_config          0x0800231c   Section        0  at32f435_437_usart.o(i.usart_rs485_delay_time_config)
    i.usart_rs485_mode_enable                0x0800232e   Section        0  at32f435_437_usart.o(i.usart_rs485_mode_enable)
    i.usart_transmitter_enable               0x08002338   Section        0  at32f435_437_usart.o(i.usart_transmitter_enable)
    i.vMBPortSerialEnable                    0x08002344   Section        0  portserial.o(i.vMBPortSerialEnable)
    i.vMBPortTimersDisable                   0x08002394   Section        0  porttimer.o(i.vMBPortTimersDisable)
    i.vMBPortTimersEnable                    0x080023be   Section        0  porttimer.o(i.vMBPortTimersEnable)
    i.vUSARTHandler                          0x080023e8   Section        0  portserial.o(i.vUSARTHandler)
    i.xMBASCIIReceiveFSM                     0x0800242c   Section        0  mbascii.o(i.xMBASCIIReceiveFSM)
    i.xMBASCIITimerT1SExpired                0x080025ac   Section        0  mbascii.o(i.xMBASCIITimerT1SExpired)
    i.xMBASCIITransmitFSM                    0x08002614   Section        0  mbascii.o(i.xMBASCIITransmitFSM)
    i.xMBPortEventGet                        0x08002754   Section        0  portevent.o(i.xMBPortEventGet)
    i.xMBPortEventInit                       0x08002778   Section        0  portevent.o(i.xMBPortEventInit)
    i.xMBPortEventPost                       0x08002788   Section        0  portevent.o(i.xMBPortEventPost)
    i.xMBPortSerialGetByte                   0x080027a0   Section        0  portserial.o(i.xMBPortSerialGetByte)
    i.xMBPortSerialInit                      0x080027b8   Section        0  portserial.o(i.xMBPortSerialInit)
    i.xMBPortSerialPutByte                   0x080029e4   Section        0  portserial.o(i.xMBPortSerialPutByte)
    i.xMBPortTimersInit                      0x080029fc   Section        0  porttimer.o(i.xMBPortTimersInit)
    i.xMBRTUReceiveFSM                       0x08002a7c   Section        0  mbrtu.o(i.xMBRTUReceiveFSM)
    i.xMBRTUTimerT35Expired                  0x08002b4c   Section        0  mbrtu.o(i.xMBRTUTimerT35Expired)
    i.xMBRTUTransmitFSM                      0x08002bcc   Section        0  mbrtu.o(i.xMBRTUTransmitFSM)
    i.xMBUtilGetBits                         0x08002c84   Section        0  mbutils.o(i.xMBUtilGetBits)
    i.xMBUtilSetBits                         0x08002cb0   Section        0  mbutils.o(i.xMBUtilSetBits)
    x$fpl$fpinit                             0x08002d48   Section       10  fpinit.o(x$fpl$fpinit)
    $v0                                      0x08002d48   Number         0  fpinit.o(x$fpl$fpinit)
    .constdata                               0x08002d52   Section      512  mbcrc.o(.constdata)
    aucCRCHi                                 0x08002d52   Data         256  mbcrc.o(.constdata)
    aucCRCLo                                 0x08002e52   Data         256  mbcrc.o(.constdata)
    .constdata                               0x08002f52   Section       22  system_at32f435_437.o(.constdata)
    sys_ahb_div_table                        0x08002f52   Data          16  system_at32f435_437.o(.constdata)
    pll_fr_table                             0x08002f62   Data           6  system_at32f435_437.o(.constdata)
    .constdata                               0x08002f68   Section       38  at32f435_437_crm.o(.constdata)
    sclk_ahb_div_table                       0x08002f68   Data          16  at32f435_437_crm.o(.constdata)
    ahb_apb1_div_table                       0x08002f78   Data           8  at32f435_437_crm.o(.constdata)
    ahb_apb2_div_table                       0x08002f80   Data           8  at32f435_437_crm.o(.constdata)
    pll_fr_table                             0x08002f88   Data           6  at32f435_437_crm.o(.constdata)
    .conststring                             0x08002f90   Section       68  mbascii.o(.conststring)
    .conststring                             0x08002fd4   Section       99  mbrtu.o(.conststring)
    .data                                    0x20000000   Section       72  mbtask.o(.data)
    usRegInputStart                          0x20000000   Data           2  mbtask.o(.data)
    usRegInputBuf                            0x20000002   Data          32  mbtask.o(.data)
    usRegHoldingStart                        0x20000022   Data           2  mbtask.o(.data)
    usRegHoldingBuf                          0x20000024   Data          32  mbtask.o(.data)
    ucRegCoilsBuf                            0x20000044   Data           2  mbtask.o(.data)
    ucRegDiscreteBuf                         0x20000046   Data           2  mbtask.o(.data)
    .data                                    0x20000048   Section       20  mbascii.o(.data)
    eSndState                                0x20000048   Data           1  mbascii.o(.data)
    eRcvState                                0x20000049   Data           1  mbascii.o(.data)
    ucASCIIBuf                               0x2000004c   Data           4  mbascii.o(.data)
    usRcvBufferPos                           0x20000050   Data           2  mbascii.o(.data)
    eBytePos                                 0x20000052   Data           1  mbascii.o(.data)
    pucSndBufferCur                          0x20000054   Data           4  mbascii.o(.data)
    usSndBufferCount                         0x20000058   Data           2  mbascii.o(.data)
    ucLRC                                    0x2000005a   Data           1  mbascii.o(.data)
    ucMBLFCharacter                          0x2000005b   Data           1  mbascii.o(.data)
    .data                                    0x2000005c   Section        2  mbfuncother.o(.data)
    usMBSlaveIDLen                           0x2000005c   Data           2  mbfuncother.o(.data)
    .data                                    0x20000060   Section       12  mbrtu.o(.data)
    eSndState                                0x20000060   Data           1  mbrtu.o(.data)
    eRcvState                                0x20000061   Data           1  mbrtu.o(.data)
    pucSndBufferCur                          0x20000064   Data           4  mbrtu.o(.data)
    usSndBufferCount                         0x20000068   Data           2  mbrtu.o(.data)
    usRcvBufferPos                           0x2000006a   Data           2  mbrtu.o(.data)
    .data                                    0x2000006c   Section      181  mb.o(.data)
    ucMBAddress                              0x2000006c   Data           1  mb.o(.data)
    eMBCurrentMode                           0x2000006d   Data           1  mb.o(.data)
    eMBState                                 0x2000006e   Data           1  mb.o(.data)
    peMBFrameSendCur                         0x20000070   Data           4  mb.o(.data)
    pvMBFrameStartCur                        0x20000074   Data           4  mb.o(.data)
    pvMBFrameStopCur                         0x20000078   Data           4  mb.o(.data)
    peMBFrameReceiveCur                      0x2000007c   Data           4  mb.o(.data)
    pvMBFrameCloseCur                        0x20000080   Data           4  mb.o(.data)
    xFuncHandlers                            0x20000098   Data         128  mb.o(.data)
    ucMBFrame                                0x20000118   Data           4  mb.o(.data)
    ucRcvAddress                             0x2000011c   Data           1  mb.o(.data)
    ucFunctionCode                           0x2000011d   Data           1  mb.o(.data)
    usLength                                 0x2000011e   Data           2  mb.o(.data)
    eException                               0x20000120   Data           1  mb.o(.data)
    .data                                    0x20000121   Section        2  portevent.o(.data)
    eQueuedEvent                             0x20000121   Data           1  portevent.o(.data)
    xEventInQueue                            0x20000122   Data           1  portevent.o(.data)
    .data                                    0x20000124   Section       12  portserial.o(.data)
    port_uart_list                           0x20000124   Data           8  portserial.o(.data)
    port_uart                                0x2000012c   Data           4  portserial.o(.data)
    .data                                    0x20000130   Section        4  system_at32f435_437.o(.data)
    .data                                    0x20000134   Section       45  at32f435_437_board.o(.data)
    fac_us                                   0x20000154   Data           4  at32f435_437_board.o(.data)
    fac_ms                                   0x20000158   Data           4  at32f435_437_board.o(.data)
    pressed                                  0x20000160   Data           1  at32f435_437_board.o(.data)
    .bss                                     0x20000164   Section       32  mbfuncother.o(.bss)
    ucMBSlaveID                              0x20000164   Data          32  mbfuncother.o(.bss)
    .bss                                     0x20000184   Section      256  mbrtu.o(.bss)
    .bss                                     0x20000284   Section       96  libspace.o(.bss)
    HEAP                                     0x200002e8   Section      512  startup_at32f435_437.o(HEAP)
    Heap_Mem                                 0x200002e8   Data         512  startup_at32f435_437.o(HEAP)
    STACK                                    0x200004e8   Section     1024  startup_at32f435_437.o(STACK)
    Stack_Mem                                0x200004e8   Data        1024  startup_at32f435_437.o(STACK)
    __initial_sp                             0x200008e8   Data           0  startup_at32f435_437.o(STACK)

    Global Symbols

    Symbol Name                              Value     Ov Type        Size  Object(Section)

    BuildAttributes$$THM_ISAv4$E$P$D$K$B$S$7EM$VFPi3$EXTD16$VFPS$VFMA$PE$A:L22UL41UL21$X:L11$S22US41US21$IEEE1$IW$USESV6$~STKCKD$USESV7$~SHL$OSPACE$ROPI$EBA8$UX$STANDARDLIB$REQ8$PRES8$EABIv2 0x00000000   Number         0  anon$$obj.o ABSOLUTE
    __ARM_use_no_argv                        0x00000000   Number         0  main.o ABSOLUTE
    __ARM_exceptions_init                     - Undefined Weak Reference
    __alloca_initialize                       - Undefined Weak Reference
    __arm_fini_                               - Undefined Weak Reference
    __arm_preinit_                            - Undefined Weak Reference
    __cpp_initialize__aeabi_                  - Undefined Weak Reference
    __cxa_finalize                            - Undefined Weak Reference
    __rt_locale                               - Undefined Weak Reference
    __sigvec_lookup                           - Undefined Weak Reference
    _atexit_init                              - Undefined Weak Reference
    _call_atexit_fns                          - Undefined Weak Reference
    _clock_init                               - Undefined Weak Reference
    _fp_trap_init                             - Undefined Weak Reference
    _fp_trap_shutdown                         - Undefined Weak Reference
    _get_lc_collate                           - Undefined Weak Reference
    _get_lc_ctype                             - Undefined Weak Reference
    _get_lc_monetary                          - Undefined Weak Reference
    _get_lc_numeric                           - Undefined Weak Reference
    _get_lc_time                              - Undefined Weak Reference
    _getenv_init                              - Undefined Weak Reference
    _handle_redirection                       - Undefined Weak Reference
    _init_alloc                               - Undefined Weak Reference
    _init_user_alloc                          - Undefined Weak Reference
    _initio                                   - Undefined Weak Reference
    _mutex_acquire                            - Undefined Weak Reference
    _mutex_release                            - Undefined Weak Reference
    _printf_post_padding                      - Undefined Weak Reference
    _printf_pre_padding                       - Undefined Weak Reference
    _printf_truncate_signed                   - Undefined Weak Reference
    _printf_truncate_unsigned                 - Undefined Weak Reference
    _rand_init                                - Undefined Weak Reference
    _signal_finish                            - Undefined Weak Reference
    _signal_init                              - Undefined Weak Reference
    _terminate_alloc                          - Undefined Weak Reference
    _terminate_user_alloc                     - Undefined Weak Reference
    _terminateio                              - Undefined Weak Reference
    __Vectors_Size                           0x0000020c   Number         0  startup_at32f435_437.o ABSOLUTE
    __Vectors                                0x08000000   Data           4  startup_at32f435_437.o(RESET)
    __Vectors_End                            0x0800020c   Data           0  startup_at32f435_437.o(RESET)
    __main                                   0x0800020d   Thumb Code     8  __main.o(!!!main)
    __scatterload                            0x08000215   Thumb Code     0  __scatter.o(!!!scatter)
    __scatterload_rt2                        0x08000215   Thumb Code    44  __scatter.o(!!!scatter)
    __scatterload_rt2_thumb_only             0x08000215   Thumb Code     0  __scatter.o(!!!scatter)
    __scatterload_null                       0x08000223   Thumb Code     0  __scatter.o(!!!scatter)
    __decompress                             0x08000249   Thumb Code    90  __dczerorl2.o(!!dczerorl2)
    __decompress1                            0x08000249   Thumb Code     0  __dczerorl2.o(!!dczerorl2)
    __scatterload_zeroinit                   0x080002a5   Thumb Code    28  __scatter_zi.o(!!handler_zi)
    _printf_percent                          0x080002c1   Thumb Code     0  _printf_percent.o(.ARM.Collect$$_printf_percent$$00000000)
    _printf_u                                0x080002c1   Thumb Code     0  _printf_u.o(.ARM.Collect$$_printf_percent$$0000000A)
    _printf_percent_end                      0x080002c7   Thumb Code     0  _printf_percent_end.o(.ARM.Collect$$_printf_percent$$00000017)
    __rt_lib_init                            0x080002cb   Thumb Code     0  libinit.o(.ARM.Collect$$libinit$$00000000)
    __rt_lib_init_fp_1                       0x080002cd   Thumb Code     0  libinit2.o(.ARM.Collect$$libinit$$00000001)
    __rt_lib_init_alloca_1                   0x080002d1   Thumb Code     0  libinit2.o(.ARM.Collect$$libinit$$0000002E)
    __rt_lib_init_argv_1                     0x080002d1   Thumb Code     0  libinit2.o(.ARM.Collect$$libinit$$0000002C)
    __rt_lib_init_atexit_1                   0x080002d1   Thumb Code     0  libinit2.o(.ARM.Collect$$libinit$$0000001B)
    __rt_lib_init_clock_1                    0x080002d1   Thumb Code     0  libinit2.o(.ARM.Collect$$libinit$$00000021)
    __rt_lib_init_cpp_1                      0x080002d1   Thumb Code     0  libinit2.o(.ARM.Collect$$libinit$$00000032)
    __rt_lib_init_exceptions_1               0x080002d1   Thumb Code     0  libinit2.o(.ARM.Collect$$libinit$$00000030)
    __rt_lib_init_fp_trap_1                  0x080002d1   Thumb Code     0  libinit2.o(.ARM.Collect$$libinit$$0000001F)
    __rt_lib_init_getenv_1                   0x080002d1   Thumb Code     0  libinit2.o(.ARM.Collect$$libinit$$00000023)
    __rt_lib_init_heap_1                     0x080002d1   Thumb Code     0  libinit2.o(.ARM.Collect$$libinit$$0000000A)
    __rt_lib_init_lc_collate_1               0x080002d1   Thumb Code     0  libinit2.o(.ARM.Collect$$libinit$$00000011)
    __rt_lib_init_lc_ctype_1                 0x080002d1   Thumb Code     0  libinit2.o(.ARM.Collect$$libinit$$00000013)
    __rt_lib_init_lc_monetary_1              0x080002d1   Thumb Code     0  libinit2.o(.ARM.Collect$$libinit$$00000015)
    __rt_lib_init_lc_numeric_1               0x080002d1   Thumb Code     0  libinit2.o(.ARM.Collect$$libinit$$00000017)
    __rt_lib_init_lc_time_1                  0x080002d1   Thumb Code     0  libinit2.o(.ARM.Collect$$libinit$$00000019)
    __rt_lib_init_preinit_1                  0x080002d1   Thumb Code     0  libinit2.o(.ARM.Collect$$libinit$$00000004)
    __rt_lib_init_rand_1                     0x080002d1   Thumb Code     0  libinit2.o(.ARM.Collect$$libinit$$0000000E)
    __rt_lib_init_return                     0x080002d1   Thumb Code     0  libinit2.o(.ARM.Collect$$libinit$$00000033)
    __rt_lib_init_signal_1                   0x080002d1   Thumb Code     0  libinit2.o(.ARM.Collect$$libinit$$0000001D)
    __rt_lib_init_stdio_1                    0x080002d1   Thumb Code     0  libinit2.o(.ARM.Collect$$libinit$$00000025)
    __rt_lib_init_user_alloc_1               0x080002d1   Thumb Code     0  libinit2.o(.ARM.Collect$$libinit$$0000000C)
    __rt_lib_shutdown                        0x080002d3   Thumb Code     0  libshutdown.o(.ARM.Collect$$libshutdown$$00000000)
    __rt_lib_shutdown_cpp_1                  0x080002d5   Thumb Code     0  libshutdown2.o(.ARM.Collect$$libshutdown$$00000004)
    __rt_lib_shutdown_fini_1                 0x080002d5   Thumb Code     0  libshutdown2.o(.ARM.Collect$$libshutdown$$00000002)
    __rt_lib_shutdown_fp_trap_1              0x080002d5   Thumb Code     0  libshutdown2.o(.ARM.Collect$$libshutdown$$00000009)
    __rt_lib_shutdown_heap_1                 0x080002d5   Thumb Code     0  libshutdown2.o(.ARM.Collect$$libshutdown$$00000011)
    __rt_lib_shutdown_return                 0x080002d5   Thumb Code     0  libshutdown2.o(.ARM.Collect$$libshutdown$$00000012)
    __rt_lib_shutdown_signal_1               0x080002d5   Thumb Code     0  libshutdown2.o(.ARM.Collect$$libshutdown$$0000000C)
    __rt_lib_shutdown_stdio_1                0x080002d5   Thumb Code     0  libshutdown2.o(.ARM.Collect$$libshutdown$$00000006)
    __rt_lib_shutdown_user_alloc_1           0x080002d5   Thumb Code     0  libshutdown2.o(.ARM.Collect$$libshutdown$$0000000E)
    __rt_entry                               0x080002d7   Thumb Code     0  __rtentry.o(.ARM.Collect$$rtentry$$00000000)
    __rt_entry_presh_1                       0x080002d7   Thumb Code     0  __rtentry2.o(.ARM.Collect$$rtentry$$00000002)
    __rt_entry_sh                            0x080002d7   Thumb Code     0  __rtentry4.o(.ARM.Collect$$rtentry$$00000004)
    __rt_entry_li                            0x080002dd   Thumb Code     0  __rtentry2.o(.ARM.Collect$$rtentry$$0000000A)
    __rt_entry_postsh_1                      0x080002dd   Thumb Code     0  __rtentry2.o(.ARM.Collect$$rtentry$$00000009)
    __rt_entry_main                          0x080002e1   Thumb Code     0  __rtentry2.o(.ARM.Collect$$rtentry$$0000000D)
    __rt_entry_postli_1                      0x080002e1   Thumb Code     0  __rtentry2.o(.ARM.Collect$$rtentry$$0000000C)
    __rt_exit                                0x080002e9   Thumb Code     0  rtexit.o(.ARM.Collect$$rtexit$$00000000)
    __rt_exit_ls                             0x080002eb   Thumb Code     0  rtexit2.o(.ARM.Collect$$rtexit$$00000003)
    __rt_exit_prels_1                        0x080002eb   Thumb Code     0  rtexit2.o(.ARM.Collect$$rtexit$$00000002)
    __rt_exit_exit                           0x080002ef   Thumb Code     0  rtexit2.o(.ARM.Collect$$rtexit$$00000004)
    Reset_Handler                            0x080002f5   Thumb Code     8  startup_at32f435_437.o(.text)
    ACC_IRQHandler                           0x0800030f   Thumb Code     0  startup_at32f435_437.o(.text)
    ADC1_2_3_IRQHandler                      0x0800030f   Thumb Code     0  startup_at32f435_437.o(.text)
    CAN1_RX0_IRQHandler                      0x0800030f   Thumb Code     0  startup_at32f435_437.o(.text)
    CAN1_RX1_IRQHandler                      0x0800030f   Thumb Code     0  startup_at32f435_437.o(.text)
    CAN1_SE_IRQHandler                       0x0800030f   Thumb Code     0  startup_at32f435_437.o(.text)
    CAN1_TX_IRQHandler                       0x0800030f   Thumb Code     0  startup_at32f435_437.o(.text)
    CAN2_RX0_IRQHandler                      0x0800030f   Thumb Code     0  startup_at32f435_437.o(.text)
    CAN2_RX1_IRQHandler                      0x0800030f   Thumb Code     0  startup_at32f435_437.o(.text)
    CAN2_SE_IRQHandler                       0x0800030f   Thumb Code     0  startup_at32f435_437.o(.text)
    CAN2_TX_IRQHandler                       0x0800030f   Thumb Code     0  startup_at32f435_437.o(.text)
    CRM_IRQHandler                           0x0800030f   Thumb Code     0  startup_at32f435_437.o(.text)
    DMA1_Channel1_IRQHandler                 0x0800030f   Thumb Code     0  startup_at32f435_437.o(.text)
    DMA1_Channel2_IRQHandler                 0x0800030f   Thumb Code     0  startup_at32f435_437.o(.text)
    DMA1_Channel3_IRQHandler                 0x0800030f   Thumb Code     0  startup_at32f435_437.o(.text)
    DMA1_Channel4_IRQHandler                 0x0800030f   Thumb Code     0  startup_at32f435_437.o(.text)
    DMA1_Channel5_IRQHandler                 0x0800030f   Thumb Code     0  startup_at32f435_437.o(.text)
    DMA1_Channel6_IRQHandler                 0x0800030f   Thumb Code     0  startup_at32f435_437.o(.text)
    DMA1_Channel7_IRQHandler                 0x0800030f   Thumb Code     0  startup_at32f435_437.o(.text)
    DMA2_Channel1_IRQHandler                 0x0800030f   Thumb Code     0  startup_at32f435_437.o(.text)
    DMA2_Channel2_IRQHandler                 0x0800030f   Thumb Code     0  startup_at32f435_437.o(.text)
    DMA2_Channel3_IRQHandler                 0x0800030f   Thumb Code     0  startup_at32f435_437.o(.text)
    DMA2_Channel4_IRQHandler                 0x0800030f   Thumb Code     0  startup_at32f435_437.o(.text)
    DMA2_Channel5_IRQHandler                 0x0800030f   Thumb Code     0  startup_at32f435_437.o(.text)
    DMA2_Channel6_IRQHandler                 0x0800030f   Thumb Code     0  startup_at32f435_437.o(.text)
    DMA2_Channel7_IRQHandler                 0x0800030f   Thumb Code     0  startup_at32f435_437.o(.text)
    DMAMUX_IRQHandler                        0x0800030f   Thumb Code     0  startup_at32f435_437.o(.text)
    DVP_IRQHandler                           0x0800030f   Thumb Code     0  startup_at32f435_437.o(.text)
    EDMA_Stream1_IRQHandler                  0x0800030f   Thumb Code     0  startup_at32f435_437.o(.text)
    EDMA_Stream2_IRQHandler                  0x0800030f   Thumb Code     0  startup_at32f435_437.o(.text)
    EDMA_Stream3_IRQHandler                  0x0800030f   Thumb Code     0  startup_at32f435_437.o(.text)
    EDMA_Stream4_IRQHandler                  0x0800030f   Thumb Code     0  startup_at32f435_437.o(.text)
    EDMA_Stream5_IRQHandler                  0x0800030f   Thumb Code     0  startup_at32f435_437.o(.text)
    EDMA_Stream6_IRQHandler                  0x0800030f   Thumb Code     0  startup_at32f435_437.o(.text)
    EDMA_Stream7_IRQHandler                  0x0800030f   Thumb Code     0  startup_at32f435_437.o(.text)
    EDMA_Stream8_IRQHandler                  0x0800030f   Thumb Code     0  startup_at32f435_437.o(.text)
    EMAC_IRQHandler                          0x0800030f   Thumb Code     0  startup_at32f435_437.o(.text)
    EMAC_WKUP_IRQHandler                     0x0800030f   Thumb Code     0  startup_at32f435_437.o(.text)
    ERTCAlarm_IRQHandler                     0x0800030f   Thumb Code     0  startup_at32f435_437.o(.text)
    ERTC_WKUP_IRQHandler                     0x0800030f   Thumb Code     0  startup_at32f435_437.o(.text)
    EXINT0_IRQHandler                        0x0800030f   Thumb Code     0  startup_at32f435_437.o(.text)
    EXINT15_10_IRQHandler                    0x0800030f   Thumb Code     0  startup_at32f435_437.o(.text)
    EXINT1_IRQHandler                        0x0800030f   Thumb Code     0  startup_at32f435_437.o(.text)
    EXINT2_IRQHandler                        0x0800030f   Thumb Code     0  startup_at32f435_437.o(.text)
    EXINT3_IRQHandler                        0x0800030f   Thumb Code     0  startup_at32f435_437.o(.text)
    EXINT4_IRQHandler                        0x0800030f   Thumb Code     0  startup_at32f435_437.o(.text)
    EXINT9_5_IRQHandler                      0x0800030f   Thumb Code     0  startup_at32f435_437.o(.text)
    FLASH_IRQHandler                         0x0800030f   Thumb Code     0  startup_at32f435_437.o(.text)
    FPU_IRQHandler                           0x0800030f   Thumb Code     0  startup_at32f435_437.o(.text)
    I2C1_ERR_IRQHandler                      0x0800030f   Thumb Code     0  startup_at32f435_437.o(.text)
    I2C1_EVT_IRQHandler                      0x0800030f   Thumb Code     0  startup_at32f435_437.o(.text)
    I2C2_ERR_IRQHandler                      0x0800030f   Thumb Code     0  startup_at32f435_437.o(.text)
    I2C2_EVT_IRQHandler                      0x0800030f   Thumb Code     0  startup_at32f435_437.o(.text)
    I2C3_ERR_IRQHandler                      0x0800030f   Thumb Code     0  startup_at32f435_437.o(.text)
    I2C3_EVT_IRQHandler                      0x0800030f   Thumb Code     0  startup_at32f435_437.o(.text)
    OTGFS1_IRQHandler                        0x0800030f   Thumb Code     0  startup_at32f435_437.o(.text)
    OTGFS1_WKUP_IRQHandler                   0x0800030f   Thumb Code     0  startup_at32f435_437.o(.text)
    OTGFS2_IRQHandler                        0x0800030f   Thumb Code     0  startup_at32f435_437.o(.text)
    OTGFS2_WKUP_IRQHandler                   0x0800030f   Thumb Code     0  startup_at32f435_437.o(.text)
    PVM_IRQHandler                           0x0800030f   Thumb Code     0  startup_at32f435_437.o(.text)
    QSPI1_IRQHandler                         0x0800030f   Thumb Code     0  startup_at32f435_437.o(.text)
    QSPI2_IRQHandler                         0x0800030f   Thumb Code     0  startup_at32f435_437.o(.text)
    SDIO1_IRQHandler                         0x0800030f   Thumb Code     0  startup_at32f435_437.o(.text)
    SDIO2_IRQHandler                         0x0800030f   Thumb Code     0  startup_at32f435_437.o(.text)
    SPI1_IRQHandler                          0x0800030f   Thumb Code     0  startup_at32f435_437.o(.text)
    SPI2_I2S2EXT_IRQHandler                  0x0800030f   Thumb Code     0  startup_at32f435_437.o(.text)
    SPI3_I2S3EXT_IRQHandler                  0x0800030f   Thumb Code     0  startup_at32f435_437.o(.text)
    SPI4_IRQHandler                          0x0800030f   Thumb Code     0  startup_at32f435_437.o(.text)
    TAMP_STAMP_IRQHandler                    0x0800030f   Thumb Code     0  startup_at32f435_437.o(.text)
    TMR1_BRK_TMR9_IRQHandler                 0x0800030f   Thumb Code     0  startup_at32f435_437.o(.text)
    TMR1_CH_IRQHandler                       0x0800030f   Thumb Code     0  startup_at32f435_437.o(.text)
    TMR1_OVF_TMR10_IRQHandler                0x0800030f   Thumb Code     0  startup_at32f435_437.o(.text)
    TMR1_TRG_HALL_TMR11_IRQHandler           0x0800030f   Thumb Code     0  startup_at32f435_437.o(.text)
    TMR20_BRK_IRQHandler                     0x0800030f   Thumb Code     0  startup_at32f435_437.o(.text)
    TMR20_CH_IRQHandler                      0x0800030f   Thumb Code     0  startup_at32f435_437.o(.text)
    TMR20_OVF_IRQHandler                     0x0800030f   Thumb Code     0  startup_at32f435_437.o(.text)
    TMR20_TRG_HALL_IRQHandler                0x0800030f   Thumb Code     0  startup_at32f435_437.o(.text)
    TMR3_GLOBAL_IRQHandler                   0x0800030f   Thumb Code     0  startup_at32f435_437.o(.text)
    TMR4_GLOBAL_IRQHandler                   0x0800030f   Thumb Code     0  startup_at32f435_437.o(.text)
    TMR5_GLOBAL_IRQHandler                   0x0800030f   Thumb Code     0  startup_at32f435_437.o(.text)
    TMR6_DAC_GLOBAL_IRQHandler               0x0800030f   Thumb Code     0  startup_at32f435_437.o(.text)
    TMR7_GLOBAL_IRQHandler                   0x0800030f   Thumb Code     0  startup_at32f435_437.o(.text)
    TMR8_BRK_TMR12_IRQHandler                0x0800030f   Thumb Code     0  startup_at32f435_437.o(.text)
    TMR8_CH_IRQHandler                       0x0800030f   Thumb Code     0  startup_at32f435_437.o(.text)
    TMR8_OVF_TMR13_IRQHandler                0x0800030f   Thumb Code     0  startup_at32f435_437.o(.text)
    TMR8_TRG_HALL_TMR14_IRQHandler           0x0800030f   Thumb Code     0  startup_at32f435_437.o(.text)
    UART4_IRQHandler                         0x0800030f   Thumb Code     0  startup_at32f435_437.o(.text)
    UART5_IRQHandler                         0x0800030f   Thumb Code     0  startup_at32f435_437.o(.text)
    UART7_IRQHandler                         0x0800030f   Thumb Code     0  startup_at32f435_437.o(.text)
    UART8_IRQHandler                         0x0800030f   Thumb Code     0  startup_at32f435_437.o(.text)
    USART1_IRQHandler                        0x0800030f   Thumb Code     0  startup_at32f435_437.o(.text)
    USART6_IRQHandler                        0x0800030f   Thumb Code     0  startup_at32f435_437.o(.text)
    WWDT_IRQHandler                          0x0800030f   Thumb Code     0  startup_at32f435_437.o(.text)
    XMC_IRQHandler                           0x0800030f   Thumb Code     0  startup_at32f435_437.o(.text)
    __user_initial_stackheap                 0x08000311   Thumb Code     0  startup_at32f435_437.o(.text)
    __use_no_semihosting                     0x08000335   Thumb Code     2  use_no_semi_2.o(.text)
    __aeabi_uldivmod                         0x08000337   Thumb Code     0  lludivv7m.o(.text)
    _ll_udiv                                 0x08000337   Thumb Code   238  lludivv7m.o(.text)
    __2printf                                0x08000425   Thumb Code    20  noretval__2printf.o(.text)
    __printf                                 0x0800043d   Thumb Code   104  __printf.o(.text)
    _printf_int_dec                          0x080004a5   Thumb Code   104  _printf_dec.o(.text)
    __aeabi_assert                           0x0800051d   Thumb Code    86  assert.o(.text)
    __assert                                 0x0800051d   Thumb Code     0  assert.o(.text)
    __aeabi_memcpy                           0x0800059d   Thumb Code     0  rt_memcpy_v6.o(.text)
    __rt_memcpy                              0x0800059d   Thumb Code   138  rt_memcpy_v6.o(.text)
    _memcpy_lastbytes                        0x08000603   Thumb Code     0  rt_memcpy_v6.o(.text)
    __use_two_region_memory                  0x08000627   Thumb Code     2  heapauxi.o(.text)
    __rt_heap_escrow$2region                 0x08000629   Thumb Code     2  heapauxi.o(.text)
    __rt_heap_expand$2region                 0x0800062b   Thumb Code     2  heapauxi.o(.text)
    __I$use$semihosting                      0x0800062d   Thumb Code     0  use_no_semi.o(.text)
    __use_no_semihosting_swi                 0x0800062d   Thumb Code     2  use_no_semi.o(.text)
    _printf_int_common                       0x0800062f   Thumb Code   178  _printf_intcommon.o(.text)
    _printf_char_file                        0x080006e1   Thumb Code    32  _printf_char_file.o(.text)
    abort                                    0x08000705   Thumb Code    22  abort.o(.text)
    __assert_puts                            0x0800071b   Thumb Code    20  assert_puts.o(.text)
    __aeabi_memcpy4                          0x0800072f   Thumb Code     0  rt_memcpy_w.o(.text)
    __aeabi_memcpy8                          0x0800072f   Thumb Code     0  rt_memcpy_w.o(.text)
    __rt_memcpy_w                            0x0800072f   Thumb Code   100  rt_memcpy_w.o(.text)
    _memcpy_lastbytes_aligned                0x08000777   Thumb Code     0  rt_memcpy_w.o(.text)
    _printf_char_common                      0x0800079f   Thumb Code    32  _printf_char_common.o(.text)
    ferror                                   0x080007c5   Thumb Code     8  ferror.o(.text)
    __rt_SIGABRT                             0x080007cd   Thumb Code    14  defsig_abrt_outer.o(.text)
    __user_setup_stackheap                   0x080007db   Thumb Code    74  sys_stackheap_outer.o(.text)
    exit                                     0x08000825   Thumb Code    18  exit.o(.text)
    __sig_exit                               0x08000837   Thumb Code    10  defsig_exit.o(.text)
    __rt_SIGABRT_inner                       0x08000841   Thumb Code    14  defsig_abrt_inner.o(.text)
    __user_libspace                          0x08000871   Thumb Code     8  libspace.o(.text)
    __user_perproc_libspace                  0x08000871   Thumb Code     0  libspace.o(.text)
    __user_perthread_libspace                0x08000871   Thumb Code     0  libspace.o(.text)
    __default_signal_display                 0x08000879   Thumb Code    50  defsig_general.o(.text)
    BusFault_Handler                         0x080008ab   Thumb Code     4  at32f435_437_int.o(i.BusFault_Handler)
    DebugMon_Handler                         0x080008af   Thumb Code     2  at32f435_437_int.o(i.DebugMon_Handler)
    HardFault_Handler                        0x080008b1   Thumb Code     4  at32f435_437_int.o(i.HardFault_Handler)
    MemManage_Handler                        0x080008b5   Thumb Code     4  at32f435_437_int.o(i.MemManage_Handler)
    NMI_Handler                              0x080008b9   Thumb Code     2  at32f435_437_int.o(i.NMI_Handler)
    PendSV_Handler                           0x080008bb   Thumb Code     2  at32f435_437_int.o(i.PendSV_Handler)
    SVC_Handler                              0x080008bd   Thumb Code     2  at32f435_437_int.o(i.SVC_Handler)
    SysTick_Handler                          0x080008bf   Thumb Code     2  at32f435_437_int.o(i.SysTick_Handler)
    SystemInit                               0x080008c1   Thumb Code   128  system_at32f435_437.o(i.SystemInit)
    TMR2_GLOBAL_IRQHandler                   0x08000951   Thumb Code    26  porttimer.o(i.TMR2_GLOBAL_IRQHandler)
    USART2_IRQHandler                        0x0800096b   Thumb Code     8  portserial.o(i.USART2_IRQHandler)
    USART3_IRQHandler                        0x08000973   Thumb Code     8  portserial.o(i.USART3_IRQHandler)
    UsageFault_Handler                       0x0800097b   Thumb Code     4  at32f435_437_int.o(i.UsageFault_Handler)
    _sys_exit                                0x0800099d   Thumb Code     4  at32f435_437_board.o(i._sys_exit)
    _ttywrch                                 0x080009a1   Thumb Code     4  at32f435_437_board.o(i._ttywrch)
    at32_board_init                          0x080009a5   Thumb Code    48  at32f435_437_board.o(i.at32_board_init)
    at32_button_init                         0x080009d5   Thumb Code    54  at32f435_437_board.o(i.at32_button_init)
    at32_led_init                            0x08000a11   Thumb Code    68  at32f435_437_board.o(i.at32_led_init)
    at32_led_off                             0x08000a61   Thumb Code    32  at32f435_437_board.o(i.at32_led_off)
    crm_ahb_div_set                          0x08000a89   Thumb Code    14  at32f435_437_crm.o(i.crm_ahb_div_set)
    crm_apb1_div_set                         0x08000a9d   Thumb Code    14  at32f435_437_crm.o(i.crm_apb1_div_set)
    crm_apb2_div_set                         0x08000ab1   Thumb Code    14  at32f435_437_crm.o(i.crm_apb2_div_set)
    crm_auto_step_mode_enable                0x08000ac5   Thumb Code    34  at32f435_437_crm.o(i.crm_auto_step_mode_enable)
    crm_clock_source_enable                  0x08000aed   Thumb Code    98  at32f435_437_crm.o(i.crm_clock_source_enable)
    crm_clocks_freq_get                      0x08000b55   Thumb Code   242  at32f435_437_crm.o(i.crm_clocks_freq_get)
    crm_flag_get                             0x08000c65   Thumb Code    44  at32f435_437_crm.o(i.crm_flag_get)
    crm_hext_stable_wait                     0x08000c95   Thumb Code    46  at32f435_437_crm.o(i.crm_hext_stable_wait)
    crm_periph_clock_enable                  0x08000cc5   Thumb Code    70  at32f435_437_crm.o(i.crm_periph_clock_enable)
    crm_pll_config                           0x08000d11   Thumb Code    46  at32f435_437_crm.o(i.crm_pll_config)
    crm_reset                                0x08000d45   Thumb Code   106  at32f435_437_crm.o(i.crm_reset)
    crm_sysclk_switch                        0x08000dbd   Thumb Code    14  at32f435_437_crm.o(i.crm_sysclk_switch)
    crm_sysclk_switch_status_get             0x08000dd1   Thumb Code    10  at32f435_437_crm.o(i.crm_sysclk_switch_status_get)
    delay_init                               0x08000de1   Thumb Code    38  at32f435_437_board.o(i.delay_init)
    eMBASCIIInit                             0x08000e19   Thumb Code    64  mbascii.o(i.eMBASCIIInit)
    eMBASCIIReceive                          0x08000e5d   Thumb Code    92  mbascii.o(i.eMBASCIIReceive)
    eMBASCIISend                             0x08000f05   Thumb Code   106  mbascii.o(i.eMBASCIISend)
    eMBASCIIStart                            0x08000f85   Thumb Code    28  mbascii.o(i.eMBASCIIStart)
    eMBASCIIStop                             0x08000fa5   Thumb Code    20  mbascii.o(i.eMBASCIIStop)
    eMBEnable                                0x08000fb9   Thumb Code    32  mb.o(i.eMBEnable)
    eMBFuncReadCoils                         0x08000fe1   Thumb Code   174  mbfunccoils.o(i.eMBFuncReadCoils)
    eMBFuncReadDiscreteInputs                0x0800108f   Thumb Code   172  mbfuncdisc.o(i.eMBFuncReadDiscreteInputs)
    eMBFuncReadHoldingRegister               0x0800113b   Thumb Code   140  mbfuncholding.o(i.eMBFuncReadHoldingRegister)
    eMBFuncReadInputRegister                 0x080011c7   Thumb Code   140  mbfuncinput.o(i.eMBFuncReadInputRegister)
    eMBFuncReadWriteMultipleHoldingRegister  0x08001253   Thumb Code   212  mbfuncholding.o(i.eMBFuncReadWriteMultipleHoldingRegister)
    eMBFuncReportSlaveID                     0x08001329   Thumb Code    30  mbfuncother.o(i.eMBFuncReportSlaveID)
    eMBFuncWriteCoil                         0x08001351   Thumb Code   112  mbfunccoils.o(i.eMBFuncWriteCoil)
    eMBFuncWriteHoldingRegister              0x080013c1   Thumb Code    66  mbfuncholding.o(i.eMBFuncWriteHoldingRegister)
    eMBFuncWriteMultipleCoils                0x08001403   Thumb Code   144  mbfunccoils.o(i.eMBFuncWriteMultipleCoils)
    eMBFuncWriteMultipleHoldingRegister      0x08001493   Thumb Code   110  mbfuncholding.o(i.eMBFuncWriteMultipleHoldingRegister)
    eMBInit                                  0x08001501   Thumb Code   222  mb.o(i.eMBInit)
    eMBPoll                                  0x08001645   Thumb Code   268  mb.o(i.eMBPoll)
    eMBRTUInit                               0x0800177d   Thumb Code    80  mbrtu.o(i.eMBRTUInit)
    eMBRTUReceive                            0x080017d1   Thumb Code    94  mbrtu.o(i.eMBRTUReceive)
    eMBRTUSend                               0x08001879   Thumb Code   120  mbrtu.o(i.eMBRTUSend)
    eMBRTUStart                              0x08001905   Thumb Code    26  mbrtu.o(i.eMBRTUStart)
    eMBRTUStop                               0x08001925   Thumb Code    20  mbrtu.o(i.eMBRTUStop)
    eMBRegCoilsCB                            0x08001939   Thumb Code   146  mbtask.o(i.eMBRegCoilsCB)
    eMBRegDiscreteCB                         0x080019d1   Thumb Code    90  mbtask.o(i.eMBRegDiscreteCB)
    eMBRegHoldingCB                          0x08001a31   Thumb Code   116  mbtask.o(i.eMBRegHoldingCB)
    eMBRegInputCB                            0x08001aad   Thumb Code    62  mbtask.o(i.eMBRegInputCB)
    fputc                                    0x08001af5   Thumb Code    32  at32f435_437_board.o(i.fputc)
    gpio_default_para_init                   0x08001b19   Thumb Code    20  at32f435_437_gpio.o(i.gpio_default_para_init)
    gpio_init                                0x08001b2d   Thumb Code   122  at32f435_437_gpio.o(i.gpio_init)
    gpio_pin_mux_config                      0x08001ba7   Thumb Code    66  at32f435_437_gpio.o(i.gpio_pin_mux_config)
    main                                     0x08001be9   Thumb Code    30  main.o(i.main)
    modbus_task                              0x08001c21   Thumb Code    86  mbtask.o(i.modbus_task)
    nvic_irq_disable                         0x08001d1d   Thumb Code    38  at32f435_437_misc.o(i.nvic_irq_disable)
    nvic_irq_enable                          0x08001d49   Thumb Code   190  at32f435_437_misc.o(i.nvic_irq_enable)
    prveMBError2Exception                    0x08001e11   Thumb Code    34  mbutils.o(i.prveMBError2Exception)
    system_clock_config                      0x08001ef9   Thumb Code   144  at32f435_437_clock.o(i.system_clock_config)
    system_core_clock_update                 0x08001f95   Thumb Code   214  system_at32f435_437.o(i.system_core_clock_update)
    systick_clock_source_config              0x08002085   Thumb Code    40  at32f435_437_misc.o(i.systick_clock_source_config)
    tmr_base_init                            0x080020ad   Thumb Code    16  at32f435_437_tmr.o(i.tmr_base_init)
    tmr_cnt_dir_set                          0x080020bd   Thumb Code    10  at32f435_437_tmr.o(i.tmr_cnt_dir_set)
    tmr_counter_enable                       0x080020c7   Thumb Code    10  at32f435_437_tmr.o(i.tmr_counter_enable)
    tmr_counter_value_set                    0x080020d1   Thumb Code     4  at32f435_437_tmr.o(i.tmr_counter_value_set)
    tmr_flag_clear                           0x080020d5   Thumb Code     6  at32f435_437_tmr.o(i.tmr_flag_clear)
    tmr_flag_get                             0x080020db   Thumb Code    18  at32f435_437_tmr.o(i.tmr_flag_get)
    tmr_interrupt_enable                     0x080020ed   Thumb Code    22  at32f435_437_tmr.o(i.tmr_interrupt_enable)
    uart_print_init                          0x08002105   Thumb Code   104  at32f435_437_board.o(i.uart_print_init)
    usMBCRC16                                0x08002179   Thumb Code    48  mbcrc.o(i.usMBCRC16)
    usart_data_receive                       0x080021b1   Thumb Code     8  at32f435_437_usart.o(i.usart_data_receive)
    usart_data_transmit                      0x080021b9   Thumb Code     8  at32f435_437_usart.o(i.usart_data_transmit)
    usart_de_polarity_set                    0x080021c1   Thumb Code    10  at32f435_437_usart.o(i.usart_de_polarity_set)
    usart_enable                             0x080021cb   Thumb Code    10  at32f435_437_usart.o(i.usart_enable)
    usart_flag_get                           0x080021d5   Thumb Code    16  at32f435_437_usart.o(i.usart_flag_get)
    usart_init                               0x080021e5   Thumb Code   162  at32f435_437_usart.o(i.usart_init)
    usart_interrupt_enable                   0x08002291   Thumb Code    54  at32f435_437_usart.o(i.usart_interrupt_enable)
    usart_parity_selection_config            0x080022c7   Thumb Code    76  at32f435_437_usart.o(i.usart_parity_selection_config)
    usart_receiver_enable                    0x08002313   Thumb Code    10  at32f435_437_usart.o(i.usart_receiver_enable)
    usart_rs485_delay_time_config            0x0800231d   Thumb Code    18  at32f435_437_usart.o(i.usart_rs485_delay_time_config)
    usart_rs485_mode_enable                  0x0800232f   Thumb Code    10  at32f435_437_usart.o(i.usart_rs485_mode_enable)
    usart_transmitter_enable                 0x08002339   Thumb Code    10  at32f435_437_usart.o(i.usart_transmitter_enable)
    vMBPortSerialEnable                      0x08002345   Thumb Code    72  portserial.o(i.vMBPortSerialEnable)
    vMBPortTimersDisable                     0x08002395   Thumb Code    42  porttimer.o(i.vMBPortTimersDisable)
    vMBPortTimersEnable                      0x080023bf   Thumb Code    40  porttimer.o(i.vMBPortTimersEnable)
    vUSARTHandler                            0x080023e9   Thumb Code    64  portserial.o(i.vUSARTHandler)
    xMBASCIIReceiveFSM                       0x0800242d   Thumb Code   304  mbascii.o(i.xMBASCIIReceiveFSM)
    xMBASCIITimerT1SExpired                  0x080025ad   Thumb Code    68  mbascii.o(i.xMBASCIITimerT1SExpired)
    xMBASCIITransmitFSM                      0x08002615   Thumb Code   240  mbascii.o(i.xMBASCIITransmitFSM)
    xMBPortEventGet                          0x08002755   Thumb Code    26  portevent.o(i.xMBPortEventGet)
    xMBPortEventInit                         0x08002779   Thumb Code    10  portevent.o(i.xMBPortEventInit)
    xMBPortEventPost                         0x08002789   Thumb Code    16  portevent.o(i.xMBPortEventPost)
    xMBPortSerialGetByte                     0x080027a1   Thumb Code    18  portserial.o(i.xMBPortSerialGetByte)
    xMBPortSerialInit                        0x080027b9   Thumb Code   528  portserial.o(i.xMBPortSerialInit)
    xMBPortSerialPutByte                     0x080029e5   Thumb Code    18  portserial.o(i.xMBPortSerialPutByte)
    xMBPortTimersInit                        0x080029fd   Thumb Code   118  porttimer.o(i.xMBPortTimersInit)
    xMBRTUReceiveFSM                         0x08002a7d   Thumb Code   140  mbrtu.o(i.xMBRTUReceiveFSM)
    xMBRTUTimerT35Expired                    0x08002b4d   Thumb Code    96  mbrtu.o(i.xMBRTUTimerT35Expired)
    xMBRTUTransmitFSM                        0x08002bcd   Thumb Code   116  mbrtu.o(i.xMBRTUTransmitFSM)
    xMBUtilGetBits                           0x08002c85   Thumb Code    42  mbutils.o(i.xMBUtilGetBits)
    xMBUtilSetBits                           0x08002cb1   Thumb Code   104  mbutils.o(i.xMBUtilSetBits)
    _fp_init                                 0x08002d49   Thumb Code    10  fpinit.o(x$fpl$fpinit)
    __fplib_config_fpu_vfp                   0x08002d51   Thumb Code     0  fpinit.o(x$fpl$fpinit)
    __fplib_config_pureend_doubles           0x08002d51   Thumb Code     0  fpinit.o(x$fpl$fpinit)
    Region$$Table$$Base                      0x08003038   Number         0  anon$$obj.o(Region$$Table)
    Region$$Table$$Limit                     0x08003058   Number         0  anon$$obj.o(Region$$Table)
    pxMBFrameCBByteReceived                  0x20000084   Data           4  mb.o(.data)
    pxMBFrameCBTransmitterEmpty              0x20000088   Data           4  mb.o(.data)
    pxMBPortCBTimerExpired                   0x2000008c   Data           4  mb.o(.data)
    pxMBFrameCBReceiveFSMCur                 0x20000090   Data           4  mb.o(.data)
    pxMBFrameCBTransmitFSMCur                0x20000094   Data           4  mb.o(.data)
    system_core_clock                        0x20000130   Data           4  system_at32f435_437.o(.data)
    led_gpio_port                            0x20000134   Data          12  at32f435_437_board.o(.data)
    led_gpio_pin                             0x20000140   Data           6  at32f435_437_board.o(.data)
    led_gpio_crm_clk                         0x20000148   Data          12  at32f435_437_board.o(.data)
    __stdout                                 0x2000015c   Data           4  at32f435_437_board.o(.data)
    ucRTUBuf                                 0x20000184   Data         256  mbrtu.o(.bss)
    __libspace_start                         0x20000284   Data          96  libspace.o(.bss)
    __temporary_stack_top$libspace           0x200002e4   Data           0  libspace.o(.bss)



==============================================================================

Memory Map of the image

  Image Entry point : 0x0800020d

  Load Region LR_IROM1 (Base: 0x08000000, Size: 0x000031bc, Max: 0x003f0000, ABSOLUTE, COMPRESSED[0x000030e0])

    Execution Region ER_IROM1 (Exec base: 0x08000000, Load base: 0x08000000, Size: 0x00003058, Max: 0x003f0000, ABSOLUTE)

    Exec Addr    Load Addr    Size         Type   Attr      Idx    E Section Name        Object

    0x08000000   0x08000000   0x0000020c   Data   RO          997    RESET               startup_at32f435_437.o
    0x0800020c   0x0800020c   0x00000008   Code   RO         2148  * !!!main             c_w.l(__main.o)
    0x08000214   0x08000214   0x00000034   Code   RO         2338    !!!scatter          c_w.l(__scatter.o)
    0x08000248   0x08000248   0x0000005a   Code   RO         2336    !!dczerorl2         c_w.l(__dczerorl2.o)
    0x080002a2   0x080002a2   0x00000002   PAD
    0x080002a4   0x080002a4   0x0000001c   Code   RO         2340    !!handler_zi        c_w.l(__scatter_zi.o)
    0x080002c0   0x080002c0   0x00000000   Code   RO         2141    .ARM.Collect$$_printf_percent$$00000000  c_w.l(_printf_percent.o)
    0x080002c0   0x080002c0   0x00000006   Code   RO         2140    .ARM.Collect$$_printf_percent$$0000000A  c_w.l(_printf_u.o)
    0x080002c6   0x080002c6   0x00000004   Code   RO         2161    .ARM.Collect$$_printf_percent$$00000017  c_w.l(_printf_percent_end.o)
    0x080002ca   0x080002ca   0x00000002   Code   RO         2216    .ARM.Collect$$libinit$$00000000  c_w.l(libinit.o)
    0x080002cc   0x080002cc   0x00000004   Code   RO         2228    .ARM.Collect$$libinit$$00000001  c_w.l(libinit2.o)
    0x080002d0   0x080002d0   0x00000000   Code   RO         2231    .ARM.Collect$$libinit$$00000004  c_w.l(libinit2.o)
    0x080002d0   0x080002d0   0x00000000   Code   RO         2234    .ARM.Collect$$libinit$$0000000A  c_w.l(libinit2.o)
    0x080002d0   0x080002d0   0x00000000   Code   RO         2236    .ARM.Collect$$libinit$$0000000C  c_w.l(libinit2.o)
    0x080002d0   0x080002d0   0x00000000   Code   RO         2238    .ARM.Collect$$libinit$$0000000E  c_w.l(libinit2.o)
    0x080002d0   0x080002d0   0x00000000   Code   RO         2241    .ARM.Collect$$libinit$$00000011  c_w.l(libinit2.o)
    0x080002d0   0x080002d0   0x00000000   Code   RO         2243    .ARM.Collect$$libinit$$00000013  c_w.l(libinit2.o)
    0x080002d0   0x080002d0   0x00000000   Code   RO         2245    .ARM.Collect$$libinit$$00000015  c_w.l(libinit2.o)
    0x080002d0   0x080002d0   0x00000000   Code   RO         2247    .ARM.Collect$$libinit$$00000017  c_w.l(libinit2.o)
    0x080002d0   0x080002d0   0x00000000   Code   RO         2249    .ARM.Collect$$libinit$$00000019  c_w.l(libinit2.o)
    0x080002d0   0x080002d0   0x00000000   Code   RO         2251    .ARM.Collect$$libinit$$0000001B  c_w.l(libinit2.o)
    0x080002d0   0x080002d0   0x00000000   Code   RO         2253    .ARM.Collect$$libinit$$0000001D  c_w.l(libinit2.o)
    0x080002d0   0x080002d0   0x00000000   Code   RO         2255    .ARM.Collect$$libinit$$0000001F  c_w.l(libinit2.o)
    0x080002d0   0x080002d0   0x00000000   Code   RO         2257    .ARM.Collect$$libinit$$00000021  c_w.l(libinit2.o)
    0x080002d0   0x080002d0   0x00000000   Code   RO         2259    .ARM.Collect$$libinit$$00000023  c_w.l(libinit2.o)
    0x080002d0   0x080002d0   0x00000000   Code   RO         2261    .ARM.Collect$$libinit$$00000025  c_w.l(libinit2.o)
    0x080002d0   0x080002d0   0x00000000   Code   RO         2265    .ARM.Collect$$libinit$$0000002C  c_w.l(libinit2.o)
    0x080002d0   0x080002d0   0x00000000   Code   RO         2267    .ARM.Collect$$libinit$$0000002E  c_w.l(libinit2.o)
    0x080002d0   0x080002d0   0x00000000   Code   RO         2269    .ARM.Collect$$libinit$$00000030  c_w.l(libinit2.o)
    0x080002d0   0x080002d0   0x00000000   Code   RO         2271    .ARM.Collect$$libinit$$00000032  c_w.l(libinit2.o)
    0x080002d0   0x080002d0   0x00000002   Code   RO         2272    .ARM.Collect$$libinit$$00000033  c_w.l(libinit2.o)
    0x080002d2   0x080002d2   0x00000002   Code   RO         2306    .ARM.Collect$$libshutdown$$00000000  c_w.l(libshutdown.o)
    0x080002d4   0x080002d4   0x00000000   Code   RO         2316    .ARM.Collect$$libshutdown$$00000002  c_w.l(libshutdown2.o)
    0x080002d4   0x080002d4   0x00000000   Code   RO         2318    .ARM.Collect$$libshutdown$$00000004  c_w.l(libshutdown2.o)
    0x080002d4   0x080002d4   0x00000000   Code   RO         2320    .ARM.Collect$$libshutdown$$00000006  c_w.l(libshutdown2.o)
    0x080002d4   0x080002d4   0x00000000   Code   RO         2323    .ARM.Collect$$libshutdown$$00000009  c_w.l(libshutdown2.o)
    0x080002d4   0x080002d4   0x00000000   Code   RO         2326    .ARM.Collect$$libshutdown$$0000000C  c_w.l(libshutdown2.o)
    0x080002d4   0x080002d4   0x00000000   Code   RO         2328    .ARM.Collect$$libshutdown$$0000000E  c_w.l(libshutdown2.o)
    0x080002d4   0x080002d4   0x00000000   Code   RO         2331    .ARM.Collect$$libshutdown$$00000011  c_w.l(libshutdown2.o)
    0x080002d4   0x080002d4   0x00000002   Code   RO         2332    .ARM.Collect$$libshutdown$$00000012  c_w.l(libshutdown2.o)
    0x080002d6   0x080002d6   0x00000000   Code   RO         2152    .ARM.Collect$$rtentry$$00000000  c_w.l(__rtentry.o)
    0x080002d6   0x080002d6   0x00000000   Code   RO         2169    .ARM.Collect$$rtentry$$00000002  c_w.l(__rtentry2.o)
    0x080002d6   0x080002d6   0x00000006   Code   RO         2181    .ARM.Collect$$rtentry$$00000004  c_w.l(__rtentry4.o)
    0x080002dc   0x080002dc   0x00000000   Code   RO         2171    .ARM.Collect$$rtentry$$00000009  c_w.l(__rtentry2.o)
    0x080002dc   0x080002dc   0x00000004   Code   RO         2172    .ARM.Collect$$rtentry$$0000000A  c_w.l(__rtentry2.o)
    0x080002e0   0x080002e0   0x00000000   Code   RO         2174    .ARM.Collect$$rtentry$$0000000C  c_w.l(__rtentry2.o)
    0x080002e0   0x080002e0   0x00000008   Code   RO         2175    .ARM.Collect$$rtentry$$0000000D  c_w.l(__rtentry2.o)
    0x080002e8   0x080002e8   0x00000002   Code   RO         2220    .ARM.Collect$$rtexit$$00000000  c_w.l(rtexit.o)
    0x080002ea   0x080002ea   0x00000000   Code   RO         2274    .ARM.Collect$$rtexit$$00000002  c_w.l(rtexit2.o)
    0x080002ea   0x080002ea   0x00000004   Code   RO         2275    .ARM.Collect$$rtexit$$00000003  c_w.l(rtexit2.o)
    0x080002ee   0x080002ee   0x00000006   Code   RO         2276    .ARM.Collect$$rtexit$$00000004  c_w.l(rtexit2.o)
    0x080002f4   0x080002f4   0x00000040   Code   RO          998    .text               startup_at32f435_437.o
    0x08000334   0x08000334   0x00000002   Code   RO         2108    .text               c_w.l(use_no_semi_2.o)
    0x08000336   0x08000336   0x000000ee   Code   RO         2110    .text               c_w.l(lludivv7m.o)
    0x08000424   0x08000424   0x00000018   Code   RO         2114    .text               c_w.l(noretval__2printf.o)
    0x0800043c   0x0800043c   0x00000068   Code   RO         2116    .text               c_w.l(__printf.o)
    0x080004a4   0x080004a4   0x00000078   Code   RO         2118    .text               c_w.l(_printf_dec.o)
    0x0800051c   0x0800051c   0x00000080   Code   RO         2142    .text               c_w.l(assert.o)
    0x0800059c   0x0800059c   0x0000008a   Code   RO         2144    .text               c_w.l(rt_memcpy_v6.o)
    0x08000626   0x08000626   0x00000006   Code   RO         2146    .text               c_w.l(heapauxi.o)
    0x0800062c   0x0800062c   0x00000002   Code   RO         2150    .text               c_w.l(use_no_semi.o)
    0x0800062e   0x0800062e   0x000000b2   Code   RO         2157    .text               c_w.l(_printf_intcommon.o)
    0x080006e0   0x080006e0   0x00000024   Code   RO         2159    .text               c_w.l(_printf_char_file.o)
    0x08000704   0x08000704   0x00000016   Code   RO         2162    .text               c_w.l(abort.o)
    0x0800071a   0x0800071a   0x00000014   Code   RO         2164    .text               c_w.l(assert_puts.o)
    0x0800072e   0x0800072e   0x00000064   Code   RO         2166    .text               c_w.l(rt_memcpy_w.o)
    0x08000792   0x08000792   0x00000002   PAD
    0x08000794   0x08000794   0x00000030   Code   RO         2185    .text               c_w.l(_printf_char_common.o)
    0x080007c4   0x080007c4   0x00000008   Code   RO         2187    .text               c_w.l(ferror.o)
    0x080007cc   0x080007cc   0x0000000e   Code   RO         2191    .text               c_w.l(defsig_abrt_outer.o)
    0x080007da   0x080007da   0x0000004a   Code   RO         2195    .text               c_w.l(sys_stackheap_outer.o)
    0x08000824   0x08000824   0x00000012   Code   RO         2201    .text               c_w.l(exit.o)
    0x08000836   0x08000836   0x0000000a   Code   RO         2203    .text               c_w.l(defsig_exit.o)
    0x08000840   0x08000840   0x00000030   Code   RO         2205    .text               c_w.l(defsig_abrt_inner.o)
    0x08000870   0x08000870   0x00000008   Code   RO         2217    .text               c_w.l(libspace.o)
    0x08000878   0x08000878   0x00000032   Code   RO         2224    .text               c_w.l(defsig_general.o)
    0x080008aa   0x080008aa   0x00000004   Code   RO          150    i.BusFault_Handler  at32f435_437_int.o
    0x080008ae   0x080008ae   0x00000002   Code   RO          151    i.DebugMon_Handler  at32f435_437_int.o
    0x080008b0   0x080008b0   0x00000004   Code   RO          152    i.HardFault_Handler  at32f435_437_int.o
    0x080008b4   0x080008b4   0x00000004   Code   RO          153    i.MemManage_Handler  at32f435_437_int.o
    0x080008b8   0x080008b8   0x00000002   Code   RO          154    i.NMI_Handler       at32f435_437_int.o
    0x080008ba   0x080008ba   0x00000002   Code   RO          155    i.PendSV_Handler    at32f435_437_int.o
    0x080008bc   0x080008bc   0x00000002   Code   RO          156    i.SVC_Handler       at32f435_437_int.o
    0x080008be   0x080008be   0x00000002   Code   RO          157    i.SysTick_Handler   at32f435_437_int.o
    0x080008c0   0x080008c0   0x00000090   Code   RO          961    i.SystemInit        system_at32f435_437.o
    0x08000950   0x08000950   0x0000001a   Code   RO          914    i.TMR2_GLOBAL_IRQHandler  porttimer.o
    0x0800096a   0x0800096a   0x00000008   Code   RO          833    i.USART2_IRQHandler  portserial.o
    0x08000972   0x08000972   0x00000008   Code   RO          834    i.USART3_IRQHandler  portserial.o
    0x0800097a   0x0800097a   0x00000004   Code   RO          158    i.UsageFault_Handler  at32f435_437_int.o
    0x0800097e   0x0800097e   0x00000002   PAD
    0x08000980   0x08000980   0x0000001c   Code   RO          835    i.__NVIC_ClearPendingIRQ  portserial.o
    0x0800099c   0x0800099c   0x00000004   Code   RO         1005    i._sys_exit         at32f435_437_board.o
    0x080009a0   0x080009a0   0x00000004   Code   RO         1006    i._ttywrch          at32f435_437_board.o
    0x080009a4   0x080009a4   0x00000030   Code   RO         1007    i.at32_board_init   at32f435_437_board.o
    0x080009d4   0x080009d4   0x0000003c   Code   RO         1008    i.at32_button_init  at32f435_437_board.o
    0x08000a10   0x08000a10   0x00000050   Code   RO         1011    i.at32_led_init     at32f435_437_board.o
    0x08000a60   0x08000a60   0x00000028   Code   RO         1012    i.at32_led_off      at32f435_437_board.o
    0x08000a88   0x08000a88   0x00000014   Code   RO         1126    i.crm_ahb_div_set   at32f435_437_crm.o
    0x08000a9c   0x08000a9c   0x00000014   Code   RO         1127    i.crm_apb1_div_set  at32f435_437_crm.o
    0x08000ab0   0x08000ab0   0x00000014   Code   RO         1128    i.crm_apb2_div_set  at32f435_437_crm.o
    0x08000ac4   0x08000ac4   0x00000028   Code   RO         1129    i.crm_auto_step_mode_enable  at32f435_437_crm.o
    0x08000aec   0x08000aec   0x00000068   Code   RO         1136    i.crm_clock_source_enable  at32f435_437_crm.o
    0x08000b54   0x08000b54   0x00000110   Code   RO         1137    i.crm_clocks_freq_get  at32f435_437_crm.o
    0x08000c64   0x08000c64   0x00000030   Code   RO         1142    i.crm_flag_get      at32f435_437_crm.o
    0x08000c94   0x08000c94   0x0000002e   Code   RO         1144    i.crm_hext_stable_wait  at32f435_437_crm.o
    0x08000cc2   0x08000cc2   0x00000002   PAD
    0x08000cc4   0x08000cc4   0x0000004c   Code   RO         1151    i.crm_periph_clock_enable  at32f435_437_crm.o
    0x08000d10   0x08000d10   0x00000034   Code   RO         1154    i.crm_pll_config    at32f435_437_crm.o
    0x08000d44   0x08000d44   0x00000078   Code   RO         1156    i.crm_reset         at32f435_437_crm.o
    0x08000dbc   0x08000dbc   0x00000014   Code   RO         1157    i.crm_sysclk_switch  at32f435_437_crm.o
    0x08000dd0   0x08000dd0   0x00000010   Code   RO         1158    i.crm_sysclk_switch_status_get  at32f435_437_crm.o
    0x08000de0   0x08000de0   0x00000038   Code   RO         1015    i.delay_init        at32f435_437_board.o
    0x08000e18   0x08000e18   0x00000044   Code   RO          328    i.eMBASCIIInit      mbascii.o
    0x08000e5c   0x08000e5c   0x000000a8   Code   RO          329    i.eMBASCIIReceive   mbascii.o
    0x08000f04   0x08000f04   0x00000080   Code   RO          330    i.eMBASCIISend      mbascii.o
    0x08000f84   0x08000f84   0x00000020   Code   RO          331    i.eMBASCIIStart     mbascii.o
    0x08000fa4   0x08000fa4   0x00000014   Code   RO          332    i.eMBASCIIStop      mbascii.o
    0x08000fb8   0x08000fb8   0x00000028   Code   RO          734    i.eMBEnable         mb.o
    0x08000fe0   0x08000fe0   0x000000ae   Code   RO          434    i.eMBFuncReadCoils  mbfunccoils.o
    0x0800108e   0x0800108e   0x000000ac   Code   RO          473    i.eMBFuncReadDiscreteInputs  mbfuncdisc.o
    0x0800113a   0x0800113a   0x0000008c   Code   RO          497    i.eMBFuncReadHoldingRegister  mbfuncholding.o
    0x080011c6   0x080011c6   0x0000008c   Code   RO          539    i.eMBFuncReadInputRegister  mbfuncinput.o
    0x08001252   0x08001252   0x000000d4   Code   RO          498    i.eMBFuncReadWriteMultipleHoldingRegister  mbfuncholding.o
    0x08001326   0x08001326   0x00000002   PAD
    0x08001328   0x08001328   0x00000028   Code   RO          563    i.eMBFuncReportSlaveID  mbfuncother.o
    0x08001350   0x08001350   0x00000070   Code   RO          435    i.eMBFuncWriteCoil  mbfunccoils.o
    0x080013c0   0x080013c0   0x00000042   Code   RO          499    i.eMBFuncWriteHoldingRegister  mbfuncholding.o
    0x08001402   0x08001402   0x00000090   Code   RO          436    i.eMBFuncWriteMultipleCoils  mbfunccoils.o
    0x08001492   0x08001492   0x0000006e   Code   RO          500    i.eMBFuncWriteMultipleHoldingRegister  mbfuncholding.o
    0x08001500   0x08001500   0x00000144   Code   RO          735    i.eMBInit           mb.o
    0x08001644   0x08001644   0x00000138   Code   RO          736    i.eMBPoll           mb.o
    0x0800177c   0x0800177c   0x00000054   Code   RO          658    i.eMBRTUInit        mbrtu.o
    0x080017d0   0x080017d0   0x000000a8   Code   RO          659    i.eMBRTUReceive     mbrtu.o
    0x08001878   0x08001878   0x0000008c   Code   RO          660    i.eMBRTUSend        mbrtu.o
    0x08001904   0x08001904   0x00000020   Code   RO          661    i.eMBRTUStart       mbrtu.o
    0x08001924   0x08001924   0x00000014   Code   RO          662    i.eMBRTUStop        mbrtu.o
    0x08001938   0x08001938   0x00000098   Code   RO          278    i.eMBRegCoilsCB     mbtask.o
    0x080019d0   0x080019d0   0x00000060   Code   RO          279    i.eMBRegDiscreteCB  mbtask.o
    0x08001a30   0x08001a30   0x0000007c   Code   RO          280    i.eMBRegHoldingCB   mbtask.o
    0x08001aac   0x08001aac   0x00000048   Code   RO          281    i.eMBRegInputCB     mbtask.o
    0x08001af4   0x08001af4   0x00000024   Code   RO         1019    i.fputc             at32f435_437_board.o
    0x08001b18   0x08001b18   0x00000014   Code   RO         1358    i.gpio_default_para_init  at32f435_437_gpio.o
    0x08001b2c   0x08001b2c   0x0000007a   Code   RO         1359    i.gpio_init         at32f435_437_gpio.o
    0x08001ba6   0x08001ba6   0x00000042   Code   RO         1364    i.gpio_pin_mux_config  at32f435_437_gpio.o
    0x08001be8   0x08001be8   0x00000038   Code   RO          225    i.main              main.o
    0x08001c20   0x08001c20   0x000000fc   Code   RO          282    i.modbus_task       mbtask.o
    0x08001d1c   0x08001d1c   0x0000002c   Code   RO         2045    i.nvic_irq_disable  at32f435_437_misc.o
    0x08001d48   0x08001d48   0x000000c8   Code   RO         2046    i.nvic_irq_enable   at32f435_437_misc.o
    0x08001e10   0x08001e10   0x00000022   Code   RO          596    i.prveMBError2Exception  mbutils.o
    0x08001e32   0x08001e32   0x00000002   PAD
    0x08001e34   0x08001e34   0x0000004c   Code   RO          333    i.prvucMBBIN2CHAR   mbascii.o
    0x08001e80   0x08001e80   0x00000026   Code   RO          334    i.prvucMBCHAR2BIN   mbascii.o
    0x08001ea6   0x08001ea6   0x00000020   Code   RO          335    i.prvucMBLRC        mbascii.o
    0x08001ec6   0x08001ec6   0x00000002   PAD
    0x08001ec8   0x08001ec8   0x00000010   Code   RO          915    i.prvvTIMERExpiredISR  porttimer.o
    0x08001ed8   0x08001ed8   0x00000010   Code   RO          836    i.prvvUARTRxISR     portserial.o
    0x08001ee8   0x08001ee8   0x00000010   Code   RO          837    i.prvvUARTTxReadyISR  portserial.o
    0x08001ef8   0x08001ef8   0x0000009c   Code   RO            4    i.system_clock_config  at32f435_437_clock.o
    0x08001f94   0x08001f94   0x000000f0   Code   RO          962    i.system_core_clock_update  system_at32f435_437.o
    0x08002084   0x08002084   0x00000028   Code   RO         2051    i.systick_clock_source_config  at32f435_437_misc.o
    0x080020ac   0x080020ac   0x00000010   Code   RO         1458    i.tmr_base_init     at32f435_437_tmr.o
    0x080020bc   0x080020bc   0x0000000a   Code   RO         1468    i.tmr_cnt_dir_set   at32f435_437_tmr.o
    0x080020c6   0x080020c6   0x0000000a   Code   RO         1469    i.tmr_counter_enable  at32f435_437_tmr.o
    0x080020d0   0x080020d0   0x00000004   Code   RO         1471    i.tmr_counter_value_set  at32f435_437_tmr.o
    0x080020d4   0x080020d4   0x00000006   Code   RO         1481    i.tmr_flag_clear    at32f435_437_tmr.o
    0x080020da   0x080020da   0x00000012   Code   RO         1482    i.tmr_flag_get      at32f435_437_tmr.o
    0x080020ec   0x080020ec   0x00000016   Code   RO         1490    i.tmr_interrupt_enable  at32f435_437_tmr.o
    0x08002102   0x08002102   0x00000002   PAD
    0x08002104   0x08002104   0x00000074   Code   RO         1020    i.uart_print_init   at32f435_437_board.o
    0x08002178   0x08002178   0x00000038   Code   RO          632    i.usMBCRC16         mbcrc.o
    0x080021b0   0x080021b0   0x00000008   Code   RO         1827    i.usart_data_receive  at32f435_437_usart.o
    0x080021b8   0x080021b8   0x00000008   Code   RO         1828    i.usart_data_transmit  at32f435_437_usart.o
    0x080021c0   0x080021c0   0x0000000a   Code   RO         1829    i.usart_de_polarity_set  at32f435_437_usart.o
    0x080021ca   0x080021ca   0x0000000a   Code   RO         1832    i.usart_enable      at32f435_437_usart.o
    0x080021d4   0x080021d4   0x00000010   Code   RO         1834    i.usart_flag_get    at32f435_437_usart.o
    0x080021e4   0x080021e4   0x000000ac   Code   RO         1837    i.usart_init        at32f435_437_usart.o
    0x08002290   0x08002290   0x00000036   Code   RO         1838    i.usart_interrupt_enable  at32f435_437_usart.o
    0x080022c6   0x080022c6   0x0000004c   Code   RO         1843    i.usart_parity_selection_config  at32f435_437_usart.o
    0x08002312   0x08002312   0x0000000a   Code   RO         1844    i.usart_receiver_enable  at32f435_437_usart.o
    0x0800231c   0x0800231c   0x00000012   Code   RO         1847    i.usart_rs485_delay_time_config  at32f435_437_usart.o
    0x0800232e   0x0800232e   0x0000000a   Code   RO         1848    i.usart_rs485_mode_enable  at32f435_437_usart.o
    0x08002338   0x08002338   0x0000000a   Code   RO         1854    i.usart_transmitter_enable  at32f435_437_usart.o
    0x08002342   0x08002342   0x00000002   PAD
    0x08002344   0x08002344   0x00000050   Code   RO          838    i.vMBPortSerialEnable  portserial.o
    0x08002394   0x08002394   0x0000002a   Code   RO          916    i.vMBPortTimersDisable  porttimer.o
    0x080023be   0x080023be   0x00000028   Code   RO          917    i.vMBPortTimersEnable  porttimer.o
    0x080023e6   0x080023e6   0x00000002   PAD
    0x080023e8   0x080023e8   0x00000044   Code   RO          839    i.vUSARTHandler     portserial.o
    0x0800242c   0x0800242c   0x00000180   Code   RO          336    i.xMBASCIIReceiveFSM  mbascii.o
    0x080025ac   0x080025ac   0x00000068   Code   RO          337    i.xMBASCIITimerT1SExpired  mbascii.o
    0x08002614   0x08002614   0x00000140   Code   RO          338    i.xMBASCIITransmitFSM  mbascii.o
    0x08002754   0x08002754   0x00000024   Code   RO          795    i.xMBPortEventGet   portevent.o
    0x08002778   0x08002778   0x00000010   Code   RO          796    i.xMBPortEventInit  portevent.o
    0x08002788   0x08002788   0x00000018   Code   RO          797    i.xMBPortEventPost  portevent.o
    0x080027a0   0x080027a0   0x00000018   Code   RO          840    i.xMBPortSerialGetByte  portserial.o
    0x080027b8   0x080027b8   0x0000022c   Code   RO          841    i.xMBPortSerialInit  portserial.o
    0x080029e4   0x080029e4   0x00000018   Code   RO          842    i.xMBPortSerialPutByte  portserial.o
    0x080029fc   0x080029fc   0x00000080   Code   RO          918    i.xMBPortTimersInit  porttimer.o
    0x08002a7c   0x08002a7c   0x000000d0   Code   RO          663    i.xMBRTUReceiveFSM  mbrtu.o
    0x08002b4c   0x08002b4c   0x00000080   Code   RO          664    i.xMBRTUTimerT35Expired  mbrtu.o
    0x08002bcc   0x08002bcc   0x000000b8   Code   RO          665    i.xMBRTUTransmitFSM  mbrtu.o
    0x08002c84   0x08002c84   0x0000002a   Code   RO          597    i.xMBUtilGetBits    mbutils.o
    0x08002cae   0x08002cae   0x00000002   PAD
    0x08002cb0   0x08002cb0   0x00000098   Code   RO          598    i.xMBUtilSetBits    mbutils.o
    0x08002d48   0x08002d48   0x0000000a   Code   RO         2284    x$fpl$fpinit        fz_wm.l(fpinit.o)
    0x08002d52   0x08002d52   0x00000200   Data   RO          633    .constdata          mbcrc.o
    0x08002f52   0x08002f52   0x00000016   Data   RO          963    .constdata          system_at32f435_437.o
    0x08002f68   0x08002f68   0x00000026   Data   RO         1161    .constdata          at32f435_437_crm.o
    0x08002f8e   0x08002f8e   0x00000002   PAD
    0x08002f90   0x08002f90   0x00000044   Data   RO          339    .conststring        mbascii.o
    0x08002fd4   0x08002fd4   0x00000063   Data   RO          667    .conststring        mbrtu.o
    0x08003037   0x08003037   0x00000001   PAD
    0x08003038   0x08003038   0x00000020   Data   RO         2334    Region$$Table       anon$$obj.o


    Execution Region RW_IRAM1 (Exec base: 0x20000000, Load base: 0x08003058, Size: 0x000008e8, Max: 0x00060000, ABSOLUTE, COMPRESSED[0x00000088])

    Exec Addr    Load Addr    Size         Type   Attr      Idx    E Section Name        Object

    0x20000000   COMPRESSED   0x00000048   Data   RW          283    .data               mbtask.o
    0x20000048   COMPRESSED   0x00000014   Data   RW          340    .data               mbascii.o
    0x2000005c   COMPRESSED   0x00000002   Data   RW          566    .data               mbfuncother.o
    0x2000005e   COMPRESSED   0x00000002   PAD
    0x20000060   COMPRESSED   0x0000000c   Data   RW          668    .data               mbrtu.o
    0x2000006c   COMPRESSED   0x000000b5   Data   RW          738    .data               mb.o
    0x20000121   COMPRESSED   0x00000002   Data   RW          798    .data               portevent.o
    0x20000123   COMPRESSED   0x00000001   PAD
    0x20000124   COMPRESSED   0x0000000c   Data   RW          843    .data               portserial.o
    0x20000130   COMPRESSED   0x00000004   Data   RW          964    .data               system_at32f435_437.o
    0x20000134   COMPRESSED   0x0000002d   Data   RW         1021    .data               at32f435_437_board.o
    0x20000161   COMPRESSED   0x00000003   PAD
    0x20000164        -       0x00000020   Zero   RW          565    .bss                mbfuncother.o
    0x20000184        -       0x00000100   Zero   RW          666    .bss                mbrtu.o
    0x20000284        -       0x00000060   Zero   RW         2218    .bss                c_w.l(libspace.o)
    0x200002e4   COMPRESSED   0x00000004   PAD
    0x200002e8        -       0x00000200   Zero   RW          996    HEAP                startup_at32f435_437.o
    0x200004e8        -       0x00000400   Zero   RW          995    STACK               startup_at32f435_437.o


==============================================================================

Image component sizes


      Code (inc. data)   RO Data    RW Data    ZI Data      Debug   Object Name

       444         60          0         45          0       8916   at32f435_437_board.o
       156         12          0          0          0      55950   at32f435_437_clock.o
       854        108         38          0          0       9884   at32f435_437_crm.o
       208          0          0          0          0       2803   at32f435_437_gpio.o
        26          0          0          0          0       4934   at32f435_437_int.o
       284         16          0          0          0      33002   at32f435_437_misc.o
        86          0          0          0          0       5402   at32f435_437_tmr.o
       402         10          0          0          0       9342   at32f435_437_usart.o
        56         26          0          0          0       5328   main.o
       676        154          0        181          0       4632   mb.o
      1370        340         68         20          0      10207   mbascii.o
        56          8        512          0          0       1436   mbcrc.o
       430          0          0          0          0       4134   mbfunccoils.o
       172          0          0          0          0       1752   mbfuncdisc.o
       528          0          0          0          0       5471   mbfuncholding.o
       140          0          0          0          0       1703   mbfuncinput.o
        40         10          0          2         32       1595   mbfuncother.o
       964        272         99         12        256       7111   mbrtu.o
       696        196          0         72          0       5027   mbtask.o
       228         48          0          0          0       2998   mbutils.o
        76         24          0          2          0       2568   portevent.o
       828         70          0         12          0      37611   portserial.o
       252         16          0          0          0       3234   porttimer.o
        64         26        524          0       1536       1016   startup_at32f435_437.o
       384         42         22          4          0       2624   system_at32f435_437.o

    ----------------------------------------------------------------------
      9438       1438       1298        356       1824     228680   Object Totals
         0          0         32          0          0          0   (incl. Generated)
        18          0          3          6          0          0   (incl. Padding)

    ----------------------------------------------------------------------

      Code (inc. data)   RO Data    RW Data    ZI Data      Debug   Library Member Name

        90          0          0          0          0          0   __dczerorl2.o
         8          0          0          0          0         68   __main.o
       104          0          0          0          0         84   __printf.o
         0          0          0          0          0          0   __rtentry.o
        12          0          0          0          0          0   __rtentry2.o
         6          0          0          0          0          0   __rtentry4.o
        52          8          0          0          0          0   __scatter.o
        28          0          0          0          0          0   __scatter_zi.o
        48          6          0          0          0         96   _printf_char_common.o
        36          4          0          0          0         80   _printf_char_file.o
       120         16          0          0          0         92   _printf_dec.o
       178          0          0          0          0         88   _printf_intcommon.o
         0          0          0          0          0          0   _printf_percent.o
         4          0          0          0          0          0   _printf_percent_end.o
         6          0          0          0          0          0   _printf_u.o
        22          0          0          0          0         80   abort.o
       128         42          0          0          0         76   assert.o
        20          0          0          0          0         76   assert_puts.o
        48         34          0          0          0         76   defsig_abrt_inner.o
        14          0          0          0          0         80   defsig_abrt_outer.o
        10          0          0          0          0         68   defsig_exit.o
        50          0          0          0          0         88   defsig_general.o
        18          0          0          0          0         80   exit.o
         8          0          0          0          0         68   ferror.o
         6          0          0          0          0        152   heapauxi.o
         2          0          0          0          0          0   libinit.o
         6          0          0          0          0          0   libinit2.o
         2          0          0          0          0          0   libshutdown.o
         2          0          0          0          0          0   libshutdown2.o
         8          4          0          0         96         68   libspace.o
       238          0          0          0          0        100   lludivv7m.o
        24          4          0          0          0         84   noretval__2printf.o
       138          0          0          0          0         68   rt_memcpy_v6.o
       100          0          0          0          0         80   rt_memcpy_w.o
         2          0          0          0          0          0   rtexit.o
        10          0          0          0          0          0   rtexit2.o
        74          0          0          0          0         80   sys_stackheap_outer.o
         2          0          0          0          0         68   use_no_semi.o
         2          0          0          0          0         68   use_no_semi_2.o
        10          0          0          0          0        116   fpinit.o

    ----------------------------------------------------------------------
      1640        118          0          0        100       2084   Library Totals
         4          0          0          0          4          0   (incl. Padding)

    ----------------------------------------------------------------------

      Code (inc. data)   RO Data    RW Data    ZI Data      Debug   Library Name

      1626        118          0          0         96       1968   c_w.l
        10          0          0          0          0        116   fz_wm.l

    ----------------------------------------------------------------------
      1640        118          0          0        100       2084   Library Totals

    ----------------------------------------------------------------------

==============================================================================


      Code (inc. data)   RO Data    RW Data    ZI Data      Debug   

     11078       1556       1298        356       1924     218424   Grand Totals
     11078       1556       1298        136       1924     218424   ELF Image Totals (compressed)
     11078       1556       1298        136          0          0   ROM Totals

==============================================================================

    Total RO  Size (Code + RO Data)                12376 (  12.09kB)
    Total RW  Size (RW Data + ZI Data)              2280 (   2.23kB)
    Total ROM Size (Code + RO Data + RW Data)      12512 (  12.22kB)

==============================================================================

